Component: ARM Compiler 6.10.1 Tool: armlink [5d142800]

==============================================================================

Section Cross References

    startup_stm32f407xx.o(RESET) refers to startup_stm32f407xx.o(STACK) for __initial_sp
    startup_stm32f407xx.o(RESET) refers to startup_stm32f407xx.o(.text) for Reset_Handler
    startup_stm32f407xx.o(RESET) refers to stm32f4xx_it.o(.text.NMI_Handler) for NMI_Handler
    startup_stm32f407xx.o(RESET) refers to stm32f4xx_it.o(.text.HardFault_Handler) for HardFault_Handler
    startup_stm32f407xx.o(RESET) refers to stm32f4xx_it.o(.text.MemManage_Handler) for MemManage_Handler
    startup_stm32f407xx.o(RESET) refers to stm32f4xx_it.o(.text.BusFault_Handler) for BusFault_Handler
    startup_stm32f407xx.o(RESET) refers to stm32f4xx_it.o(.text.UsageFault_Handler) for UsageFault_Handler
    startup_stm32f407xx.o(RESET) refers to stm32f4xx_it.o(.text.SVC_Handler) for SVC_Handler
    startup_stm32f407xx.o(RESET) refers to stm32f4xx_it.o(.text.DebugMon_Handler) for DebugMon_Handler
    startup_stm32f407xx.o(RESET) refers to stm32f4xx_it.o(.text.PendSV_Handler) for PendSV_Handler
    startup_stm32f407xx.o(RESET) refers to stm32f4xx_it.o(.text.SysTick_Handler) for SysTick_Handler
    startup_stm32f407xx.o(RESET) refers to stm32f4xx_it.o(.text.EXTI0_IRQHandler) for EXTI0_IRQHandler
    startup_stm32f407xx.o(RESET) refers to stm32f4xx_it.o(.text.USART3_IRQHandler) for USART3_IRQHandler
    startup_stm32f407xx.o(RESET) refers to stm32f4xx_it.o(.text.EXTI15_10_IRQHandler) for EXTI15_10_IRQHandler
    startup_stm32f407xx.o(RESET) refers to stm32f4xx_it.o(.text.TIM8_TRG_COM_TIM14_IRQHandler) for TIM8_TRG_COM_TIM14_IRQHandler
    startup_stm32f407xx.o(RESET) refers to stm32f4xx_it.o(.text.OTG_FS_IRQHandler) for OTG_FS_IRQHandler
    startup_stm32f407xx.o(.text) refers to system_stm32f4xx.o(.text.SystemInit) for SystemInit
    startup_stm32f407xx.o(.text) refers to entry.o(.ARM.Collect$$$$00000000) for __main
    at45db.o(.text.at45db_wait_cplt) refers to at45db.o(.text.at45db_isrdy) for at45db_isrdy
    at45db.o(.ARM.exidx.text.at45db_wait_cplt) refers to at45db.o(.text.at45db_wait_cplt) for [Anonymous Symbol]
    at45db.o(.text.at45db_isrdy) refers to at45db.o(.text.at45db_send_cmd) for at45db_send_cmd
    at45db.o(.ARM.exidx.text.at45db_isrdy) refers to at45db.o(.text.at45db_isrdy) for [Anonymous Symbol]
    at45db.o(.text.at45db_init) refers to at45db.o(.text.at45db_rstn_set) for at45db_rstn_set
    at45db.o(.text.at45db_init) refers to at45db.o(.text.at45db_wpn_set) for at45db_wpn_set
    at45db.o(.text.at45db_init) refers to at45db.o(.text.at45db_csn_set) for at45db_csn_set
    at45db.o(.text.at45db_init) refers to spi.o(.bss.hspi2) for hspi2
    at45db.o(.text.at45db_init) refers to at45db.o(.text.at45db_getid) for at45db_getid
    at45db.o(.text.at45db_init) refers to at45db.o(.text.at45db_getstatus) for at45db_getstatus
    at45db.o(.text.at45db_init) refers to at45db.o(.text.at45db_wait_cplt) for at45db_wait_cplt
    at45db.o(.ARM.exidx.text.at45db_init) refers to at45db.o(.text.at45db_init) for [Anonymous Symbol]
    at45db.o(.text.at45db_rstn_set) refers to stm32f4xx_hal_gpio.o(.text.HAL_GPIO_WritePin) for HAL_GPIO_WritePin
    at45db.o(.ARM.exidx.text.at45db_rstn_set) refers to at45db.o(.text.at45db_rstn_set) for [Anonymous Symbol]
    at45db.o(.text.at45db_wpn_set) refers to stm32f4xx_hal_gpio.o(.text.HAL_GPIO_WritePin) for HAL_GPIO_WritePin
    at45db.o(.ARM.exidx.text.at45db_wpn_set) refers to at45db.o(.text.at45db_wpn_set) for [Anonymous Symbol]
    at45db.o(.text.at45db_csn_set) refers to stm32f4xx_hal_gpio.o(.text.HAL_GPIO_WritePin) for HAL_GPIO_WritePin
    at45db.o(.ARM.exidx.text.at45db_csn_set) refers to at45db.o(.text.at45db_csn_set) for [Anonymous Symbol]
    at45db.o(.text.at45db_getid) refers to at45db.o(.text.at45db_send_cmd) for at45db_send_cmd
    at45db.o(.ARM.exidx.text.at45db_getid) refers to at45db.o(.text.at45db_getid) for [Anonymous Symbol]
    at45db.o(.text.at45db_getstatus) refers to at45db.o(.text.at45db_send_cmd) for at45db_send_cmd
    at45db.o(.ARM.exidx.text.at45db_getstatus) refers to at45db.o(.text.at45db_getstatus) for [Anonymous Symbol]
    at45db.o(.text.at45db_send_cmd) refers to memcpya.o(.text) for __aeabi_memcpy
    at45db.o(.text.at45db_send_cmd) refers to at45db.o(.text.at45db_csn_reset) for at45db_csn_reset
    at45db.o(.text.at45db_send_cmd) refers to stm32f4xx_hal_spi.o(.text.HAL_SPI_Transmit) for HAL_SPI_Transmit
    at45db.o(.text.at45db_send_cmd) refers to stm32f4xx_hal_spi.o(.text.HAL_SPI_Receive) for HAL_SPI_Receive
    at45db.o(.text.at45db_send_cmd) refers to stm32f4xx_hal_spi.o(.text.HAL_SPI_TransmitReceive) for HAL_SPI_TransmitReceive
    at45db.o(.text.at45db_send_cmd) refers to at45db.o(.text.at45db_csn_set) for at45db_csn_set
    at45db.o(.ARM.exidx.text.at45db_send_cmd) refers to at45db.o(.text.at45db_send_cmd) for [Anonymous Symbol]
[...]
    mpu9250_readBytes                        0x0800d5b9   Thumb Code   162  mpu9250.o(.text.mpu9250_readBytes)
    mpu9250_readGyroData                     0x0800d65d   Thumb Code    82  mpu9250.o(.text.mpu9250_readGyroData)
    mpu9250_readMagData                      0x0800d6b1   Thumb Code   118  mpu9250.o(.text.mpu9250_readMagData)
    mpu9250_readTempData                     0x0800d729   Thumb Code    36  mpu9250.o(.text.mpu9250_readTempData)
    nmea_getmessage                          0x0800d74d   Thumb Code   440  gnss_utils.o(.text.nmea_getmessage)
    nrf_clear_interrupts                     0x0800d9a5   Thumb Code    72  nrf24l01.o(.text.nrf_clear_interrupts)
    nrf_enable_crc                           0x0800d9ed   Thumb Code   120  nrf24l01.o(.text.nrf_enable_crc)
    nrf_enable_max_retransmit_irq            0x0800da65   Thumb Code   120  nrf24l01.o(.text.nrf_enable_max_retransmit_irq)
    nrf_enable_rx_data_ready_irq             0x0800dadd   Thumb Code   120  nrf24l01.o(.text.nrf_enable_rx_data_ready_irq)
    nrf_enable_tx_data_sent_irq              0x0800db55   Thumb Code   120  nrf24l01.o(.text.nrf_enable_tx_data_sent_irq)
    nrf_flush_rx                             0x0800dbcd   Thumb Code    56  nrf24l01.o(.text.nrf_flush_rx)
    nrf_flush_tx                             0x0800dc05   Thumb Code    56  nrf24l01.o(.text.nrf_flush_tx)
    nrf_init                                 0x0800dc3d   Thumb Code  1458  nrf24l01.o(.text.nrf_init)
    nrf_irq_handler                          0x0800e1f1   Thumb Code   392  nrf24l01.o(.text.nrf_irq_handler)
    nrf_packet_received_callback             0x0800e379   Thumb Code    26  nrf24l01.o(.text.nrf_packet_received_callback)
    nrf_power_up                             0x0800e395   Thumb Code   120  nrf24l01.o(.text.nrf_power_up)
    nrf_read_register                        0x0800e40d   Thumb Code    68  nrf24l01.o(.text.nrf_read_register)
    nrf_read_rx_payload                      0x0800e451   Thumb Code   114  nrf24l01.o(.text.nrf_read_rx_payload)
    nrf_rx_tx_control                        0x0800e4c5   Thumb Code   130  nrf24l01.o(.text.nrf_rx_tx_control)
    nrf_send_command                         0x0800e549   Thumb Code   156  nrf24l01.o(.text.nrf_send_command)
    nrf_send_packet                          0x0800e5e5   Thumb Code   100  nrf24l01.o(.text.nrf_send_packet)
    nrf_set_address_width                    0x0800e649   Thumb Code    80  nrf24l01.o(.text.nrf_set_address_width)
    nrf_set_auto_ack                         0x0800e699   Thumb Code   152  nrf24l01.o(.text.nrf_set_auto_ack)
    nrf_set_crc_width                        0x0800e731   Thumb Code   134  nrf24l01.o(.text.nrf_set_crc_width)
    nrf_set_data_rate                        0x0800e7b9   Thumb Code   182  nrf24l01.o(.text.nrf_set_data_rate)
    nrf_set_feature                          0x0800e871   Thumb Code   210  nrf24l01.o(.text.nrf_set_feature)
    nrf_set_pipe_address                     0x0800e945   Thumb Code   468  nrf24l01.o(.text.nrf_set_pipe_address)
    nrf_set_pipe_dyn_payload                 0x0800eb19   Thumb Code   244  nrf24l01.o(.text.nrf_set_pipe_dyn_payload)
    nrf_set_retransmit_count                 0x0800ec0d   Thumb Code   142  nrf24l01.o(.text.nrf_set_retransmit_count)
    nrf_set_retransmit_delay                 0x0800ec9d   Thumb Code   144  nrf24l01.o(.text.nrf_set_retransmit_delay)
    nrf_set_rf_channel                       0x0800ed2d   Thumb Code   102  nrf24l01.o(.text.nrf_set_rf_channel)
    nrf_set_rx_payload_width                 0x0800ed95   Thumb Code   118  nrf24l01.o(.text.nrf_set_rx_payload_width)
    nrf_set_rx_pipes                         0x0800ee0d   Thumb Code    60  nrf24l01.o(.text.nrf_set_rx_pipes)
    nrf_set_tx_address                       0x0800ee49   Thumb Code   128  nrf24l01.o(.text.nrf_set_tx_address)
    nrf_set_tx_power                         0x0800eec9   Thumb Code   126  nrf24l01.o(.text.nrf_set_tx_power)
    nrf_write_register                       0x0800ef49   Thumb Code    66  nrf24l01.o(.text.nrf_write_register)
    nrf_write_tx_payload                     0x0800ef8d   Thumb Code   116  nrf24l01.o(.text.nrf_write_tx_payload)
    __0printf                                0x0800f029   Thumb Code    22  printfa.o(i.__0printf)
    __1printf                                0x0800f029   Thumb Code     0  printfa.o(i.__0printf)
    __2printf                                0x0800f029   Thumb Code     0  printfa.o(i.__0printf)
    __c89printf                              0x0800f029   Thumb Code     0  printfa.o(i.__0printf)
    printf                                   0x0800f029   Thumb Code     0  printfa.o(i.__0printf)
    __ARM_fpclassify                         0x0800f049   Thumb Code    48  fpclassify.o(i.__ARM_fpclassify)
    __aeabi_errno_addr                       0x0800f079   Thumb Code     4  errno.o(i.__aeabi_errno_addr)
    __rt_errno_addr                          0x0800f079   Thumb Code     0  errno.o(i.__aeabi_errno_addr)
    __hardfp_asin                            0x0800f081   Thumb Code   770  asin.o(i.__hardfp_asin)
    __hardfp_atan                            0x0800f3e1   Thumb Code   622  atan.o(i.__hardfp_atan)
    __hardfp_atan2                           0x0800f6b9   Thumb Code   448  atan2.o(i.__hardfp_atan2)
    __hardfp_sqrt                            0x0800f8b9   Thumb Code   122  sqrt.o(i.__hardfp_sqrt)
    __kernel_poly                            0x0800f933   Thumb Code   248  poly.o(i.__kernel_poly)
    __mathlib_dbl_infnan                     0x0800fa2b   Thumb Code    20  dunder.o(i.__mathlib_dbl_infnan)
    __mathlib_dbl_infnan2                    0x0800fa3f   Thumb Code    20  dunder.o(i.__mathlib_dbl_infnan2)
    __mathlib_dbl_invalid                    0x0800fa59   Thumb Code    24  dunder.o(i.__mathlib_dbl_invalid)
    __mathlib_dbl_underflow                  0x0800fa79   Thumb Code    24  dunder.o(i.__mathlib_dbl_underflow)
    __scatterload_copy                       0x0800fa99   Thumb Code    14  handlers.o(i.__scatterload_copy)
    __scatterload_null                       0x0800faa7   Thumb Code     2  handlers.o(i.__scatterload_null)
    __scatterload_zeroinit                   0x0800faa9   Thumb Code    14  handlers.o(i.__scatterload_zeroinit)
    __set_errno                              0x0800fab9   Thumb Code     6  errno.o(i.__set_errno)
    atan                                     0x08010377   Thumb Code    16  atan.o(i.atan)
    fabs                                     0x08010387   Thumb Code    24  fabs.o(i.fabs)
    free                                     0x080103a1   Thumb Code    76  malloc.o(i.free)
    malloc                                   0x080103f1   Thumb Code    92  malloc.o(i.malloc)
    sqrt                                     0x0801045d   Thumb Code   110  sqrt.o(i.sqrt)
    __mathlib_zero                           0x080105b8   Data           8  qnan.o(.constdata)
    __ctype_table                            0x080105c0   Data         129  ctype_o.o(.constdata)
    AHBPrescTable                            0x08010648   Data          16  system_stm32f4xx.o(.rodata.AHBPrescTable)
    APBPrescTable                            0x08010658   Data           8  system_stm32f4xx.o(.rodata.APBPrescTable)
    GGA                                      0x08010660   Data          64  nmea_parser.o(.rodata.GGA)
    GSV                                      0x080106a0   Data          84  nmea_parser.o(.rodata.GSV)
    MSC_Mode_Sense10_data                    0x080106f4   Data           8  usbd_msc_data.o(.rodata.MSC_Mode_Sense10_data)
    MSC_Mode_Sense6_data                     0x080106fc   Data           8  usbd_msc_data.o(.rodata.MSC_Mode_Sense6_data)
    MSC_Page00_Inquiry_Data                  0x08010704   Data           7  usbd_msc_data.o(.rodata.MSC_Page00_Inquiry_Data)
    RMC                                      0x0801070c   Data          56  nmea_parser.o(.rodata.RMC)
    STORAGE_Inquirydata_FS                   0x08010744   Data          36  usbd_storage_if.o(.rodata.STORAGE_Inquirydata_FS)
    VTG                                      0x08010768   Data          40  nmea_parser.o(.rodata.VTG)
    Region$$Table$$Base                      0x08010acc   Number         0  anon$$obj.o(Region$$Table)
    Region$$Table$$Limit                     0x08010aec   Number         0  anon$$obj.o(Region$$Table)
    __stdout                                 0x20000000   Data           4  stdout.o(.data)
    __stderr                                 0x20000004   Data           4  stderr.o(.data)
    __microlib_freelist                      0x20000008   Data           4  mvars.o(.data)
    __microlib_freelist_initialised          0x2000000c   Data           4  mvars.o(.data)
    FS_Desc                                  0x20000014   Data          28  usbd_desc.o(.data.FS_Desc)
    PI                                       0x20000038   Data           4  mpu9250.o(.data.PI)
    SystemCoreClock                          0x2000003c   Data           4  system_stm32f4xx.o(.data.SystemCoreClock)
    USBD_FS_DeviceDesc                       0x20000040   Data          18  usbd_desc.o(.data.USBD_FS_DeviceDesc)
    USBD_LangIDDesc                          0x20000054   Data           4  usbd_desc.o(.data.USBD_LangIDDesc)
    USBD_MSC                                 0x20000058   Data          56  usbd_msc.o(.data.USBD_MSC)
    USBD_MSC_CfgFSDesc                       0x20000090   Data          32  usbd_msc.o(.data.USBD_MSC_CfgFSDesc)
    USBD_MSC_CfgHSDesc                       0x200000b0   Data          32  usbd_msc.o(.data.USBD_MSC_CfgHSDesc)
    USBD_MSC_DeviceQualifierDesc             0x200000d0   Data          10  usbd_msc.o(.data.USBD_MSC_DeviceQualifierDesc)
    USBD_MSC_OtherSpeedCfgDesc               0x200000dc   Data          32  usbd_msc.o(.data.USBD_MSC_OtherSpeedCfgDesc)
    USBD_Storage_Interface_fops_FS           0x200000fc   Data          32  usbd_storage_if.o(.data.USBD_Storage_Interface_fops_FS)
    USER_Driver                              0x2000011c   Data          20  user_diskio.o(.data.USER_Driver)
    msg_wait_crc                             0x20000130   Data           1  gnss_utils.o(.data.msg_wait_crc)
    q                                        0x20000134   Data          16  mpu9250.o(.data.q)
    uwTickFreq                               0x20000144   Data           4  stm32f4xx_hal.o(.data.uwTickFreq)
    uwTickPrio                               0x20000148   Data           4  stm32f4xx_hal.o(.data.uwTickPrio)
    AltitudaMSL                              0x20000150   Data          12  nmea_parser.o(.bss.AltitudaMSL)
    COG                                      0x2000015c   Data           8  nmea_parser.o(.bss.COG)
    COGstat                                  0x20000164   Data           4  nmea_parser.o(.bss.COGstat)
    CourseTrue                               0x20000168   Data          10  nmea_parser.o(.bss.CourseTrue)
    Data                                     0x20000172   Data          12  nmea_parser.o(.bss.Data)
    DataDone                                 0x2000017e   Data           1  nmea_parser.o(.bss.DataDone)
    EW                                       0x2000017f   Data           3  nmea_parser.o(.bss.EW)
    GLONAS_COUNT                             0x20000182   Data           1  nmea_parser.o(.bss.GLONAS_COUNT)
    GPS_COUNT                                0x20000183   Data           1  nmea_parser.o(.bss.GPS_COUNT)
    Knot                                     0x20000184   Data           8  nmea_parser.o(.bss.Knot)
    NS                                       0x20000194   Data           3  nmea_parser.o(.bss.NS)
    Now                                      0x20000198   Data           4  mpu9250.o(.bss.Now)
    SLatitude                                0x2000019c   Data          16  nmea_parser.o(.bss.SLatitude)
    SLongitude                               0x200001ac   Data          12  nmea_parser.o(.bss.SLongitude)
    SLongitudePtr                            0x200001b8   Data          12  nmea_parser.o(.bss.SLongitudePtr)
    SatCount                                 0x200001c4   Data           4  nmea_parser.o(.bss.SatCount)
    Speed                                    0x200001c8   Data           8  nmea_parser.o(.bss.Speed)
    Status                                   0x200001d1   Data           2  nmea_parser.o(.bss.Status)
    Time                                     0x200001d3   Data          12  nmea_parser.o(.bss.Time)
    UNUSED                                   0x200001df   Data          32  nmea_parser.o(.bss.UNUSED)
    USBD_StrDesc                             0x20000200   Data         512  usbd_desc.o(.bss.USBD_StrDesc)
    USERPath                                 0x20000400   Data           4  fatfs.o(.bss.USERPath)
    ViewSat                                  0x20000404   Data           4  nmea_parser.o(.bss.ViewSat)
    aRes                                     0x20000408   Data           4  mpu9250.o(.bss.aRes)
    accelBias                                0x2000040c   Data          12  mpu9250.o(.bss.accelBias)
    accelCount                               0x20000418   Data           6  mpu9250.o(.bss.accelCount)
    ax                                       0x200008e0   Data           4  mpu9250.o(.bss.ax)
    ay                                       0x200008e4   Data           4  mpu9250.o(.bss.ay)
    az                                       0x200008e8   Data           4  mpu9250.o(.bss.az)
    beta                                     0x200008ec   Data           4  mpu9250.o(.bss.beta)
    count                                    0x200008f0   Data           4  mpu9250.o(.bss.count)
    delt_t                                   0x200008f4   Data           4  mpu9250.o(.bss.delt_t)
    deltat                                   0x200008f8   Data           4  mpu9250.o(.bss.deltat)
    disk                                     0x200008fc   Data          12  ff_gen_drv.o(.bss.disk)
    gRes                                     0x20000908   Data           4  mpu9250.o(.bss.gRes)
    gx                                       0x2000090c   Data           4  mpu9250.o(.bss.gx)
    gy                                       0x20000910   Data           4  mpu9250.o(.bss.gy)
    gyroBias                                 0x20000914   Data          12  mpu9250.o(.bss.gyroBias)
    gyroCount                                0x20000920   Data           6  mpu9250.o(.bss.gyroCount)
    gz                                       0x20000928   Data           4  mpu9250.o(.bss.gz)
    hUsbDeviceFS                             0x2000092c   Data         548  usb_device.o(.bss.hUsbDeviceFS)
    hcrc                                     0x20000b50   Data          12  crc.o(.bss.hcrc)
    hi2c3                                    0x20000b5c   Data          92  i2c.o(.bss.hi2c3)
    hpcd_USB_OTG_FS                          0x20000bb8   Data        1012  usbd_conf.o(.bss.hpcd_USB_OTG_FS)
    hspi1                                    0x20000fac   Data          92  spi.o(.bss.hspi1)
    hspi2                                    0x20001008   Data          92  spi.o(.bss.hspi2)
    hspi3                                    0x20001064   Data          92  spi.o(.bss.hspi3)
    htim14                                   0x200010c0   Data          64  tim.o(.bss.htim14)
    huart1                                   0x20001100   Data          72  usart.o(.bss.huart1)
    huart3                                   0x20001148   Data          72  usart.o(.bss.huart3)
    lastUpdate                               0x20001190   Data           4  mpu9250.o(.bss.lastUpdate)
    mRes                                     0x20001194   Data           4  mpu9250.o(.bss.mRes)
    magCalibration                           0x20001198   Data          12  mpu9250.o(.bss.magCalibration)
    magCount                                 0x200011a4   Data           6  mpu9250.o(.bss.magCount)
    magbias                                  0x200011ac   Data          12  mpu9250.o(.bss.magbias)
    msg_end                                  0x200011b8   Data           1  gnss_utils.o(.bss.msg_end)
    msg_ready                                0x200011b9   Data           1  gnss_utils.o(.bss.msg_ready)
    msg_start                                0x200011ba   Data           1  gnss_utils.o(.bss.msg_start)
    mx                                       0x200011bc   Data           4  mpu9250.o(.bss.mx)
    my                                       0x200011c0   Data           4  mpu9250.o(.bss.my)
    mz                                       0x200011c4   Data           4  mpu9250.o(.bss.mz)
    nmea_line                                0x200011c8   Data         255  gnss_utils.o(.bss.nmea_line)
    nmea_pos                                 0x200012c7   Data           1  gnss_utils.o(.bss.nmea_pos)
    nrf                                      0x200012c8   Data         236  main.o(.bss.nrf)
    pitch                                    0x200013b4   Data           4  mpu9250.o(.bss.pitch)
    retUSER                                  0x200013b8   Data           1  fatfs.o(.bss.retUSER)
    roll                                     0x200013bc   Data           4  mpu9250.o(.bss.roll)
    rxbuf                                    0x200013c0   Data           1  main.o(.bss.rxbuf)
    sum                                      0x200013c4   Data           4  main.o(.bss.sum)
    sumCount                                 0x200013c8   Data           4  main.o(.bss.sumCount)
    tempCount                                0x200013cc   Data           2  mpu9250.o(.bss.tempCount)
    temperature                              0x200013d0   Data           4  mpu9250.o(.bss.temperature)
    uwTick                                   0x200013d4   Data           4  stm32f4xx_hal.o(.bss.uwTick)
    yaw                                      0x200013d8   Data           4  mpu9250.o(.bss.yaw)
    __heap_base                              0x200013e0   Data           0  startup_stm32f407xx.o(HEAP)
    __heap_limit                             0x200053e0   Data           0  startup_stm32f407xx.o(HEAP)
    __initial_sp                             0x200093e0   Data           0  startup_stm32f407xx.o(STACK)



==============================================================================

Memory Map of the image

  Image Entry point : 0x08000189

  Load Region LR_IROM1 (Base: 0x08000000, Size: 0x00010c40, Max: 0x00080000, ABSOLUTE, COMPRESSED[0x00010bb8])

    Execution Region ER_IROM1 (Exec base: 0x08000000, Load base: 0x08000000, Size: 0x00010aec, Max: 0x00080000, ABSOLUTE)

    Exec Addr    Load Addr    Size         Type   Attr      Idx    E Section Name        Object

    0x08000000   0x08000000   0x00000188   Data   RO            3    RESET               startup_stm32f407xx.o
    0x08000188   0x08000188   0x00000000   Code   RO         2722  * .ARM.Collect$$$$00000000  mc_w.l(entry.o)
    0x08000188   0x08000188   0x00000004   Code   RO         2859    .ARM.Collect$$$$00000001  mc_w.l(entry2.o)
    0x0800018c   0x0800018c   0x00000004   Code   RO         2862    .ARM.Collect$$$$00000004  mc_w.l(entry5.o)
    0x08000190   0x08000190   0x00000000   Code   RO         2864    .ARM.Collect$$$$00000008  mc_w.l(entry7b.o)
    0x08000190   0x08000190   0x00000000   Code   RO         2866    .ARM.Collect$$$$0000000A  mc_w.l(entry8b.o)
    0x08000190   0x08000190   0x00000008   Code   RO         2867    .ARM.Collect$$$$0000000B  mc_w.l(entry9a.o)
    0x08000198   0x08000198   0x00000000   Code   RO         2869    .ARM.Collect$$$$0000000D  mc_w.l(entry10a.o)
    0x08000198   0x08000198   0x00000000   Code   RO         2871    .ARM.Collect$$$$0000000F  mc_w.l(entry11a.o)
    0x08000198   0x08000198   0x00000004   Code   RO         2860    .ARM.Collect$$$$00002712  mc_w.l(entry2.o)
    0x0800019c   0x0800019c   0x00000024   Code   RO            4    .text               startup_stm32f407xx.o
    0x080001c0   0x080001c0   0x00000062   Code   RO         2732    .text               mc_w.l(uldiv.o)
    0x08000222   0x08000222   0x00000024   Code   RO         2736    .text               mc_w.l(memcpya.o)
    0x08000246   0x08000246   0x00000024   Code   RO         2738    .text               mc_w.l(memseta.o)
    0x0800026a   0x0800026a   0x0000001a   Code   RO         2800    .text               mc_w.l(atoi.o)
    0x08000284   0x08000284   0x0000014e   Code   RO         2802    .text               mf_w.l(dadd.o)
    0x080003d2   0x080003d2   0x000000e4   Code   RO         2804    .text               mf_w.l(dmul.o)
    0x080004b6   0x080004b6   0x000000de   Code   RO         2806    .text               mf_w.l(ddiv.o)
    0x08000594   0x08000594   0x00000026   Code   RO         2816    .text               mf_w.l(f2d.o)
    0x080005ba   0x080005ba   0x00000038   Code   RO         2818    .text               mf_w.l(d2f.o)
    0x080005f2   0x080005f2   0x0000002c   Code   RO         2873    .text               mc_w.l(uidiv.o)
    0x0800061e   0x0800061e   0x0000001e   Code   RO         2875    .text               mc_w.l(llshl.o)
    0x0800063c   0x0800063c   0x00000020   Code   RO         2877    .text               mc_w.l(llushr.o)
    0x0800065c   0x0800065c   0x00000024   Code   RO         2879    .text               mc_w.l(llsshr.o)
    0x08000680   0x08000680   0x00000070   Code   RO         2890    .text               mc_w.l(strtol.o)
    0x080006f0   0x080006f0   0x00000000   Code   RO         2892    .text               mc_w.l(iusefp.o)
    0x080006f0   0x080006f0   0x0000006e   Code   RO         2893    .text               mf_w.l(fepilogue.o)
    0x0800075e   0x0800075e   0x000000ba   Code   RO         2895    .text               mf_w.l(depilogue.o)
    0x08000818   0x08000818   0x000000a2   Code   RO         2901    .text               mf_w.l(dsqrt.o)
    0x080008ba   0x080008ba   0x00000030   Code   RO         2903    .text               mf_w.l(dfixul.o)
    0x080008ea   0x080008ea   0x00000002   PAD
    0x080008ec   0x080008ec   0x00000030   Code   RO         2905    .text               mf_w.l(cdcmple.o)
    0x0800091c   0x0800091c   0x00000030   Code   RO         2907    .text               mf_w.l(cdrcmple.o)
    0x0800094c   0x0800094c   0x00000024   Code   RO         2909    .text               mc_w.l(init.o)
    0x08000970   0x08000970   0x00000008   Code   RO         2911    .text               mc_w.l(ctype_o.o)
    0x08000978   0x08000978   0x0000009e   Code   RO         2939    .text               mc_w.l(_strtoul.o)
    0x08000a16   0x08000a16   0x0000001c   Code   RO         2941    .text               mc_w.l(_chval.o)
    0x08000a32   0x08000a32   0x00000056   Code   RO         2951    .text               mc_w.l(__dczerorl2.o)
    0x08000a88   0x08000a88   0x00000004   Code   RO          548    .text.BusFault_Handler  stm32f4xx_it.o
    0x08000a8c   0x08000a8c   0x00000002   Code   RO          554    .text.DebugMon_Handler  stm32f4xx_it.o
    0x08000a8e   0x08000a8e   0x00000002   PAD
    0x08000a90   0x08000a90   0x0000000a   Code   RO          560    .text.EXTI0_IRQHandler  stm32f4xx_it.o
    0x08000a9a   0x08000a9a   0x00000002   PAD
    0x08000a9c   0x08000a9c   0x0000000c   Code   RO          564    .text.EXTI15_10_IRQHandler  stm32f4xx_it.o
    0x08000aa8   0x08000aa8   0x00000022   Code   RO         2249    .text.FATFS_LinkDriver  ff_gen_drv.o
    0x08000aca   0x08000aca   0x00000002   PAD
    0x08000acc   0x08000acc   0x0000008c   Code   RO         2247    .text.FATFS_LinkDriverEx  ff_gen_drv.o
    0x08000b58   0x08000b58   0x0000006c   Code   RO          823    .text.HAL_CRC_Init  stm32f4xx_hal_crc.o
    0x08000bc4   0x08000bc4   0x00000044   Code   RO          445    .text.HAL_CRC_MspInit  crc.o
    0x08000c08   0x08000c08   0x0000003e   Code   RO         1770    .text.HAL_DMA_Abort_IT  stm32f4xx_hal_dma.o
    0x08000c46   0x08000c46   0x00000002   PAD
    0x08000c48   0x08000c48   0x0000004e   Code   RO         1959    .text.HAL_Delay     stm32f4xx_hal.o
    0x08000c96   0x08000c96   0x00000002   PAD
    0x08000c98   0x08000c98   0x0000003e   Code   RO          399    .text.HAL_GPIO_EXTI_Callback  main.o
    0x08000cd6   0x08000cd6   0x00000002   PAD
    0x08000cd8   0x08000cd8   0x0000003c   Code   RO         1720    .text.HAL_GPIO_EXTI_IRQHandler  stm32f4xx_hal_gpio.o
    0x08000d14   0x08000d14   0x00000744   Code   RO         1708    .text.HAL_GPIO_Init  stm32f4xx_hal_gpio.o
    0x08001458   0x08001458   0x00000088   Code   RO         1714    .text.HAL_GPIO_WritePin  stm32f4xx_hal_gpio.o
    0x080014e0   0x080014e0   0x0000000c   Code   RO         1951    .text.HAL_GetTick   stm32f4xx_hal.o
    0x080014ec   0x080014ec   0x00000448   Code   RO          866    .text.HAL_I2C_Master_Receive  stm32f4xx_hal_i2c.o
    0x08001934   0x08001934   0x00000238   Code   RO          856    .text.HAL_I2C_Master_Transmit  stm32f4xx_hal_i2c.o
    0x08001b6c   0x08001b6c   0x0000001a   Code   RO         1949    .text.HAL_IncTick   stm32f4xx_hal.o
    0x08001b86   0x08001b86   0x00000002   PAD
    0x08001b88   0x08001b88   0x0000003e   Code   RO         1939    .text.HAL_Init      stm32f4xx_hal.o
    0x08001bc6   0x08001bc6   0x00000002   PAD
    0x08001bc8   0x08001bc8   0x0000006e   Code   RO         1941    .text.HAL_InitTick  stm32f4xx_hal.o
    0x08001c36   0x08001c36   0x00000002   PAD
    0x08001c38   0x08001c38   0x000000b2   Code   RO          580    .text.HAL_MspInit   stm32f4xx_hal_msp.o
    0x08001cea   0x08001cea   0x00000002   PAD
    0x08001cec   0x08001cec   0x0000002e   Code   RO         1876    .text.HAL_NVIC_EnableIRQ  stm32f4xx_hal_cortex.o
    0x08001d1a   0x08001d1a   0x00000002   PAD
    0x08001d1c   0x08001d1c   0x0000007a   Code   RO         1868    .text.HAL_NVIC_SetPriority  stm32f4xx_hal_cortex.o
    0x08001d96   0x08001d96   0x00000002   PAD
    0x08001d98   0x08001d98   0x0000004e   Code   RO         1864    .text.HAL_NVIC_SetPriorityGrouping  stm32f4xx_hal_cortex.o
    0x08001de6   0x08001de6   0x00000002   PAD
    0x08001de8   0x08001de8   0x00000020   Code   RO          710    .text.HAL_PCDEx_SetRxFiFo  stm32f4xx_hal_pcd_ex.o
    0x08001e08   0x08001e08   0x000000b8   Code   RO          708    .text.HAL_PCDEx_SetTxFiFo  stm32f4xx_hal_pcd_ex.o
    0x08001ec0   0x08001ec0   0x0000001a   Code   RO         2303    .text.HAL_PCD_ConnectCallback  usbd_conf.o
    0x08001eda   0x08001eda   0x00000002   PAD
    0x08001edc   0x08001edc   0x0000003c   Code   RO         2289    .text.HAL_PCD_DataInStageCallback  usbd_conf.o
    0x08001f18   0x08001f18   0x0000003e   Code   RO         2287    .text.HAL_PCD_DataOutStageCallback  usbd_conf.o
    0x08001f56   0x08001f56   0x00000002   PAD
    0x08001f58   0x08001f58   0x0000001a   Code   RO         2305    .text.HAL_PCD_DisconnectCallback  usbd_conf.o
    0x08001f72   0x08001f72   0x00000002   PAD
    0x08001f74   0x08001f74   0x000000aa   Code   RO          677    .text.HAL_PCD_EP_Close  stm32f4xx_hal_pcd.o
    0x0800201e   0x0800201e   0x00000002   PAD
    0x08002020   0x08002020   0x000000ac   Code   RO          687    .text.HAL_PCD_EP_ClrStall  stm32f4xx_hal_pcd.o
    0x080020cc   0x080020cc   0x00000076   Code   RO          689    .text.HAL_PCD_EP_Flush  stm32f4xx_hal_pcd.o
    0x08002142   0x08002142   0x00000002   PAD
    0x08002144   0x08002144   0x0000002a   Code   RO          681    .text.HAL_PCD_EP_GetRxCount  stm32f4xx_hal_pcd.o
    0x0800216e   0x0800216e   0x00000002   PAD
    0x08002170   0x08002170   0x000000f6   Code   RO          675    .text.HAL_PCD_EP_Open  stm32f4xx_hal_pcd.o
    0x08002266   0x08002266   0x00000002   PAD
    0x08002268   0x08002268   0x000000b0   Code   RO          679    .text.HAL_PCD_EP_Receive  stm32f4xx_hal_pcd.o
    0x08002318   0x08002318   0x000000d0   Code   RO          685    .text.HAL_PCD_EP_SetStall  stm32f4xx_hal_pcd.o
    0x080023e8   0x080023e8   0x000000b0   Code   RO          683    .text.HAL_PCD_EP_Transmit  stm32f4xx_hal_pcd.o
    0x08002498   0x08002498   0x00000880   Code   RO          643    .text.HAL_PCD_IRQHandler  stm32f4xx_hal_pcd.o
    0x08002d18   0x08002d18   0x00000026   Code   RO         2301    .text.HAL_PCD_ISOINIncompleteCallback  usbd_conf.o
    0x08002d3e   0x08002d3e   0x00000002   PAD
    0x08002d40   0x08002d40   0x00000026   Code   RO         2299    .text.HAL_PCD_ISOOUTIncompleteCallback  usbd_conf.o
    0x08002d66   0x08002d66   0x00000002   PAD
    0x08002d68   0x08002d68   0x0000026e   Code   RO          631    .text.HAL_PCD_Init  stm32f4xx_hal_pcd.o
    0x08002fd6   0x08002fd6   0x00000002   PAD
    0x08002fd8   0x08002fd8   0x0000008a   Code   RO         2281    .text.HAL_PCD_MspInit  usbd_conf.o
    0x08003062   0x08003062   0x00000002   PAD
    0x08003064   0x08003064   0x00000054   Code   RO         2293    .text.HAL_PCD_ResetCallback  usbd_conf.o
    0x080030b8   0x080030b8   0x0000001a   Code   RO         2297    .text.HAL_PCD_ResumeCallback  usbd_conf.o
    0x080030d2   0x080030d2   0x00000002   PAD
    0x080030d4   0x080030d4   0x0000001a   Code   RO         2291    .text.HAL_PCD_SOFCallback  usbd_conf.o
    0x080030ee   0x080030ee   0x00000002   PAD
    0x080030f0   0x080030f0   0x00000058   Code   RO          673    .text.HAL_PCD_SetAddress  stm32f4xx_hal_pcd.o
    0x08003148   0x08003148   0x00000026   Code   RO         2285    .text.HAL_PCD_SetupStageCallback  usbd_conf.o
    0x0800316e   0x0800316e   0x00000002   PAD
    0x08003170   0x08003170   0x0000005c   Code   RO          641    .text.HAL_PCD_Start  stm32f4xx_hal_pcd.o
    0x080031cc   0x080031cc   0x00000046   Code   RO         2295    .text.HAL_PCD_SuspendCallback  usbd_conf.o
    0x08003212   0x08003212   0x00000002   PAD
    0x08003214   0x08003214   0x00000002   Code   RO         1582    .text.HAL_RCC_CSSCallback  stm32f4xx_hal_rcc.o
    0x08003216   0x08003216   0x00000002   PAD
    0x08003218   0x08003218   0x00000422   Code   RO         1560    .text.HAL_RCC_ClockConfig  stm32f4xx_hal_rcc.o
    0x0800363a   0x0800363a   0x00000002   PAD
    0x0800363c   0x0800363c   0x0000000c   Code   RO         1566    .text.HAL_RCC_EnableCSS  stm32f4xx_hal_rcc.o
    0x08003648   0x08003648   0x0000000c   Code   RO         1570    .text.HAL_RCC_GetHCLKFreq  stm32f4xx_hal_rcc.o
    0x08003654   0x08003654   0x00000026   Code   RO         1572    .text.HAL_RCC_GetPCLK1Freq  stm32f4xx_hal_rcc.o
    0x0800367a   0x0800367a   0x00000002   PAD
    0x0800367c   0x0800367c   0x00000026   Code   RO         1574    .text.HAL_RCC_GetPCLK2Freq  stm32f4xx_hal_rcc.o
    0x080036a2   0x080036a2   0x00000002   PAD
    0x080036a4   0x080036a4   0x000000e8   Code   RO         1562    .text.HAL_RCC_GetSysClockFreq  stm32f4xx_hal_rcc.o
    0x0800378c   0x0800378c   0x0000002a   Code   RO         1580    .text.HAL_RCC_NMI_IRQHandler  stm32f4xx_hal_rcc.o
    0x080037b6   0x080037b6   0x00000002   PAD
    0x080037b8   0x080037b8   0x00000844   Code   RO         1558    .text.HAL_RCC_OscConfig  stm32f4xx_hal_rcc.o
    0x08003ffc   0x08003ffc   0x000002c4   Code   RO         1008    .text.HAL_SPI_Init  stm32f4xx_hal_spi.o
    0x080042c0   0x080042c0   0x00000122   Code   RO          485    .text.HAL_SPI_MspInit  spi.o
    0x080043e2   0x080043e2   0x00000002   PAD
    0x080043e4   0x080043e4   0x00000252   Code   RO         1022    .text.HAL_SPI_Receive  stm32f4xx_hal_spi.o
    0x08004636   0x08004636   0x00000002   PAD
    0x08004638   0x08004638   0x000002d2   Code   RO         1016    .text.HAL_SPI_Transmit  stm32f4xx_hal_spi.o
    0x0800490a   0x0800490a   0x00000002   PAD
    0x0800490c   0x0800490c   0x000003a6   Code   RO         1024    .text.HAL_SPI_TransmitReceive  stm32f4xx_hal_spi.o
    0x08004cb2   0x08004cb2   0x00000002   PAD
    0x08004cb4   0x08004cb4   0x0000005e   Code   RO         1922    .text.HAL_SYSTICK_CLKSourceConfig  stm32f4xx_hal_cortex.o
    0x08004d12   0x08004d12   0x00000002   PAD
    0x08004d14   0x08004d14   0x00000002   Code   RO         1926    .text.HAL_SYSTICK_Callback  stm32f4xx_hal_cortex.o
    0x08004d16   0x08004d16   0x00000002   PAD
    0x08004d18   0x08004d18   0x00000014   Code   RO         1888    .text.HAL_SYSTICK_Config  stm32f4xx_hal_cortex.o
    0x08004d2c   0x08004d2c   0x00000008   Code   RO         1924    .text.HAL_SYSTICK_IRQHandler  stm32f4xx_hal_cortex.o
    0x08004d34   0x08004d34   0x0000000c   Code   RO         1420    .text.HAL_TIMEx_BreakCallback  stm32f4xx_hal_tim_ex.o
    0x08004d40   0x08004d40   0x0000000c   Code   RO         1418    .text.HAL_TIMEx_CommutationCallback  stm32f4xx_hal_tim_ex.o
    0x08004d4c   0x08004d4c   0x000001d6   Code   RO         1127    .text.HAL_TIM_Base_Init  stm32f4xx_hal_tim.o
    0x08004f22   0x08004f22   0x00000002   PAD
    0x08004f24   0x08004f24   0x00000058   Code   RO          505    .text.HAL_TIM_Base_MspInit  tim.o
    0x08004f7c   0x08004f7c   0x0000000c   Code   RO         1257    .text.HAL_TIM_IC_CaptureCallback  stm32f4xx_hal_tim.o
    0x08004f88   0x08004f88   0x0000028a   Code   RO         1255    .text.HAL_TIM_IRQHandler  stm32f4xx_hal_tim.o
    0x08005212   0x08005212   0x00000002   PAD
    0x08005214   0x08005214   0x0000000c   Code   RO         1259    .text.HAL_TIM_OC_DelayElapsedCallback  stm32f4xx_hal_tim.o
    0x08005220   0x08005220   0x0000000c   Code   RO         1261    .text.HAL_TIM_PWM_PulseFinishedCallback  stm32f4xx_hal_tim.o
    0x0800522c   0x0800522c   0x0000000c   Code   RO          403    .text.HAL_TIM_PeriodElapsedCallback  main.o
    0x08005238   0x08005238   0x0000000c   Code   RO         1265    .text.HAL_TIM_TriggerCallback  stm32f4xx_hal_tim.o
    0x08005244   0x08005244   0x0000000c   Code   RO         1517    .text.HAL_UART_ErrorCallback  stm32f4xx_hal_uart.o
    0x08005250   0x08005250   0x00000220   Code   RO         1511    .text.HAL_UART_IRQHandler  stm32f4xx_hal_uart.o
    0x08005470   0x08005470   0x0000020c   Code   RO         1435    .text.HAL_UART_Init  stm32f4xx_hal_uart.o
    0x0800567c   0x0800567c   0x000000d8   Code   RO          525    .text.HAL_UART_MspInit  usart.o
    0x08005754   0x08005754   0x000000b0   Code   RO         1459    .text.HAL_UART_Receive_IT  stm32f4xx_hal_uart.o
    0x08005804   0x08005804   0x00000040   Code   RO          401    .text.HAL_UART_RxCpltCallback  main.o
    0x08005844   0x08005844   0x0000000c   Code   RO         1523    .text.HAL_UART_TxCpltCallback  stm32f4xx_hal_uart.o
    0x08005850   0x08005850   0x00000004   Code   RO          544    .text.HardFault_Handler  stm32f4xx_it.o
    0x08005854   0x08005854   0x00000054   Code   RO          994    .text.I2C_IsAcknowledgeFailed  stm32f4xx_hal_i2c.o
    0x080058a8   0x080058a8   0x000001be   Code   RO          868    .text.I2C_MasterRequestRead  stm32f4xx_hal_i2c.o
    0x08005a66   0x08005a66   0x00000002   PAD
    0x08005a68   0x08005a68   0x0000012a   Code   RO          860    .text.I2C_MasterRequestWrite  stm32f4xx_hal_i2c.o
    0x08005b92   0x08005b92   0x00000002   PAD
    0x08005b94   0x08005b94   0x000000a0   Code   RO          864    .text.I2C_WaitOnBTFFlagUntilTimeout  stm32f4xx_hal_i2c.o
    0x08005c34   0x08005c34   0x000000ca   Code   RO          858    .text.I2C_WaitOnFlagUntilTimeout  stm32f4xx_hal_i2c.o
    0x08005cfe   0x08005cfe   0x00000002   PAD
    0x08005d00   0x08005d00   0x00000104   Code   RO          992    .text.I2C_WaitOnMasterAddressFlagUntilTimeout  stm32f4xx_hal_i2c.o
    0x08005e04   0x08005e04   0x000000ba   Code   RO          870    .text.I2C_WaitOnRXNEFlagUntilTimeout  stm32f4xx_hal_i2c.o
    0x08005ebe   0x08005ebe   0x00000002   PAD
    0x08005ec0   0x08005ec0   0x000000a0   Code   RO          862    .text.I2C_WaitOnTXEFlagUntilTimeout  stm32f4xx_hal_i2c.o
    0x08005f60   0x08005f60   0x0000004c   Code   RO         2637    .text.ITM_SendChar  retarget_io.o
    0x08005fac   0x08005fac   0x0000006c   Code   RO         2569    .text.MSC_BOT_Abort  usbd_msc_bot.o
    0x08006018   0x08006018   0x00000120   Code   RO         2565    .text.MSC_BOT_CBW_Decode  usbd_msc_bot.o
    0x08006138   0x08006138   0x00000060   Code   RO         2567    .text.MSC_BOT_CplClrFeature  usbd_msc_bot.o
    0x08006198   0x08006198   0x00000066   Code   RO         2559    .text.MSC_BOT_DataIn  usbd_msc_bot.o
    0x080061fe   0x080061fe   0x00000002   PAD
    0x08006200   0x08006200   0x00000062   Code   RO         2563    .text.MSC_BOT_DataOut  usbd_msc_bot.o
    0x08006262   0x08006262   0x00000002   PAD
    0x08006264   0x08006264   0x0000001a   Code   RO         2557    .text.MSC_BOT_DeInit  usbd_msc_bot.o
    0x0800627e   0x0800627e   0x00000002   PAD
    0x08006280   0x08006280   0x00000070   Code   RO         2553    .text.MSC_BOT_Init  usbd_msc_bot.o
    0x080062f0   0x080062f0   0x0000003a   Code   RO         2555    .text.MSC_BOT_Reset  usbd_msc_bot.o
    0x0800632a   0x0800632a   0x00000002   PAD
    0x0800632c   0x0800632c   0x00000078   Code   RO         2561    .text.MSC_BOT_SendCSW  usbd_msc_bot.o
    0x080063a4   0x080063a4   0x0000007e   Code   RO         2571    .text.MSC_BOT_SendData  usbd_msc_bot.o
    0x08006422   0x08006422   0x00000002   PAD
    0x08006424   0x08006424   0x00000030   Code   RO          443    .text.MX_CRC_Init   crc.o
    0x08006454   0x08006454   0x00000022   Code   RO          615    .text.MX_FATFS_Init  fatfs.o
    0x08006476   0x08006476   0x00000002   PAD
    0x08006478   0x08006478   0x00000242   Code   RO          431    .text.MX_GPIO_Init  gpio.o
    0x080066ba   0x080066ba   0x00000002   PAD
    0x080066bc   0x080066bc   0x00000054   Code   RO          479    .text.MX_SPI1_Init  spi.o
    0x08006710   0x08006710   0x00000056   Code   RO          481    .text.MX_SPI2_Init  spi.o
    0x08006766   0x08006766   0x00000002   PAD
    0x08006768   0x08006768   0x00000054   Code   RO          483    .text.MX_SPI3_Init  spi.o
    0x080067bc   0x080067bc   0x00000042   Code   RO          503    .text.MX_TIM14_Init  tim.o
    0x080067fe   0x080067fe   0x00000002   PAD
    0x08006800   0x08006800   0x00000046   Code   RO          521    .text.MX_USART1_UART_Init  usart.o
    0x08006846   0x08006846   0x00000002   PAD
    0x08006848   0x08006848   0x00000046   Code   RO          523    .text.MX_USART3_UART_Init  usart.o
    0x0800688e   0x0800688e   0x00000002   PAD
    0x08006890   0x08006890   0x00000050   Code   RO         2268    .text.MX_USB_DEVICE_Init  usb_device.o
    0x080068e0   0x080068e0   0x00000004   Code   RO          546    .text.MemManage_Handler  stm32f4xx_it.o
    0x080068e4   0x080068e4   0x0000053a   Code   RO          329    .text.NMEA_Parser   nmea_parser.o
    0x08006e1e   0x08006e1e   0x00000002   PAD
    0x08006e20   0x08006e20   0x00000008   Code   RO          542    .text.NMI_Handler   stm32f4xx_it.o
    0x08006e28   0x08006e28   0x00000026   Code   RO         1878    .text.NVIC_EnableIRQ  stm32f4xx_hal_cortex.o
    0x08006e4e   0x08006e4e   0x00000002   PAD
    0x08006e50   0x08006e50   0x00000080   Code   RO         1874    .text.NVIC_EncodePriority  stm32f4xx_hal_cortex.o
    0x08006ed0   0x08006ed0   0x00000010   Code   RO         1870    .text.NVIC_GetPriorityGrouping  stm32f4xx_hal_cortex.o
    0x08006ee0   0x08006ee0   0x00000044   Code   RO         1872    .text.NVIC_SetPriority  stm32f4xx_hal_cortex.o
    0x08006f24   0x08006f24   0x00000040   Code   RO         1866    .text.NVIC_SetPriorityGrouping  stm32f4xx_hal_cortex.o
    0x08006f64   0x08006f64   0x00000010   Code   RO          568    .text.OTG_FS_IRQHandler  stm32f4xx_it.o
    0x08006f74   0x08006f74   0x0000011c   Code   RO          651    .text.PCD_WriteEmptyTxFifo  stm32f4xx_hal_pcd.o
    0x08007090   0x08007090   0x00000002   Code   RO          556    .text.PendSV_Handler  stm32f4xx_it.o
    0x08007092   0x08007092   0x00000002   PAD
    0x08007094   0x08007094   0x00000066   Code   RO         2621    .text.SCSI_CheckAddressRange  usbd_msc_scsi.o
    0x080070fa   0x080070fa   0x00000002   PAD
    0x080070fc   0x080070fc   0x000000b0   Code   RO         2601    .text.SCSI_Inquiry  usbd_msc_scsi.o
    0x080071ac   0x080071ac   0x00000064   Code   RO         2607    .text.SCSI_ModeSense10  usbd_msc_scsi.o
    0x08007210   0x08007210   0x00000064   Code   RO         2605    .text.SCSI_ModeSense6  usbd_msc_scsi.o
    0x08007274   0x08007274   0x000001dc   Code   RO         2595    .text.SCSI_ProcessCmd  usbd_msc_scsi.o
    0x08007450   0x08007450   0x000000fa   Code   RO         2623    .text.SCSI_ProcessRead  usbd_msc_scsi.o
    0x0800754a   0x0800754a   0x00000002   PAD
    0x0800754c   0x0800754c   0x00000126   Code   RO         2625    .text.SCSI_ProcessWrite  usbd_msc_scsi.o
    0x08007672   0x08007672   0x00000002   PAD
    0x08007674   0x08007674   0x00000138   Code   RO         2613    .text.SCSI_Read10   usbd_msc_scsi.o
    0x080077ac   0x080077ac   0x000000c0   Code   RO         2611    .text.SCSI_ReadCapacity10  usbd_msc_scsi.o
    0x0800786c   0x0800786c   0x000000e6   Code   RO         2609    .text.SCSI_ReadFormatCapacity  usbd_msc_scsi.o
    0x08007952   0x08007952   0x00000002   PAD
    0x08007954   0x08007954   0x000000e0   Code   RO         2599    .text.SCSI_RequestSense  usbd_msc_scsi.o
    0x08007a34   0x08007a34   0x0000007a   Code   RO         2619    .text.SCSI_SenseCode  usbd_msc_scsi.o
    0x08007aae   0x08007aae   0x00000002   PAD
    0x08007ab0   0x08007ab0   0x00000030   Code   RO         2603    .text.SCSI_StartStopUnit  usbd_msc_scsi.o
    0x08007ae0   0x08007ae0   0x00000092   Code   RO         2597    .text.SCSI_TestUnitReady  usbd_msc_scsi.o
    0x08007b72   0x08007b72   0x00000002   PAD
    0x08007b74   0x08007b74   0x0000007e   Code   RO         2617    .text.SCSI_Verify10  usbd_msc_scsi.o
    0x08007bf2   0x08007bf2   0x00000002   PAD
    0x08007bf4   0x08007bf4   0x000001a4   Code   RO         2615    .text.SCSI_Write10  usbd_msc_scsi.o
    0x08007d98   0x08007d98   0x00000058   Code   RO         1020    .text.SPI_CheckFlag_BSY  stm32f4xx_hal_spi.o
    0x08007df0   0x08007df0   0x000000fa   Code   RO         1018    .text.SPI_WaitFlagStateUntilTimeout  stm32f4xx_hal_spi.o
    0x08007eea   0x08007eea   0x00000002   PAD
    0x08007eec   0x08007eec   0x00000032   Code   RO         2380    .text.STORAGE_GetCapacity_FS  usbd_storage_if.o
    0x08007f1e   0x08007f1e   0x00000002   PAD
    0x08007f20   0x08007f20   0x00000004   Code   RO         2390    .text.STORAGE_GetMaxLun_FS  usbd_storage_if.o
    0x08007f24   0x08007f24   0x00000036   Code   RO         2378    .text.STORAGE_Init_FS  usbd_storage_if.o
    0x08007f5a   0x08007f5a   0x00000002   PAD
    0x08007f5c   0x08007f5c   0x00000036   Code   RO         2382    .text.STORAGE_IsReady_FS  usbd_storage_if.o
    0x08007f92   0x08007f92   0x00000002   PAD
    0x08007f94   0x08007f94   0x00000010   Code   RO         2384    .text.STORAGE_IsWriteProtected_FS  usbd_storage_if.o
    0x08007fa4   0x08007fa4   0x0000007e   Code   RO         2386    .text.STORAGE_Read_FS  usbd_storage_if.o
    0x08008022   0x08008022   0x00000002   PAD
    0x08008024   0x08008024   0x000000a8   Code   RO         2388    .text.STORAGE_Write_FS  usbd_storage_if.o
    0x080080cc   0x080080cc   0x00000002   Code   RO          552    .text.SVC_Handler   stm32f4xx_it.o
    0x080080ce   0x080080ce   0x00000002   PAD
    0x080080d0   0x080080d0   0x0000005a   Code   RO         1890    .text.SysTick_Config  stm32f4xx_hal_cortex.o
    0x0800812a   0x0800812a   0x00000002   PAD
    0x0800812c   0x0800812c   0x0000000c   Code   RO          558    .text.SysTick_Handler  stm32f4xx_it.o
    0x08008138   0x08008138   0x00000104   Code   RO          393    .text.SystemClock_Config  main.o
    0x0800823c   0x0800823c   0x0000006e   Code   RO         2003    .text.SystemInit    system_stm32f4xx.o
    0x080082aa   0x080082aa   0x00000002   PAD
    0x080082ac   0x080082ac   0x00000010   Code   RO          566    .text.TIM8_TRG_COM_TIM14_IRQHandler  stm32f4xx_it.o
    0x080082bc   0x080082bc   0x0000020e   Code   RO         1131    .text.TIM_Base_SetConfig  stm32f4xx_hal_tim.o
    0x080084ca   0x080084ca   0x00000002   PAD
    0x080084cc   0x080084cc   0x00000024   Code   RO         1515    .text.UART_DMAAbortOnError  stm32f4xx_hal_uart.o
    0x080084f0   0x080084f0   0x0000002a   Code   RO         1483    .text.UART_EndRxTransfer  stm32f4xx_hal_uart.o
    0x0800851a   0x0800851a   0x00000002   PAD
    0x0800851c   0x0800851c   0x00000028   Code   RO         1521    .text.UART_EndTransmit_IT  stm32f4xx_hal_uart.o
    0x08008544   0x08008544   0x000000e2   Code   RO         1513    .text.UART_Receive_IT  stm32f4xx_hal_uart.o
    0x08008626   0x08008626   0x00000002   PAD
    0x08008628   0x08008628   0x0000054e   Code   RO         1439    .text.UART_SetConfig  stm32f4xx_hal_uart.o
    0x08008b76   0x08008b76   0x00000002   PAD
    0x08008b78   0x08008b78   0x000000a2   Code   RO         1519    .text.UART_Transmit_IT  stm32f4xx_hal_uart.o
    0x08008c1a   0x08008c1a   0x00000002   PAD
    0x08008c1c   0x08008c1c   0x00000010   Code   RO          562    .text.USART3_IRQHandler  stm32f4xx_it.o
    0x08008c2c   0x08008c2c   0x00000032   Code   RO         2419    .text.USBD_ClrClassConfig  usbd_core.o
    0x08008c5e   0x08008c5e   0x00000002   PAD
    0x08008c60   0x08008c60   0x00000060   Code   RO         2469    .text.USBD_ClrFeature  usbd_ctlreq.o
    0x08008cc0   0x08008cc0   0x0000003e   Code   RO         2500    .text.USBD_CtlContinueRx  usbd_ioreq.o
    0x08008cfe   0x08008cfe   0x00000002   PAD
    0x08008d00   0x08008d00   0x0000003e   Code   RO         2496    .text.USBD_CtlContinueSendData  usbd_ioreq.o
    0x08008d3e   0x08008d3e   0x00000002   PAD
    0x08008d40   0x08008d40   0x0000002c   Code   RO         2471    .text.USBD_CtlError  usbd_ctlreq.o
    0x08008d6c   0x08008d6c   0x0000002a   Code   RO         2504    .text.USBD_CtlReceiveStatus  usbd_ioreq.o
    0x08008d96   0x08008d96   0x00000002   PAD
    0x08008d98   0x08008d98   0x00000056   Code   RO         2494    .text.USBD_CtlSendData  usbd_ioreq.o
    0x08008dee   0x08008dee   0x00000002   PAD
    0x08008df0   0x08008df0   0x0000002a   Code   RO         2502    .text.USBD_CtlSendStatus  usbd_ioreq.o
    0x08008e1a   0x08008e1a   0x00000002   PAD
    0x08008e1c   0x08008e1c   0x00000054   Code   RO         2359    .text.USBD_FS_ConfigStrDescriptor  usbd_desc.o
    0x08008e70   0x08008e70   0x00000020   Code   RO         2349    .text.USBD_FS_DeviceDescriptor  usbd_desc.o
    0x08008e90   0x08008e90   0x00000054   Code   RO         2361    .text.USBD_FS_InterfaceStrDescriptor  usbd_desc.o
    0x08008ee4   0x08008ee4   0x00000020   Code   RO         2351    .text.USBD_FS_LangIDStrDescriptor  usbd_desc.o
    0x08008f04   0x08008f04   0x0000003c   Code   RO         2353    .text.USBD_FS_ManufacturerStrDescriptor  usbd_desc.o
    0x08008f40   0x08008f40   0x00000054   Code   RO         2355    .text.USBD_FS_ProductStrDescriptor  usbd_desc.o
    0x08008f94   0x08008f94   0x00000054   Code   RO         2357    .text.USBD_FS_SerialStrDescriptor  usbd_desc.o
    0x08008fe8   0x08008fe8   0x00000070   Code   RO         2463    .text.USBD_GetConfig  usbd_ctlreq.o
    0x08009058   0x08009058   0x00000212   Code   RO         2457    .text.USBD_GetDescriptor  usbd_ctlreq.o
    0x0800926a   0x0800926a   0x00000002   PAD
    0x0800926c   0x0800926c   0x00000034   Code   RO         2481    .text.USBD_GetLen   usbd_ctlreq.o
    0x080092a0   0x080092a0   0x0000005a   Code   RO         2465    .text.USBD_GetStatus  usbd_ctlreq.o
    0x080092fa   0x080092fa   0x00000002   PAD
    0x080092fc   0x080092fc   0x0000009e   Code   RO         2479    .text.USBD_GetString  usbd_ctlreq.o
    0x0800939a   0x0800939a   0x00000002   PAD
    0x0800939c   0x0800939c   0x00000076   Code   RO         2405    .text.USBD_Init     usbd_core.o
    0x08009412   0x08009412   0x00000002   PAD
    0x08009414   0x08009414   0x0000005e   Code   RO         2323    .text.USBD_LL_ClearStallEP  usbd_conf.o
    0x08009472   0x08009472   0x00000002   PAD
    0x08009474   0x08009474   0x0000005e   Code   RO         2317    .text.USBD_LL_CloseEP  usbd_conf.o
    0x080094d2   0x080094d2   0x00000002   PAD
    0x080094d4   0x080094d4   0x00000158   Code   RO         2425    .text.USBD_LL_DataInStage  usbd_core.o
    0x0800962c   0x0800962c   0x000000f4   Code   RO         2423    .text.USBD_LL_DataOutStage  usbd_core.o
    0x08009720   0x08009720   0x0000000e   Code   RO         2441    .text.USBD_LL_DevConnected  usbd_core.o
    0x0800972e   0x0800972e   0x00000002   PAD
    0x08009730   0x08009730   0x0000002a   Code   RO         2443    .text.USBD_LL_DevDisconnected  usbd_core.o
    0x0800975a   0x0800975a   0x00000002   PAD
    0x0800975c   0x0800975c   0x0000005e   Code   RO         2319    .text.USBD_LL_FlushEP  usbd_conf.o
    0x080097ba   0x080097ba   0x00000002   PAD
    0x080097bc   0x080097bc   0x00000024   Code   RO         2333    .text.USBD_LL_GetRxDataSize  usbd_conf.o
    0x080097e0   0x080097e0   0x000000a0   Code   RO         2307    .text.USBD_LL_Init  usbd_conf.o
    0x08009880   0x08009880   0x00000064   Code   RO         2325    .text.USBD_LL_IsStallEP  usbd_conf.o
    0x080098e4   0x080098e4   0x00000016   Code   RO         2437    .text.USBD_LL_IsoINIncomplete  usbd_core.o
    0x080098fa   0x080098fa   0x00000002   PAD
    0x080098fc   0x080098fc   0x00000016   Code   RO         2439    .text.USBD_LL_IsoOUTIncomplete  usbd_core.o
    0x08009912   0x08009912   0x00000002   PAD
    0x08009914   0x08009914   0x0000007a   Code   RO         2315    .text.USBD_LL_OpenEP  usbd_conf.o
    0x0800998e   0x0800998e   0x00000002   PAD
    0x08009990   0x08009990   0x00000076   Code   RO         2331    .text.USBD_LL_PrepareReceive  usbd_conf.o
    0x08009a06   0x08009a06   0x00000002   PAD
    0x08009a08   0x08009a08   0x0000006c   Code   RO         2427    .text.USBD_LL_Reset  usbd_core.o
    0x08009a74   0x08009a74   0x00000018   Code   RO         2433    .text.USBD_LL_Resume  usbd_core.o
    0x08009a8c   0x08009a8c   0x0000003a   Code   RO         2435    .text.USBD_LL_SOF   usbd_core.o
    0x08009ac6   0x08009ac6   0x00000002   PAD
    0x08009ac8   0x08009ac8   0x0000001a   Code   RO         2429    .text.USBD_LL_SetSpeed  usbd_core.o
    0x08009ae2   0x08009ae2   0x00000002   PAD
    0x08009ae4   0x08009ae4   0x0000005e   Code   RO         2327    .text.USBD_LL_SetUSBAddress  usbd_conf.o
    0x08009b42   0x08009b42   0x00000002   PAD
    0x08009b44   0x08009b44   0x00000094   Code   RO         2421    .text.USBD_LL_SetupStage  usbd_core.o
    0x08009bd8   0x08009bd8   0x0000005e   Code   RO         2321    .text.USBD_LL_StallEP  usbd_conf.o
    0x08009c36   0x08009c36   0x00000002   PAD
    0x08009c38   0x08009c38   0x00000052   Code   RO         2311    .text.USBD_LL_Start  usbd_conf.o
    0x08009c8a   0x08009c8a   0x00000002   PAD
    0x08009c8c   0x08009c8c   0x00000020   Code   RO         2431    .text.USBD_LL_Suspend  usbd_core.o
    0x08009cac   0x08009cac   0x00000076   Code   RO         2329    .text.USBD_LL_Transmit  usbd_conf.o
    0x08009d22   0x08009d22   0x00000002   PAD
    0x08009d24   0x08009d24   0x00000022   Code   RO         2524    .text.USBD_MSC_DataIn  usbd_msc.o
    0x08009d46   0x08009d46   0x00000002   PAD
    0x08009d48   0x08009d48   0x00000022   Code   RO         2526    .text.USBD_MSC_DataOut  usbd_msc.o
    0x08009d6a   0x08009d6a   0x00000002   PAD
    0x08009d6c   0x08009d6c   0x0000005a   Code   RO         2520    .text.USBD_MSC_DeInit  usbd_msc.o
    0x08009dc6   0x08009dc6   0x00000002   PAD
    0x08009dc8   0x08009dc8   0x0000001a   Code   RO         2534    .text.USBD_MSC_GetDeviceQualifierDescriptor  usbd_msc.o
    0x08009de2   0x08009de2   0x00000002   PAD
    0x08009de4   0x08009de4   0x0000001a   Code   RO         2530    .text.USBD_MSC_GetFSCfgDesc  usbd_msc.o
    0x08009dfe   0x08009dfe   0x00000002   PAD
    0x08009e00   0x08009e00   0x0000001a   Code   RO         2528    .text.USBD_MSC_GetHSCfgDesc  usbd_msc.o
    0x08009e1a   0x08009e1a   0x00000002   PAD
    0x08009e1c   0x08009e1c   0x0000001a   Code   RO         2532    .text.USBD_MSC_GetOtherSpeedCfgDesc  usbd_msc.o
    0x08009e36   0x08009e36   0x00000002   PAD
    0x08009e38   0x08009e38   0x000000aa   Code   RO         2518    .text.USBD_MSC_Init  usbd_msc.o
    0x08009ee2   0x08009ee2   0x00000002   PAD
    0x08009ee4   0x08009ee4   0x00000026   Code   RO         2536    .text.USBD_MSC_RegisterStorage  usbd_msc.o
    0x08009f0a   0x08009f0a   0x00000002   PAD
    0x08009f0c   0x08009f0c   0x000001ca   Code   RO         2522    .text.USBD_MSC_Setup  usbd_msc.o
    0x0800a0d6   0x0800a0d6   0x00000002   PAD
    0x0800a0d8   0x0800a0d8   0x0000004c   Code   RO         2477    .text.USBD_ParseSetupRequest  usbd_ctlreq.o
    0x0800a124   0x0800a124   0x00000034   Code   RO         2409    .text.USBD_RegisterClass  usbd_core.o
    0x0800a158   0x0800a158   0x0000000e   Code   RO         2415    .text.USBD_RunTestMode  usbd_core.o
    0x0800a166   0x0800a166   0x00000002   PAD
    0x0800a168   0x0800a168   0x00000096   Code   RO         2459    .text.USBD_SetAddress  usbd_ctlreq.o
    0x0800a1fe   0x0800a1fe   0x00000002   PAD
    0x0800a200   0x0800a200   0x0000004a   Code   RO         2417    .text.USBD_SetClassConfig  usbd_core.o
    0x0800a24a   0x0800a24a   0x00000002   PAD
    0x0800a24c   0x0800a24c   0x00000156   Code   RO         2461    .text.USBD_SetConfig  usbd_ctlreq.o
    0x0800a3a2   0x0800a3a2   0x00000002   PAD
    0x0800a3a4   0x0800a3a4   0x00000046   Code   RO         2467    .text.USBD_SetFeature  usbd_ctlreq.o
    0x0800a3ea   0x0800a3ea   0x00000002   PAD
    0x0800a3ec   0x0800a3ec   0x0000001a   Code   RO         2411    .text.USBD_Start    usbd_core.o
    0x0800a406   0x0800a406   0x00000002   PAD
    0x0800a408   0x0800a408   0x00000086   Code   RO         2455    .text.USBD_StdDevReq  usbd_ctlreq.o
    0x0800a48e   0x0800a48e   0x00000002   PAD
    0x0800a490   0x0800a490   0x0000023e   Code   RO         2475    .text.USBD_StdEPReq  usbd_ctlreq.o
    0x0800a6ce   0x0800a6ce   0x00000002   PAD
    0x0800a6d0   0x0800a6d0   0x00000078   Code   RO         2473    .text.USBD_StdItfReq  usbd_ctlreq.o
    0x0800a748   0x0800a748   0x000000da   Code   RO          742    .text.USB_ActivateEndpoint  stm32f4xx_ll_usb.o
    0x0800a822   0x0800a822   0x00000002   PAD
    0x0800a824   0x0800a824   0x0000004c   Code   RO          784    .text.USB_ActivateSetup  stm32f4xx_ll_usb.o
    0x0800a870   0x0800a870   0x000000f0   Code   RO          722    .text.USB_CoreInit  stm32f4xx_ll_usb.o
    0x0800a960   0x0800a960   0x0000007a   Code   RO          724    .text.USB_CoreReset  stm32f4xx_ll_usb.o
    0x0800a9da   0x0800a9da   0x00000002   PAD
    0x0800a9dc   0x0800a9dc   0x00000166   Code   RO          746    .text.USB_DeactivateEndpoint  stm32f4xx_ll_usb.o
    0x0800ab42   0x0800ab42   0x00000002   PAD
    0x0800ab44   0x0800ab44   0x00000024   Code   RO          766    .text.USB_DevConnect  stm32f4xx_ll_usb.o
    0x0800ab68   0x0800ab68   0x00000024   Code   RO          768    .text.USB_DevDisconnect  stm32f4xx_ll_usb.o
    0x0800ab8c   0x0800ab8c   0x00000280   Code   RO          732    .text.USB_DevInit   stm32f4xx_ll_usb.o
    0x0800ae0c   0x0800ae0c   0x00000018   Code   RO          728    .text.USB_DisableGlobalInt  stm32f4xx_ll_usb.o
    0x0800ae24   0x0800ae24   0x000001e8   Code   RO          754    .text.USB_EP0StartXfer  stm32f4xx_ll_usb.o
    0x0800b00c   0x0800b00c   0x00000072   Code   RO          786    .text.USB_EP0_OutStart  stm32f4xx_ll_usb.o
    0x0800b07e   0x0800b07e   0x00000002   PAD
    0x0800b080   0x0800b080   0x000000a6   Code   RO          760    .text.USB_EPClearStall  stm32f4xx_ll_usb.o
    0x0800b126   0x0800b126   0x00000002   PAD
    0x0800b128   0x0800b128   0x000000aa   Code   RO          758    .text.USB_EPSetStall  stm32f4xx_ll_usb.o
    0x0800b1d2   0x0800b1d2   0x00000002   PAD
    0x0800b1d4   0x0800b1d4   0x00000342   Code   RO          750    .text.USB_EPStartXfer  stm32f4xx_ll_usb.o
    0x0800b516   0x0800b516   0x00000002   PAD
    0x0800b518   0x0800b518   0x00000018   Code   RO          726    .text.USB_EnableGlobalInt  stm32f4xx_ll_usb.o
    0x0800b530   0x0800b530   0x0000004a   Code   RO          738    .text.USB_FlushRxFifo  stm32f4xx_ll_usb.o
    0x0800b57a   0x0800b57a   0x00000002   PAD
    0x0800b57c   0x0800b57c   0x00000056   Code   RO          736    .text.USB_FlushTxFifo  stm32f4xx_ll_usb.o
    0x0800b5d2   0x0800b5d2   0x00000002   PAD
    0x0800b5d4   0x0800b5d4   0x00000070   Code   RO          740    .text.USB_GetDevSpeed  stm32f4xx_ll_usb.o
    0x0800b644   0x0800b644   0x00000014   Code   RO          782    .text.USB_GetMode   stm32f4xx_ll_usb.o
    0x0800b658   0x0800b658   0x00000024   Code   RO          774    .text.USB_ReadDevAllInEpInterrupt  stm32f4xx_ll_usb.o
    0x0800b67c   0x0800b67c   0x00000024   Code   RO          772    .text.USB_ReadDevAllOutEpInterrupt  stm32f4xx_ll_usb.o
    0x0800b6a0   0x0800b6a0   0x0000004e   Code   RO          778    .text.USB_ReadDevInEPInterrupt  stm32f4xx_ll_usb.o
    0x0800b6ee   0x0800b6ee   0x00000002   PAD
    0x0800b6f0   0x0800b6f0   0x00000032   Code   RO          776    .text.USB_ReadDevOutEPInterrupt  stm32f4xx_ll_usb.o
    0x0800b722   0x0800b722   0x00000002   PAD
    0x0800b724   0x0800b724   0x00000022   Code   RO          770    .text.USB_ReadInterrupts  stm32f4xx_ll_usb.o
    0x0800b746   0x0800b746   0x00000002   PAD
    0x0800b748   0x0800b748   0x0000005a   Code   RO          756    .text.USB_ReadPacket  stm32f4xx_ll_usb.o
    0x0800b7a2   0x0800b7a2   0x00000002   PAD
    0x0800b7a4   0x0800b7a4   0x00000050   Code   RO          730    .text.USB_SetCurrentMode  stm32f4xx_ll_usb.o
    0x0800b7f4   0x0800b7f4   0x0000003a   Code   RO          764    .text.USB_SetDevAddress  stm32f4xx_ll_usb.o
    0x0800b82e   0x0800b82e   0x00000002   PAD
    0x0800b830   0x0800b830   0x00000028   Code   RO          734    .text.USB_SetDevSpeed  stm32f4xx_ll_usb.o
    0x0800b858   0x0800b858   0x00000080   Code   RO          752    .text.USB_WritePacket  stm32f4xx_ll_usb.o
    0x0800b8d8   0x0800b8d8   0x0000004a   Code   RO          592    .text.USER_initialize  user_diskio.o
    0x0800b922   0x0800b922   0x00000002   PAD
    0x0800b924   0x0800b924   0x000000ce   Code   RO          600    .text.USER_ioctl    user_diskio.o
    0x0800b9f2   0x0800b9f2   0x00000002   PAD
    0x0800b9f4   0x0800b9f4   0x00000070   Code   RO          596    .text.USER_read     user_diskio.o
    0x0800ba64   0x0800ba64   0x0000008e   Code   RO          594    .text.USER_status   user_diskio.o
    0x0800baf2   0x0800baf2   0x00000002   PAD
    0x0800baf4   0x0800baf4   0x00000072   Code   RO          598    .text.USER_write    user_diskio.o
    0x0800bb66   0x0800bb66   0x00000002   PAD
    0x0800bb68   0x0800bb68   0x00000004   Code   RO          550    .text.UsageFault_Handler  stm32f4xx_it.o
    0x0800bb6c   0x0800bb6c   0x00000012   Code   RO          395    .text._Error_Handler  main.o
    0x0800bb7e   0x0800bb7e   0x00000002   PAD
    0x0800bb80   0x0800bb80   0x00000012   Code   RO          405    .text.assert_failed  main.o
    0x0800bb92   0x0800bb92   0x00000002   PAD
    0x0800bb94   0x0800bb94   0x00000024   Code   RO           29    .text.at45db_csn_reset  at45db.o
    0x0800bbb8   0x0800bbb8   0x00000024   Code   RO           21    .text.at45db_csn_set  at45db.o
    0x0800bbdc   0x0800bbdc   0x00000038   Code   RO           23    .text.at45db_getid  at45db.o
    0x0800bc14   0x0800bc14   0x000000ac   Code   RO           25    .text.at45db_getstatus  at45db.o
    0x0800bcc0   0x0800bcc0   0x0000010a   Code   RO           15    .text.at45db_init   at45db.o
    0x0800bdca   0x0800bdca   0x00000002   PAD
    0x0800bdcc   0x0800bdcc   0x0000006c   Code   RO           13    .text.at45db_isrdy  at45db.o
    0x0800be38   0x0800be38   0x0000006a   Code   RO           31    .text.at45db_read_page  at45db.o
    0x0800bea2   0x0800bea2   0x00000002   PAD
    0x0800bea4   0x0800bea4   0x00000024   Code   RO           17    .text.at45db_rstn_set  at45db.o
    0x0800bec8   0x0800bec8   0x000001d6   Code   RO           27    .text.at45db_send_cmd  at45db.o
    0x0800c09e   0x0800c09e   0x00000002   PAD
    0x0800c0a0   0x0800c0a0   0x0000006e   Code   RO           33    .text.at45db_w_pagethroughbuf1  at45db.o
    0x0800c10e   0x0800c10e   0x00000002   PAD
    0x0800c110   0x0800c110   0x0000005c   Code   RO           11    .text.at45db_wait_cplt  at45db.o
    0x0800c16c   0x0800c16c   0x00000024   Code   RO           19    .text.at45db_wpn_set  at45db.o
    0x0800c190   0x0800c190   0x00000052   Code   RO         2641    .text.fputc         retarget_io.o
    0x0800c1e2   0x0800c1e2   0x00000002   PAD
    0x0800c1e4   0x0800c1e4   0x0000008e   Code   RO          391    .text.main          main.o
    0x0800c272   0x0800c272   0x00000002   PAD
    0x0800c274   0x0800c274   0x00000a90   Code   RO          170    .text.mpu9250_MadgwickQuaternionUpdate  mpu9250.o
    0x0800cd04   0x0800cd04   0x00000004   PAD
    0x0800cd08   0x0800cd08   0x000007ec   Code   RO          397    .text.mpu9250_irq_handler  main.o
    0x0800d4f4   0x0800d4f4   0x00000052   Code   RO          152    .text.mpu9250_readAccelData  mpu9250.o
    0x0800d546   0x0800d546   0x00000002   PAD
    0x0800d548   0x0800d548   0x00000070   Code   RO          142    .text.mpu9250_readByte  mpu9250.o
    0x0800d5b8   0x0800d5b8   0x000000a2   Code   RO          144    .text.mpu9250_readBytes  mpu9250.o
    0x0800d65a   0x0800d65a   0x00000002   PAD
    0x0800d65c   0x0800d65c   0x00000052   Code   RO          154    .text.mpu9250_readGyroData  mpu9250.o
    0x0800d6ae   0x0800d6ae   0x00000002   PAD
    0x0800d6b0   0x0800d6b0   0x00000076   Code   RO          156    .text.mpu9250_readMagData  mpu9250.o
    0x0800d726   0x0800d726   0x00000002   PAD
    0x0800d728   0x0800d728   0x00000024   Code   RO          158    .text.mpu9250_readTempData  mpu9250.o
    0x0800d74c   0x0800d74c   0x000001b8   Code   RO          373    .text.nmea_getmessage  gnss_utils.o
    0x0800d904   0x0800d904   0x00000026   Code   RO          229    .text.nrf24_ce_reset  nrf24l01.o
    0x0800d92a   0x0800d92a   0x00000002   PAD
    0x0800d92c   0x0800d92c   0x00000026   Code   RO          279    .text.nrf24_ce_set  nrf24l01.o
    0x0800d952   0x0800d952   0x00000002   PAD
    0x0800d954   0x0800d954   0x00000026   Code   RO          283    .text.nrf24_csn_reset  nrf24l01.o
    0x0800d97a   0x0800d97a   0x00000002   PAD
    0x0800d97c   0x0800d97c   0x00000026   Code   RO          231    .text.nrf24_csn_set  nrf24l01.o
    0x0800d9a2   0x0800d9a2   0x00000002   PAD
    0x0800d9a4   0x0800d9a4   0x00000048   Code   RO          265    .text.nrf_clear_interrupts  nrf24l01.o
    0x0800d9ec   0x0800d9ec   0x00000078   Code   RO          237    .text.nrf_enable_crc  nrf24l01.o
    0x0800da64   0x0800da64   0x00000078   Code   RO          271    .text.nrf_enable_max_retransmit_irq  nrf24l01.o
    0x0800dadc   0x0800dadc   0x00000078   Code   RO          267    .text.nrf_enable_rx_data_ready_irq  nrf24l01.o
    0x0800db54   0x0800db54   0x00000078   Code   RO          269    .text.nrf_enable_tx_data_sent_irq  nrf24l01.o
    0x0800dbcc   0x0800dbcc   0x00000038   Code   RO          273    .text.nrf_flush_rx  nrf24l01.o
    0x0800dc04   0x0800dc04   0x00000038   Code   RO          275    .text.nrf_flush_tx  nrf24l01.o
    0x0800dc3c   0x0800dc3c   0x000005b2   Code   RO          227    .text.nrf_init      nrf24l01.o
    0x0800e1ee   0x0800e1ee   0x00000002   PAD
    0x0800e1f0   0x0800e1f0   0x00000188   Code   RO          285    .text.nrf_irq_handler  nrf24l01.o
    0x0800e378   0x0800e378   0x0000001a   Code   RO          291    .text.nrf_packet_received_callback  nrf24l01.o
    0x0800e392   0x0800e392   0x00000002   PAD
    0x0800e394   0x0800e394   0x00000078   Code   RO          233    .text.nrf_power_up  nrf24l01.o
    0x0800e40c   0x0800e40c   0x00000044   Code   RO          235    .text.nrf_read_register  nrf24l01.o
    0x0800e450   0x0800e450   0x00000072   Code   RO          289    .text.nrf_read_rx_payload  nrf24l01.o
    0x0800e4c2   0x0800e4c2   0x00000002   PAD
    0x0800e4c4   0x0800e4c4   0x00000082   Code   RO          277    .text.nrf_rx_tx_control  nrf24l01.o
    0x0800e546   0x0800e546   0x00000002   PAD
    0x0800e548   0x0800e548   0x0000009c   Code   RO          281    .text.nrf_send_command  nrf24l01.o
    0x0800e5e4   0x0800e5e4   0x00000064   Code   RO          307    .text.nrf_send_packet  nrf24l01.o
    0x0800e648   0x0800e648   0x00000050   Code   RO          241    .text.nrf_set_address_width  nrf24l01.o
    0x0800e698   0x0800e698   0x00000098   Code   RO          249    .text.nrf_set_auto_ack  nrf24l01.o
    0x0800e730   0x0800e730   0x00000086   Code   RO          239    .text.nrf_set_crc_width  nrf24l01.o
    0x0800e7b6   0x0800e7b6   0x00000002   PAD
    0x0800e7b8   0x0800e7b8   0x000000b6   Code   RO          257    .text.nrf_set_data_rate  nrf24l01.o
    0x0800e86e   0x0800e86e   0x00000002   PAD
    0x0800e870   0x0800e870   0x000000d2   Code   RO          301    .text.nrf_set_feature  nrf24l01.o
    0x0800e942   0x0800e942   0x00000002   PAD
    0x0800e944   0x0800e944   0x000001d4   Code   RO          251    .text.nrf_set_pipe_address  nrf24l01.o
    0x0800eb18   0x0800eb18   0x000000f4   Code   RO          247    .text.nrf_set_pipe_dyn_payload  nrf24l01.o
    0x0800ec0c   0x0800ec0c   0x0000008e   Code   RO          261    .text.nrf_set_retransmit_count  nrf24l01.o
    0x0800ec9a   0x0800ec9a   0x00000002   PAD
    0x0800ec9c   0x0800ec9c   0x00000090   Code   RO          263    .text.nrf_set_retransmit_delay  nrf24l01.o
    0x0800ed2c   0x0800ed2c   0x00000066   Code   RO          255    .text.nrf_set_rf_channel  nrf24l01.o
    0x0800ed92   0x0800ed92   0x00000002   PAD
    0x0800ed94   0x0800ed94   0x00000076   Code   RO          253    .text.nrf_set_rx_payload_width  nrf24l01.o
    0x0800ee0a   0x0800ee0a   0x00000002   PAD
    0x0800ee0c   0x0800ee0c   0x0000003c   Code   RO          245    .text.nrf_set_rx_pipes  nrf24l01.o
    0x0800ee48   0x0800ee48   0x00000080   Code   RO          243    .text.nrf_set_tx_address  nrf24l01.o
    0x0800eec8   0x0800eec8   0x0000007e   Code   RO          259    .text.nrf_set_tx_power  nrf24l01.o
    0x0800ef46   0x0800ef46   0x00000002   PAD
    0x0800ef48   0x0800ef48   0x00000042   Code   RO          287    .text.nrf_write_register  nrf24l01.o
    0x0800ef8a   0x0800ef8a   0x00000002   PAD
    0x0800ef8c   0x0800ef8c   0x00000074   Code   RO          293    .text.nrf_write_tx_payload  nrf24l01.o
    0x0800f000   0x0800f000   0x00000014   Code   RO         2645    .text.stderr_putchar  retarget_io.o
    0x0800f014   0x0800f014   0x00000014   Code   RO         2643    .text.stdout_putchar  retarget_io.o
    0x0800f028   0x0800f028   0x00000020   Code   RO         2745    i.__0printf         mc_w.l(printfa.o)
    0x0800f048   0x0800f048   0x00000030   Code   RO         2854    i.__ARM_fpclassify  m_wm.l(fpclassify.o)
    0x0800f078   0x0800f078   0x00000008   Code   RO         2883    i.__aeabi_errno_addr  mc_w.l(errno.o)
    0x0800f080   0x0800f080   0x00000360   Code   RO         2670    i.__hardfp_asin     m_wm.l(asin.o)
    0x0800f3e0   0x0800f3e0   0x000002d8   Code   RO         2820    i.__hardfp_atan     m_wm.l(atan.o)
    0x0800f6b8   0x0800f6b8   0x00000200   Code   RO         2684    i.__hardfp_atan2    m_wm.l(atan2.o)
    0x0800f8b8   0x0800f8b8   0x0000007a   Code   RO         2710    i.__hardfp_sqrt     m_wm.l(sqrt.o)
    0x0800f932   0x0800f932   0x000000f8   Code   RO         2856    i.__kernel_poly     m_wm.l(poly.o)
    0x0800fa2a   0x0800fa2a   0x00000014   Code   RO         2835    i.__mathlib_dbl_infnan  m_wm.l(dunder.o)
    0x0800fa3e   0x0800fa3e   0x00000014   Code   RO         2836    i.__mathlib_dbl_infnan2  m_wm.l(dunder.o)
    0x0800fa52   0x0800fa52   0x00000006   PAD
    0x0800fa58   0x0800fa58   0x00000020   Code   RO         2837    i.__mathlib_dbl_invalid  m_wm.l(dunder.o)
    0x0800fa78   0x0800fa78   0x00000020   Code   RO         2840    i.__mathlib_dbl_underflow  m_wm.l(dunder.o)
    0x0800fa98   0x0800fa98   0x0000000e   Code   RO         2945    i.__scatterload_copy  mc_w.l(handlers.o)
    0x0800faa6   0x0800faa6   0x00000002   Code   RO         2946    i.__scatterload_null  mc_w.l(handlers.o)
    0x0800faa8   0x0800faa8   0x0000000e   Code   RO         2947    i.__scatterload_zeroinit  mc_w.l(handlers.o)
    0x0800fab6   0x0800fab6   0x00000002   PAD
    0x0800fab8   0x0800fab8   0x0000000c   Code   RO         2885    i.__set_errno       mc_w.l(errno.o)
    0x0800fac4   0x0800fac4   0x00000184   Code   RO         2752    i._fp_digits        mc_w.l(printfa.o)
    0x0800fc48   0x0800fc48   0x000006dc   Code   RO         2753    i._printf_core      mc_w.l(printfa.o)
    0x08010324   0x08010324   0x00000024   Code   RO         2754    i._printf_post_padding  mc_w.l(printfa.o)
    0x08010348   0x08010348   0x0000002e   Code   RO         2755    i._printf_pre_padding  mc_w.l(printfa.o)
    0x08010376   0x08010376   0x00000010   Code   RO         2822    i.atan              m_wm.l(atan.o)
    0x08010386   0x08010386   0x00000018   Code   RO         2850    i.fabs              m_wm.l(fabs.o)
    0x0801039e   0x0801039e   0x00000002   PAD
    0x080103a0   0x080103a0   0x00000050   Code   RO         2772    i.free              mc_w.l(malloc.o)
    0x080103f0   0x080103f0   0x0000006c   Code   RO         2773    i.malloc            mc_w.l(malloc.o)
    0x0801045c   0x0801045c   0x0000006e   Code   RO         2712    i.sqrt              m_wm.l(sqrt.o)
    0x080104ca   0x080104ca   0x00000006   PAD
    0x080104d0   0x080104d0   0x00000050   Data   RO         2673    .constdata          m_wm.l(asin.o)
    0x08010520   0x08010520   0x00000098   Data   RO         2823    .constdata          m_wm.l(atan.o)
    0x080105b8   0x080105b8   0x00000008   Data   RO         2858    .constdata          m_wm.l(qnan.o)
    0x080105c0   0x080105c0   0x00000081   Data   RO         2912    .constdata          mc_w.l(ctype_o.o)
    0x08010641   0x08010641   0x00000003   PAD
    0x08010644   0x08010644   0x00000004   Data   RO         2913    .constdata          mc_w.l(ctype_o.o)
    0x08010648   0x08010648   0x00000010   Data   RO         2008    .rodata.AHBPrescTable  system_stm32f4xx.o
    0x08010658   0x08010658   0x00000008   Data   RO         2009    .rodata.APBPrescTable  system_stm32f4xx.o
    0x08010660   0x08010660   0x00000040   Data   RO          349    .rodata.GGA         nmea_parser.o
    0x080106a0   0x080106a0   0x00000054   Data   RO          351    .rodata.GSV         nmea_parser.o
    0x080106f4   0x080106f4   0x00000008   Data   RO         2585    .rodata.MSC_Mode_Sense10_data  usbd_msc_data.o
    0x080106fc   0x080106fc   0x00000008   Data   RO         2584    .rodata.MSC_Mode_Sense6_data  usbd_msc_data.o
    0x08010704   0x08010704   0x00000007   Data   RO         2583    .rodata.MSC_Page00_Inquiry_Data  usbd_msc_data.o
    0x0801070b   0x0801070b   0x00000001   PAD
    0x0801070c   0x0801070c   0x00000038   Data   RO          348    .rodata.RMC         nmea_parser.o
    0x08010744   0x08010744   0x00000024   Data   RO         2392    .rodata.STORAGE_Inquirydata_FS  usbd_storage_if.o
    0x08010768   0x08010768   0x00000028   Data   RO          352    .rodata.VTG         nmea_parser.o
    0x08010790   0x08010790   0x000000d5   Data   RO          418    .rodata.str1.1      main.o
    0x08010865   0x08010865   0x00000012   Data   RO          450    .rodata.str1.1      crc.o
    0x08010877   0x08010877   0x00000012   Data   RO          490    .rodata.str1.1      spi.o
    0x08010889   0x08010889   0x00000012   Data   RO          510    .rodata.str1.1      tim.o
    0x0801089b   0x0801089b   0x00000014   Data   RO          530    .rodata.str1.1      usart.o
    0x080108af   0x080108af   0x00000038   Data   RO          697    .rodata.str1.1      stm32f4xx_hal_pcd.o
    0x080108e7   0x080108e7   0x00000038   Data   RO          837    .rodata.str1.1      stm32f4xx_hal_crc.o
    0x0801091f   0x0801091f   0x00000038   Data   RO         1116    .rodata.str1.1      stm32f4xx_hal_spi.o
    0x08010957   0x08010957   0x00000038   Data   RO         1339    .rodata.str1.1      stm32f4xx_hal_tim.o
    0x0801098f   0x0801098f   0x00000039   Data   RO         1545    .rodata.str1.1      stm32f4xx_hal_uart.o
    0x080109c8   0x080109c8   0x00000038   Data   RO         1584    .rodata.str1.1      stm32f4xx_hal_rcc.o
    0x08010a00   0x08010a00   0x00000039   Data   RO         1724    .rodata.str1.1      stm32f4xx_hal_gpio.o
    0x08010a39   0x08010a39   0x0000003b   Data   RO         1928    .rodata.str1.1      stm32f4xx_hal_cortex.o
    0x08010a74   0x08010a74   0x0000001a   Data   RO         2338    .rodata.str1.1      usbd_conf.o
    0x08010a8e   0x08010a8e   0x0000003b   Data   RO         2366    .rodata.str1.1      usbd_desc.o
    0x08010ac9   0x08010ac9   0x00000003   PAD
    0x08010acc   0x08010acc   0x00000020   Data   RO         2943    Region$$Table       anon$$obj.o


    Execution Region RW_IRAM1 (Exec base: 0x20000000, Load base: 0x08010af0, Size: 0x000093e0, Max: 0x00020000, ABSOLUTE, COMPRESSED[0x000000c8])

    Exec Addr    Load Addr    Size         Type   Attr      Idx    E Section Name        Object

    0x20000000   COMPRESSED   0x00000004   Data   RW         2730    .data               mc_w.l(stdout.o)
    0x20000004   COMPRESSED   0x00000004   Data   RW         2731    .data               mc_w.l(stderr.o)
    0x20000008   COMPRESSED   0x00000004   Data   RW         2881    .data               mc_w.l(mvars.o)
    0x2000000c   COMPRESSED   0x00000004   Data   RW         2882    .data               mc_w.l(mvars.o)
    0x20000010   COMPRESSED   0x00000004   Data   RW         2886    .data               mc_w.l(errno.o)
    0x20000014   COMPRESSED   0x0000001c   Data   RW         2363    .data.FS_Desc       usbd_desc.o
    0x20000030   COMPRESSED   0x00000001   Data   RW          358    .data.NMEA_Parser.ByteCount  nmea_parser.o
    0x20000031   COMPRESSED   0x00000001   Data   RW          361    .data.NMEA_Parser.ComaPoint  nmea_parser.o
    0x20000032   COMPRESSED   0x00000002   PAD
    0x20000034   COMPRESSED   0x00000004   Data   RW          360    .data.NMEA_Parser.MsgTxt  nmea_parser.o
    0x20000038   COMPRESSED   0x00000004   Data   RW          185    .data.PI            mpu9250.o
    0x2000003c   COMPRESSED   0x00000004   Data   RW         2007    .data.SystemCoreClock  system_stm32f4xx.o
    0x20000040   COMPRESSED   0x00000012   Data   RW         2364    .data.USBD_FS_DeviceDesc  usbd_desc.o
    0x20000052   COMPRESSED   0x00000002   PAD
    0x20000054   COMPRESSED   0x00000004   Data   RW         2365    .data.USBD_LangIDDesc  usbd_desc.o
    0x20000058   COMPRESSED   0x00000038   Data   RW         2538    .data.USBD_MSC      usbd_msc.o
    0x20000090   COMPRESSED   0x00000020   Data   RW         2540    .data.USBD_MSC_CfgFSDesc  usbd_msc.o
    0x200000b0   COMPRESSED   0x00000020   Data   RW         2539    .data.USBD_MSC_CfgHSDesc  usbd_msc.o
    0x200000d0   COMPRESSED   0x0000000a   Data   RW         2542    .data.USBD_MSC_DeviceQualifierDesc  usbd_msc.o
    0x200000da   COMPRESSED   0x00000002   PAD
    0x200000dc   COMPRESSED   0x00000020   Data   RW         2541    .data.USBD_MSC_OtherSpeedCfgDesc  usbd_msc.o
    0x200000fc   COMPRESSED   0x00000020   Data   RW         2393    .data.USBD_Storage_Interface_fops_FS  usbd_storage_if.o
    0x2000011c   COMPRESSED   0x00000014   Data   RW          602    .data.USER_Driver   user_diskio.o
    0x20000130   COMPRESSED   0x00000001   Data   RW          379    .data.msg_wait_crc  gnss_utils.o
    0x20000131   COMPRESSED   0x00000003   PAD
    0x20000134   COMPRESSED   0x00000010   Data   RW          190    .data.q             mpu9250.o
    0x20000144   COMPRESSED   0x00000004   Data   RW         1990    .data.uwTickFreq    stm32f4xx_hal.o
    0x20000148   COMPRESSED   0x00000004   Data   RW         1989    .data.uwTickPrio    stm32f4xx_hal.o
    0x2000014c   COMPRESSED   0x00000004   PAD
    0x20000150        -       0x0000000c   Zero   RW          341    .bss.AltitudaMSL    nmea_parser.o
    0x2000015c        -       0x00000008   Zero   RW          342    .bss.COG            nmea_parser.o
    0x20000164        -       0x00000004   Zero   RW          343    .bss.COGstat        nmea_parser.o
    0x20000168        -       0x0000000a   Zero   RW          338    .bss.CourseTrue     nmea_parser.o
    0x20000172        -       0x0000000c   Zero   RW          339    .bss.Data           nmea_parser.o
    0x2000017e        -       0x00000001   Zero   RW          355    .bss.DataDone       nmea_parser.o
    0x2000017f        -       0x00000003   Zero   RW          337    .bss.EW             nmea_parser.o
    0x20000182        -       0x00000001   Zero   RW          353    .bss.GLONAS_COUNT   nmea_parser.o
    0x20000183        -       0x00000001   Zero   RW          354    .bss.GPS_COUNT      nmea_parser.o
    0x20000184        -       0x00000008   Zero   RW          347    .bss.Knot           nmea_parser.o
    0x2000018c        -       0x00000001   Zero   RW          362    .bss.NMEA_Parser.CharPoint  nmea_parser.o
    0x2000018d   COMPRESSED   0x00000003   PAD
    0x20000190        -       0x00000004   Zero   RW          359    .bss.NMEA_Parser.MsgType  nmea_parser.o
    0x20000194        -       0x00000003   Zero   RW          335    .bss.NS             nmea_parser.o
    0x20000197   COMPRESSED   0x00000001   PAD
    0x20000198        -       0x00000004   Zero   RW          189    .bss.Now            mpu9250.o
    0x2000019c        -       0x00000010   Zero   RW          334    .bss.SLatitude      nmea_parser.o
    0x200001ac        -       0x0000000c   Zero   RW          336    .bss.SLongitude     nmea_parser.o
    0x200001b8        -       0x0000000c   Zero   RW          331    .bss.SLongitudePtr  nmea_parser.o
    0x200001c4        -       0x00000004   Zero   RW          340    .bss.SatCount       nmea_parser.o
    0x200001c8        -       0x00000008   Zero   RW          344    .bss.Speed          nmea_parser.o
    0x200001d0        -       0x00000001   Zero   RW          603    .bss.Stat           user_diskio.o
    0x200001d1        -       0x00000002   Zero   RW          333    .bss.Status         nmea_parser.o
    0x200001d3        -       0x0000000c   Zero   RW          332    .bss.Time           nmea_parser.o
    0x200001df        -       0x00000020   Zero   RW          346    .bss.UNUSED         nmea_parser.o
    0x200001ff        -       0x00000001   Zero   RW         2483    .bss.USBD_SetConfig.cfgidx  usbd_ctlreq.o
    0x20000200        -       0x00000200   Zero   RW         2367    .bss.USBD_StrDesc   usbd_desc.o
    0x20000400        -       0x00000004   Zero   RW          617    .bss.USERPath       fatfs.o
    0x20000404        -       0x00000004   Zero   RW          350    .bss.ViewSat        nmea_parser.o
    0x20000408        -       0x00000004   Zero   RW          198    .bss.aRes           mpu9250.o
    0x2000040c        -       0x0000000c   Zero   RW          182    .bss.accelBias      mpu9250.o
    0x20000418        -       0x00000006   Zero   RW          199    .bss.accelCount     mpu9250.o
    0x2000041e   COMPRESSED   0x00000002   PAD
    0x20000420        -       0x00000260   Zero   RW          604    .bss.at45db_dataflash  user_diskio.o
    0x20000680        -       0x00000260   Zero   RW         2394    .bss.at45db_dataflash_usb  usbd_storage_if.o
    0x200008e0        -       0x00000004   Zero   RW          202    .bss.ax             mpu9250.o
    0x200008e4        -       0x00000004   Zero   RW          203    .bss.ay             mpu9250.o
    0x200008e8        -       0x00000004   Zero   RW          204    .bss.az             mpu9250.o
    0x200008ec        -       0x00000004   Zero   RW          193    .bss.beta           mpu9250.o
    0x200008f0        -       0x00000004   Zero   RW          184    .bss.count          mpu9250.o
    0x200008f4        -       0x00000004   Zero   RW          183    .bss.delt_t         mpu9250.o
    0x200008f8        -       0x00000004   Zero   RW          186    .bss.deltat         mpu9250.o
    0x200008fc        -       0x0000000c   Zero   RW         2257    .bss.disk           ff_gen_drv.o
    0x20000908        -       0x00000004   Zero   RW          197    .bss.gRes           mpu9250.o
    0x2000090c        -       0x00000004   Zero   RW          205    .bss.gx             mpu9250.o
    0x20000910        -       0x00000004   Zero   RW          206    .bss.gy             mpu9250.o
    0x20000914        -       0x0000000c   Zero   RW          181    .bss.gyroBias       mpu9250.o
    0x20000920        -       0x00000006   Zero   RW          200    .bss.gyroCount      mpu9250.o
    0x20000926   COMPRESSED   0x00000002   PAD
    0x20000928        -       0x00000004   Zero   RW          207    .bss.gz             mpu9250.o
    0x2000092c        -       0x00000224   Zero   RW         2270    .bss.hUsbDeviceFS   usb_device.o
    0x20000b50        -       0x0000000c   Zero   RW          449    .bss.hcrc           crc.o
    0x20000b5c        -       0x0000005c   Zero   RW          467    .bss.hi2c3          i2c.o
    0x20000bb8        -       0x000003f4   Zero   RW         2337    .bss.hpcd_USB_OTG_FS  usbd_conf.o
    0x20000fac        -       0x0000005c   Zero   RW          489    .bss.hspi1          spi.o
    0x20001008        -       0x0000005c   Zero   RW          491    .bss.hspi2          spi.o
    0x20001064        -       0x0000005c   Zero   RW          492    .bss.hspi3          spi.o
    0x200010c0        -       0x00000040   Zero   RW          509    .bss.htim14         tim.o
    0x20001100        -       0x00000048   Zero   RW          529    .bss.huart1         usart.o
    0x20001148        -       0x00000048   Zero   RW          531    .bss.huart3         usart.o
    0x20001190        -       0x00000004   Zero   RW          187    .bss.lastUpdate     mpu9250.o
    0x20001194        -       0x00000004   Zero   RW          196    .bss.mRes           mpu9250.o
    0x20001198        -       0x0000000c   Zero   RW          179    .bss.magCalibration  mpu9250.o
    0x200011a4        -       0x00000006   Zero   RW          201    .bss.magCount       mpu9250.o
    0x200011aa   COMPRESSED   0x00000002   PAD
    0x200011ac        -       0x0000000c   Zero   RW          180    .bss.magbias        mpu9250.o
    0x200011b8        -       0x00000001   Zero   RW          377    .bss.msg_end        gnss_utils.o
    0x200011b9        -       0x00000001   Zero   RW          380    .bss.msg_ready      gnss_utils.o
    0x200011ba        -       0x00000001   Zero   RW          378    .bss.msg_start      gnss_utils.o
    0x200011bb   COMPRESSED   0x00000001   PAD
    0x200011bc        -       0x00000004   Zero   RW          208    .bss.mx             mpu9250.o
    0x200011c0        -       0x00000004   Zero   RW          209    .bss.my             mpu9250.o
    0x200011c4        -       0x00000004   Zero   RW          210    .bss.mz             mpu9250.o
    0x200011c8        -       0x000000ff   Zero   RW          375    .bss.nmea_line      gnss_utils.o
    0x200012c7        -       0x00000001   Zero   RW          376    .bss.nmea_pos       gnss_utils.o
    0x200012c8        -       0x000000ec   Zero   RW          416    .bss.nrf            main.o
    0x200013b4        -       0x00000004   Zero   RW          214    .bss.pitch          mpu9250.o
    0x200013b8        -       0x00000001   Zero   RW          618    .bss.retUSER        fatfs.o
    0x200013b9   COMPRESSED   0x00000003   PAD
    0x200013bc        -       0x00000004   Zero   RW          216    .bss.roll           mpu9250.o
    0x200013c0        -       0x00000001   Zero   RW          407    .bss.rxbuf          main.o
    0x200013c1   COMPRESSED   0x00000003   PAD
    0x200013c4        -       0x00000004   Zero   RW          414    .bss.sum            main.o
    0x200013c8        -       0x00000004   Zero   RW          415    .bss.sumCount       main.o
    0x200013cc        -       0x00000002   Zero   RW          211    .bss.tempCount      mpu9250.o
    0x200013ce   COMPRESSED   0x00000002   PAD
    0x200013d0        -       0x00000004   Zero   RW          212    .bss.temperature    mpu9250.o
    0x200013d4        -       0x00000004   Zero   RW         1991    .bss.uwTick         stm32f4xx_hal.o
    0x200013d8        -       0x00000004   Zero   RW          215    .bss.yaw            mpu9250.o
    0x200013dc   COMPRESSED   0x00000004   PAD
    0x200013e0        -       0x00004000   Zero   RW            2    HEAP                startup_stm32f407xx.o
    0x200053e0        -       0x00004000   Zero   RW            1    STACK               startup_stm32f407xx.o


==============================================================================

Image component sizes


      Code (inc. data)   RO Data    RW Data    ZI Data      Debug   Object Name

      1524          0          0          0          0      11312   at45db.o
       116          0         18          0         12       2790   crc.o
        34          0          0          0          5       2252   fatfs.o
       174          0          0          0         12       2603   ff_gen_drv.o
       440          0          0          1        259       1262   gnss_utils.o
       578          0          0          0          0       4262   gpio.o
         0          0          0          0         92       5407   i2c.o
      2604         32        213          0        245      15976   main.o
      3296          0          0         20        156      13214   mpu9250.o
      1338          0        244          6        170       2650   nmea_parser.o
      5852          6          0          0          0      18228   nrf24l01.o
       198          0          0          0          0       3041   retarget_io.o
       544          0         18          0        276       5828   spi.o
        36          8        392          0      32768        844   startup_stm32f407xx.o
       288          0          0          8          4       7767   stm32f4xx_hal.o
       774          0         59          0          0      10535   stm32f4xx_hal_cortex.o
       108          0         56          0          0       3077   stm32f4xx_hal_crc.o
        62          0          0          0          0       9057   stm32f4xx_hal_dma.o
      2056          0         57          0          0       5587   stm32f4xx_hal_gpio.o
      3460          0          0          0          0      33790   stm32f4xx_hal_i2c.o
       178          0          0          0          0       3433   stm32f4xx_hal_msp.o
      4570          0         56          0          0      13065   stm32f4xx_hal_pcd.o
       216          0          0          0          0       3622   stm32f4xx_hal_pcd_ex.o
      3550          0         56          0          0       7583   stm32f4xx_hal_rcc.o
      3296          0         56          0          0      19696   stm32f4xx_hal_spi.o
      1694          0         56          0          0      32755   stm32f4xx_hal_tim.o
        24          0          0          0          0      13509   stm32f4xx_hal_tim_ex.o
      3132          0         57          0          0      16974   stm32f4xx_hal_uart.o
       112          0          0          0          0       2067   stm32f4xx_it.o
      4468          0          0          0          0      16946   stm32f4xx_ll_usb.o
       110          0         24          4          0       2735   system_stm32f4xx.o
       154          0         18          0         64       6580   tim.o
       356          0         20          0        144       7267   usart.o
        80          0          0          0        548       3053   usb_device.o
      1838         36         26          0       1012      14880   usbd_conf.o
      1418          0          0          0          0       7056   usbd_core.o
      2548         24          0          0          1       7400   usbd_ctlreq.o
       460          0         59         50        512       2953   usbd_desc.o
       294          0          0          0          0       4349   usbd_ioreq.o
       928          0          0        162          0       7334   usbd_msc.o
      1134          0          0          0          0       7145   usbd_msc_bot.o
         0          0         23          0          0        833   usbd_msc_data.o
      3318        182          0          0          0       9825   usbd_msc_scsi.o
       472          0         36         32        608       6875   usbd_storage_if.o
       648         28          0         20        609       6488   user_diskio.o

    ----------------------------------------------------------------------
     58820        316       1580        312      37524     383905   Object Totals
         0          0         32          0          0          0   (incl. Generated)
       340          0          4          9         27          0   (incl. Padding)

    ----------------------------------------------------------------------

      Code (inc. data)   RO Data    RW Data    ZI Data      Debug   Library Member Name

       864         94         80          0          0        280   asin.o
       744        106        152          0          0        352   atan.o
       512         64          0          0          0        208   atan2.o
       104         16          0          0          0        496   dunder.o
        24          0          0          0          0        124   fabs.o
        48          0          0          0          0        124   fpclassify.o
       248          0          0          0          0        152   poly.o
         0          0          8          0          0          0   qnan.o
       232          0          0          0          0        296   sqrt.o
        86          0          0          0          0          0   __dczerorl2.o
        28          0          0          0          0         68   _chval.o
       158          0          0          0          0         92   _strtoul.o
        26          0          0          0          0         80   atoi.o
         8          4        133          0          0         68   ctype_o.o
         0          0          0          0          0          0   entry.o
         0          0          0          0          0          0   entry10a.o
         0          0          0          0          0          0   entry11a.o
         8          4          0          0          0          0   entry2.o
         4          0          0          0          0          0   entry5.o
         0          0          0          0          0          0   entry7b.o
         0          0          0          0          0          0   entry8b.o
         8          4          0          0          0          0   entry9a.o
        20         10          0          4          0        136   errno.o
        30          0          0          0          0          0   handlers.o
        36          8          0          0          0         68   init.o
         0          0          0          0          0          0   iusefp.o
        30          0          0          0          0         68   llshl.o
        36          0          0          0          0         68   llsshr.o
        32          0          0          0          0         68   llushr.o
       188         20          0          0          0        160   malloc.o
        36          0          0          0          0         68   memcpya.o
        36          0          0          0          0        108   memseta.o
         0          0          0          8          0          0   mvars.o
      2258         90          0          0          0        452   printfa.o
         0          0          0          4          0          0   stderr.o
         0          0          0          4          0          0   stdout.o
       112          0          0          0          0         88   strtol.o
        44          0          0          0          0         80   uidiv.o
        98          0          0          0          0         92   uldiv.o
        48          0          0          0          0         68   cdcmple.o
        48          0          0          0          0         68   cdrcmple.o
        56          0          0          0          0         88   d2f.o
       334          0          0          0          0        148   dadd.o
       222          0          0          0          0        100   ddiv.o
       186          0          0          0          0        176   depilogue.o
        48          0          0          0          0         68   dfixul.o
       228          0          0          0          0         96   dmul.o
       162          0          0          0          0        100   dsqrt.o
        38          0          0          0          0         68   f2d.o
       110          0          0          0          0        168   fepilogue.o

    ----------------------------------------------------------------------
      7556        420        376         20          0       4944   Library Totals
        18          0          3          0          0          0   (incl. Padding)

    ----------------------------------------------------------------------

      Code (inc. data)   RO Data    RW Data    ZI Data      Debug   Library Name

      2776        280        240          0          0       2032   m_wm.l
      3282        140        133         20          0       1764   mc_w.l
      1480          0          0          0          0       1148   mf_w.l

    ----------------------------------------------------------------------
      7556        420        376         20          0       4944   Library Totals

    ----------------------------------------------------------------------

==============================================================================


      Code (inc. data)   RO Data    RW Data    ZI Data      Debug   

     66376        736       1956        332      37524     385769   Grand Totals
     66376        736       1956        200      37524     385769   ELF Image Totals (compressed)
     66376        736       1956        200          0          0   ROM Totals

==============================================================================

    Total RO  Size (Code + RO Data)                68332 (  66.73kB)
    Total RW  Size (RW Data + ZI Data)             37856 (  36.97kB)
    Total ROM Size (Code + RO Data + RW Data)      68532 (  66.93kB)

==============================================================================

