<html>
<body>
<pre>
<h1>µVision Build Log</h1>
<h2>Tool Versions:</h2>
IDE-Version: µVision V5.24.2.0
Copyright (C) 2017 ARM Ltd and ARM Germany GmbH. All rights reserved.
License Information: Jvbx  , Hekata, LIC=MGX2Z-JKA1V-GNZA5-GQA67-5FI8M-CHI9U
 
Tool Versions:
Toolchain:       MDK-ARM Professional  Version: 5.24.1
Toolchain Path:  D:\Keil_v5\ARM\ARMCC6.10\Bin
C Compiler:      Armcc.exe
Assembler:       Armasm.exe V6.10.1
Linker/Locator:  ArmLink.exe
Library Manager: ArmAr.exe V6.10.1
Hex Converter:   FromElf.exe
CPU DLL:         SARMCM3.DLL V5.24.1
Dialog DLL:      DCM.DLL V1.16.0.0
Target DLL:      STLink\ST-LINKIII-KEIL_SWO.dll V3.0.1.0
Dialog DLL:      TCM.DLL V1.32.0.0
 
<h2>Project:</h2>
D:\users\user\desktop\festral_unicore\v2.0\Radio\FSTRL_FATFS\MDK-ARM\FSTRL_FATFS.uvprojx
Project File Date:  08/19/2018

<h2>Output:</h2>
*** Using Compiler 'V6.10.1', folder: 'D:\Keil_v5\ARM\ARMCC6.10\Bin'
Rebuild target 'FSTRL_FATFS'
assembling startup_stm32f407xx.s...
compiling gpio.c...
compiling crc.c...
compiling main.c...
compiling i2c.c...
compiling spi.c...
compiling tim.c...
compiling usart.c...
compiling stm32f4xx_it.c...
compiling stm32f4xx_hal_msp.c...
compiling at45db.c...
compiling bmp280.c...
compiling bmp280_localfunc.c...
compiling mpu9250.c...
compiling nmea_parser.c...
compiling nrf24l01.c...
compiling gnss_utils.c...
compiling fatfs.c...
compiling user_diskio.c...
compiling stm32f4xx_hal_crc.c...
compiling stm32f4xx_hal_i2c.c...
compiling stm32f4xx_hal_i2c_ex.c...
compiling stm32f4xx_hal_spi.c...
compiling stm32f4xx_hal_tim_ex.c...
compiling stm32f4xx_hal_tim.c...
compiling stm32f4xx_hal_uart.c...
compiling stm32f4xx_hal_rcc.c...
compiling stm32f4xx_hal_rcc_ex.c...
compiling stm32f4xx_hal_flash_ex.c...
compiling stm32f4xx_hal_flash.c...
compiling stm32f4xx_hal_flash_ramfunc.c...
compiling stm32f4xx_hal_gpio.c...
compiling stm32f4xx_hal_dma_ex.c...
compiling stm32f4xx_hal_dma.c...
compiling stm32f4xx_hal_pwr.c...
compiling stm32f4xx_hal_pwr_ex.c...
compiling stm32f4xx_hal_cortex.c...
compiling stm32f4xx_hal.c...
compiling system_stm32f4xx.c...
compiling syscall.c...
compiling diskio.c...
compiling ff_gen_drv.c...
compiling ff.c...
linking...
Program Size: Code=68560 RO-data=3068 RW-data=76 ZI-data=19028  
FromELF: creating hex file...
".\FSTRL_FATFS\FSTRL_FATFS.axf" - 0 Error(s), 0 Warning(s).

<h2>Software Packages used:</h2>

Package Vendor: ARM
                http://www.keil.com/pack/ARM.CMSIS.5.4.0.pack
                ARM.CMSIS.5.4.0
                CMSIS (Cortex Microcontroller Software Interface Standard)
   * Component: CORE Version: 5.1.2

Package Vendor: Keil
                http://www.keil.com/pack/Keil.STM32F4xx_DFP.2.13.0.pack
                Keil.STM32F4xx_DFP.2.13.0
                STMicroelectronics STM32F4 Series Device Support, Drivers and Examples

<h2>Collection of Component include folders:</h2>
  .\RTE\_FSTRL_FATFS
  D:\Keil_v5\ARM\PACK\ARM\CMSIS\5.4.0\CMSIS\Core\Include
  D:\Keil_v5\ARM\PACK\Keil\STM32F4xx_DFP\2.13.0\Drivers\CMSIS\Device\ST\STM32F4xx\Include

<h2>Collection of Component Files used:</h2>

   * Component: ARM::CMSIS:CORE:5.1.2
Build Time Elapsed:  00:00:22
</pre>
</body>
</html>
