Component: ARM Compiler 6.10.1 Tool: armlink [5d142800]

==============================================================================

Section Cross References

    startup_stm32f407xx.o(RESET) refers to startup_stm32f407xx.o(STACK) for __initial_sp
    startup_stm32f407xx.o(RESET) refers to startup_stm32f407xx.o(.text) for Reset_Handler
    startup_stm32f407xx.o(RESET) refers to stm32f4xx_it.o(.text.NMI_Handler) for NMI_Handler
    startup_stm32f407xx.o(RESET) refers to stm32f4xx_it.o(.text.HardFault_Handler) for HardFault_Handler
    startup_stm32f407xx.o(RESET) refers to stm32f4xx_it.o(.text.MemManage_Handler) for MemManage_Handler
    startup_stm32f407xx.o(RESET) refers to stm32f4xx_it.o(.text.BusFault_Handler) for BusFault_Handler
    startup_stm32f407xx.o(RESET) refers to stm32f4xx_it.o(.text.UsageFault_Handler) for UsageFault_Handler
    startup_stm32f407xx.o(RESET) refers to stm32f4xx_it.o(.text.SVC_Handler) for SVC_Handler
    startup_stm32f407xx.o(RESET) refers to stm32f4xx_it.o(.text.DebugMon_Handler) for DebugMon_Handler
    startup_stm32f407xx.o(RESET) refers to stm32f4xx_it.o(.text.PendSV_Handler) for PendSV_Handler
    startup_stm32f407xx.o(RESET) refers to stm32f4xx_it.o(.text.SysTick_Handler) for SysTick_Handler
    startup_stm32f407xx.o(RESET) refers to stm32f4xx_it.o(.text.EXTI0_IRQHandler) for EXTI0_IRQHandler
    startup_stm32f407xx.o(RESET) refers to stm32f4xx_it.o(.text.USART3_IRQHandler) for USART3_IRQHandler
    startup_stm32f407xx.o(RESET) refers to stm32f4xx_it.o(.text.EXTI15_10_IRQHandler) for EXTI15_10_IRQHandler
    startup_stm32f407xx.o(RESET) refers to stm32f4xx_it.o(.text.TIM8_TRG_COM_TIM14_IRQHandler) for TIM8_TRG_COM_TIM14_IRQHandler
    startup_stm32f407xx.o(.text) refers to system_stm32f4xx.o(.text.SystemInit) for SystemInit
    startup_stm32f407xx.o(.text) refers to entry.o(.ARM.Collect$$$$00000000) for __main
    main.o(.text.fputc) refers to main.o(.text.ITM_SendChar) for ITM_SendChar
    main.o(.ARM.exidx.text.fputc) refers to main.o(.text.fputc) for [Anonymous Symbol]
    main.o(.ARM.exidx.text.ITM_SendChar) refers to main.o(.text.ITM_SendChar) for [Anonymous Symbol]
    main.o(.text.main) refers to stm32f4xx_hal.o(.text.HAL_Init) for HAL_Init
    main.o(.text.main) refers to main.o(.text.SystemClock_Config) for SystemClock_Config
    main.o(.text.main) refers to gpio.o(.text.MX_GPIO_Init) for MX_GPIO_Init
    main.o(.text.main) refers to spi.o(.text.MX_SPI3_Init) for MX_SPI3_Init
    main.o(.text.main) refers to usart.o(.text.MX_USART1_UART_Init) for MX_USART1_UART_Init
    main.o(.text.main) refers to usart.o(.text.MX_USART3_UART_Init) for MX_USART3_UART_Init
    main.o(.text.main) refers to tim.o(.text.MX_TIM14_Init) for MX_TIM14_Init
    main.o(.text.main) refers to spi.o(.text.MX_SPI2_Init) for MX_SPI2_Init
    main.o(.text.main) refers to crc.o(.text.MX_CRC_Init) for MX_CRC_Init
    main.o(.text.main) refers to spi.o(.text.MX_SPI1_Init) for MX_SPI1_Init
    main.o(.text.main) refers to i2c.o(.text.MX_I2C3_Init) for MX_I2C3_Init
    main.o(.text.main) refers to fatfs.o(.text.MX_FATFS_Init) for MX_FATFS_Init
    main.o(.text.main) refers to main.o(.bss.dataflash) for dataflash
    main.o(.text.main) refers to at45db.o(.text.at45db_init) for at45db_init
    main.o(.text.main) refers to main.o(.rodata.str1.1) for .L.str
    main.o(.text.main) refers to printfa.o(i.__0printf) for printf
    main.o(.text.main) refers to ff.o(.text.f_mount) for f_mount
    main.o(.text.main) refers to ff.o(.text.f_getfree) for f_getfree
    main.o(.text.main) refers to ff.o(.text.f_opendir) for f_opendir
    main.o(.text.main) refers to ff.o(.text.f_readdir) for f_readdir
    main.o(.text.main) refers to ff.o(.text.f_closedir) for f_closedir
    main.o(.text.main) refers to printfa.o(i.__0snprintf) for snprintf
    main.o(.text.main) refers to ff.o(.text.f_open) for f_open
    main.o(.text.main) refers to strlen.o(.text) for strlen
    main.o(.text.main) refers to ff.o(.text.f_write) for f_write
    main.o(.text.main) refers to ff.o(.text.f_close) for f_close
    main.o(.text.main) refers to ff.o(.text.f_read) for f_read
    main.o(.text.main) refers to main.o(.bss.bmp280) for bmp280
    main.o(.text.main) refers to bmp280_localfunc.o(.text.BMP280_Config_and_run) for BMP280_Config_and_run
    main.o(.text.main) refers to bmp280.o(.text.bmp280_compute_meas_time) for bmp280_compute_meas_time
    main.o(.text.main) refers to main.o(.data.meas_dur) for meas_dur
    main.o(.text.main) refers to bmp280.o(.text.bmp280_get_status) for bmp280_get_status
    main.o(.text.main) refers to bmp280.o(.text.bmp280_get_uncomp_data) for bmp280_get_uncomp_data
    main.o(.text.main) refers to bmp280.o(.text.bmp280_comp_temp_32bit) for bmp280_comp_temp_32bit
    main.o(.text.main) refers to main.o(.bss.temp32) for temp32
    main.o(.text.main) refers to bmp280.o(.text.bmp280_comp_pres_32bit) for bmp280_comp_pres_32bit
    main.o(.text.main) refers to main.o(.bss.pres32) for pres32
[...]
    HAL_UART_IRQHandler                      0x080048c1   Thumb Code   544  stm32f4xx_hal_uart.o(.text.HAL_UART_IRQHandler)
    HAL_UART_Init                            0x08004ae1   Thumb Code   536  stm32f4xx_hal_uart.o(.text.HAL_UART_Init)
    HAL_UART_MspInit                         0x08004cf9   Thumb Code   216  usart.o(.text.HAL_UART_MspInit)
    HAL_UART_Receive_IT                      0x08004dd1   Thumb Code   196  stm32f4xx_hal_uart.o(.text.HAL_UART_Receive_IT)
    HAL_UART_RxCpltCallback                  0x08004e95   Thumb Code    64  main.o(.text.HAL_UART_RxCpltCallback)
    HAL_UART_TxCpltCallback                  0x08004ed5   Thumb Code    12  stm32f4xx_hal_uart.o(.text.HAL_UART_TxCpltCallback)
    HardFault_Handler                        0x08004ee1   Thumb Code     4  stm32f4xx_it.o(.text.HardFault_Handler)
    MX_CRC_Init                              0x080056b5   Thumb Code    48  crc.o(.text.MX_CRC_Init)
    MX_FATFS_Init                            0x080056e5   Thumb Code    34  fatfs.o(.text.MX_FATFS_Init)
    MX_GPIO_Init                             0x08005709   Thumb Code   578  gpio.o(.text.MX_GPIO_Init)
    MX_I2C3_Init                             0x0800594d   Thumb Code    78  i2c.o(.text.MX_I2C3_Init)
    MX_SPI1_Init                             0x0800599d   Thumb Code    84  spi.o(.text.MX_SPI1_Init)
    MX_SPI2_Init                             0x080059f1   Thumb Code    86  spi.o(.text.MX_SPI2_Init)
    MX_SPI3_Init                             0x08005a49   Thumb Code    84  spi.o(.text.MX_SPI3_Init)
    MX_TIM14_Init                            0x08005a9d   Thumb Code    66  tim.o(.text.MX_TIM14_Init)
    MX_USART1_UART_Init                      0x08005ae1   Thumb Code    70  usart.o(.text.MX_USART1_UART_Init)
    MX_USART3_UART_Init                      0x08005b29   Thumb Code    70  usart.o(.text.MX_USART3_UART_Init)
    MemManage_Handler                        0x08005b71   Thumb Code     4  stm32f4xx_it.o(.text.MemManage_Handler)
    NMEA_Parser                              0x08005b75   Thumb Code  1338  nmea_parser.o(.text.NMEA_Parser)
    NMI_Handler                              0x080060b1   Thumb Code     8  stm32f4xx_it.o(.text.NMI_Handler)
    PendSV_Handler                           0x0800622d   Thumb Code     2  stm32f4xx_it.o(.text.PendSV_Handler)
    SVC_Handler                              0x08006395   Thumb Code     2  stm32f4xx_it.o(.text.SVC_Handler)
    SysTick_Handler                          0x080063f5   Thumb Code    12  stm32f4xx_it.o(.text.SysTick_Handler)
    SystemClock_Config                       0x08006401   Thumb Code   260  main.o(.text.SystemClock_Config)
    SystemInit                               0x08006505   Thumb Code   110  system_stm32f4xx.o(.text.SystemInit)
    TIM8_TRG_COM_TIM14_IRQHandler            0x08006575   Thumb Code    16  stm32f4xx_it.o(.text.TIM8_TRG_COM_TIM14_IRQHandler)
    TIM_Base_SetConfig                       0x08006585   Thumb Code   526  stm32f4xx_hal_tim.o(.text.TIM_Base_SetConfig)
    USART3_IRQHandler                        0x08006efd   Thumb Code    16  stm32f4xx_it.o(.text.USART3_IRQHandler)
    USER_initialize                          0x08006f0d   Thumb Code    74  user_diskio.o(.text.USER_initialize)
    USER_ioctl                               0x08006f59   Thumb Code   252  user_diskio.o(.text.USER_ioctl)
    USER_read                                0x08007055   Thumb Code   134  user_diskio.o(.text.USER_read)
    USER_status                              0x080070dd   Thumb Code   120  user_diskio.o(.text.USER_status)
    USER_write                               0x08007155   Thumb Code   172  user_diskio.o(.text.USER_write)
    UsageFault_Handler                       0x08007201   Thumb Code     4  stm32f4xx_it.o(.text.UsageFault_Handler)
    _Error_Handler                           0x08007205   Thumb Code    18  main.o(.text._Error_Handler)
    assert_failed                            0x08007219   Thumb Code    18  main.o(.text.assert_failed)
    at45db_getid                             0x08007275   Thumb Code    56  at45db.o(.text.at45db_getid)
    at45db_getstatus                         0x080072ad   Thumb Code   168  at45db.o(.text.at45db_getstatus)
    at45db_init                              0x08007355   Thumb Code   250  at45db.o(.text.at45db_init)
    at45db_isrdy                             0x08007451   Thumb Code   116  at45db.o(.text.at45db_isrdy)
    at45db_read_page                         0x080074c5   Thumb Code   112  at45db.o(.text.at45db_read_page)
    at45db_send_cmd                          0x08007559   Thumb Code   642  at45db.o(.text.at45db_send_cmd)
    at45db_w_pagethroughbuf1                 0x080077dd   Thumb Code   116  at45db.o(.text.at45db_w_pagethroughbuf1)
    at45db_wait_cplt                         0x08007851   Thumb Code    76  at45db.o(.text.at45db_wait_cplt)
    bmp280_comp_pres_32bit                   0x080078c1   Thumb Code   294  bmp280.o(.text.bmp280_comp_pres_32bit)
    bmp280_comp_pres_64bit                   0x080079e9   Thumb Code   562  bmp280.o(.text.bmp280_comp_pres_64bit)
    bmp280_comp_pres_double                  0x08007c21   Thumb Code  1192  bmp280.o(.text.bmp280_comp_pres_double)
    bmp280_comp_temp_32bit                   0x080080c9   Thumb Code   118  bmp280.o(.text.bmp280_comp_temp_32bit)
    bmp280_comp_temp_double                  0x08008141   Thumb Code   480  bmp280.o(.text.bmp280_comp_temp_double)
    bmp280_compute_meas_time                 0x08008321   Thumb Code   154  bmp280.o(.text.bmp280_compute_meas_time)
    bmp280_get_config                        0x080083bd   Thumb Code   166  bmp280.o(.text.bmp280_get_config)
    bmp280_get_regs                          0x08008465   Thumb Code   154  bmp280.o(.text.bmp280_get_regs)
    bmp280_get_status                        0x08008501   Thumb Code   104  bmp280.o(.text.bmp280_get_status)
    bmp280_get_uncomp_data                   0x08008569   Thumb Code   138  bmp280.o(.text.bmp280_get_uncomp_data)
    bmp280_init                              0x080085f5   Thumb Code   242  bmp280.o(.text.bmp280_init)
    bmp280_set_config                        0x080086e9   Thumb Code    42  bmp280.o(.text.bmp280_set_config)
    bmp280_set_power_mode                    0x08008715   Thumb Code    72  bmp280.o(.text.bmp280_set_power_mode)
    bmp280_set_regs                          0x0800875d   Thumb Code   290  bmp280.o(.text.bmp280_set_regs)
    bmp280_soft_reset                        0x08008881   Thumb Code    86  bmp280.o(.text.bmp280_soft_reset)
    disk_initialize                          0x08009759   Thumb Code    86  diskio.o(.text.disk_initialize)
    disk_ioctl                               0x080097b1   Thumb Code    86  diskio.o(.text.disk_ioctl)
    disk_read                                0x08009809   Thumb Code    86  diskio.o(.text.disk_read)
    disk_status                              0x08009861   Thumb Code    50  diskio.o(.text.disk_status)
    disk_write                               0x08009895   Thumb Code    86  diskio.o(.text.disk_write)
    f_close                                  0x0800993d   Thumb Code    94  ff.o(.text.f_close)
    f_closedir                               0x0800999d   Thumb Code    86  ff.o(.text.f_closedir)
    f_getfree                                0x080099f5   Thumb Code   390  ff.o(.text.f_getfree)
    f_mount                                  0x08009b7d   Thumb Code   190  ff.o(.text.f_mount)
    f_open                                   0x08009c3d   Thumb Code  1018  ff.o(.text.f_open)
    f_opendir                                0x0800a039   Thumb Code   292  ff.o(.text.f_opendir)
    f_read                                   0x0800a15d   Thumb Code   692  ff.o(.text.f_read)
    f_readdir                                0x0800a411   Thumb Code   152  ff.o(.text.f_readdir)
    f_sync                                   0x0800a4a9   Thumb Code   256  ff.o(.text.f_sync)
    f_write                                  0x0800a5a9   Thumb Code   808  ff.o(.text.f_write)
    fputc                                    0x0800aefd   Thumb Code    26  main.o(.text.fputc)
    main                                     0x0800b565   Thumb Code  2452  main.o(.text.main)
    mpu9250_MadgwickQuaternionUpdate         0x0800c05d   Thumb Code  2704  mpu9250.o(.text.mpu9250_MadgwickQuaternionUpdate)
    mpu9250_calibrate                        0x0800caed   Thumb Code  1236  mpu9250.o(.text.mpu9250_calibrate)
    mpu9250_getAres                          0x0800cfc1   Thumb Code    98  mpu9250.o(.text.mpu9250_getAres)
    mpu9250_getGres                          0x0800d025   Thumb Code   106  mpu9250.o(.text.mpu9250_getGres)
    mpu9250_getMres                          0x0800d091   Thumb Code    74  mpu9250.o(.text.mpu9250_getMres)
    mpu9250_init                             0x0800d0dd   Thumb Code   278  mpu9250.o(.text.mpu9250_init)
    mpu9250_initAK8963                       0x0800d1f5   Thumb Code   224  mpu9250.o(.text.mpu9250_initAK8963)
    mpu9250_initconst                        0x0800d2d9   Thumb Code   240  mpu9250.o(.text.mpu9250_initconst)
    mpu9250_irq_handler                      0x0800d3c9   Thumb Code  2028  main.o(.text.mpu9250_irq_handler)
    mpu9250_readAccelData                    0x0800dbb5   Thumb Code    82  mpu9250.o(.text.mpu9250_readAccelData)
    mpu9250_readByte                         0x0800dc09   Thumb Code   112  mpu9250.o(.text.mpu9250_readByte)
    mpu9250_readBytes                        0x0800dc79   Thumb Code   162  mpu9250.o(.text.mpu9250_readBytes)
    mpu9250_readGyroData                     0x0800dd1d   Thumb Code    82  mpu9250.o(.text.mpu9250_readGyroData)
    mpu9250_readMagData                      0x0800dd71   Thumb Code   118  mpu9250.o(.text.mpu9250_readMagData)
    mpu9250_readTempData                     0x0800dde9   Thumb Code    36  mpu9250.o(.text.mpu9250_readTempData)
    mpu9250_reset                            0x0800de0d   Thumb Code    20  mpu9250.o(.text.mpu9250_reset)
    mpu9250_writeByte                        0x0800de21   Thumb Code    90  mpu9250.o(.text.mpu9250_writeByte)
    nmea_getmessage                          0x0800de7d   Thumb Code   440  gnss_utils.o(.text.nmea_getmessage)
    nrf_clear_interrupts                     0x0800e035   Thumb Code   100  nrf24l01.o(.text.nrf_clear_interrupts)
    nrf_enable_auto_ack                      0x0800e099   Thumb Code   112  nrf24l01.o(.text.nrf_enable_auto_ack)
    nrf_enable_crc                           0x0800e109   Thumb Code   138  nrf24l01.o(.text.nrf_enable_crc)
    nrf_enable_max_retransmit_irq            0x0800e195   Thumb Code   138  nrf24l01.o(.text.nrf_enable_max_retransmit_irq)
    nrf_enable_rx_data_ready_irq             0x0800e221   Thumb Code   138  nrf24l01.o(.text.nrf_enable_rx_data_ready_irq)
    nrf_enable_tx_data_sent_irq              0x0800e2ad   Thumb Code   138  nrf24l01.o(.text.nrf_enable_tx_data_sent_irq)
    nrf_flush_rx                             0x0800e339   Thumb Code    82  nrf24l01.o(.text.nrf_flush_rx)
    nrf_flush_tx                             0x0800e38d   Thumb Code    82  nrf24l01.o(.text.nrf_flush_tx)
    nrf_init                                 0x0800e3e1   Thumb Code   536  nrf24l01.o(.text.nrf_init)
    nrf_irq_handler                          0x0800e5f9   Thumb Code   408  nrf24l01.o(.text.nrf_irq_handler)
    nrf_packet_received_callback             0x0800e791   Thumb Code    26  nrf24l01.o(.text.nrf_packet_received_callback)
    nrf_power_up                             0x0800e7ad   Thumb Code   138  nrf24l01.o(.text.nrf_power_up)
    nrf_read_register                        0x0800e839   Thumb Code    94  nrf24l01.o(.text.nrf_read_register)
    nrf_read_rx_payload                      0x0800e899   Thumb Code   150  nrf24l01.o(.text.nrf_read_rx_payload)
    nrf_rx_tx_control                        0x0800e931   Thumb Code   152  nrf24l01.o(.text.nrf_rx_tx_control)
    nrf_send_command                         0x0800e9c9   Thumb Code   352  nrf24l01.o(.text.nrf_send_command)
    nrf_send_packet                          0x0800eb29   Thumb Code   100  nrf24l01.o(.text.nrf_send_packet)
    nrf_set_address_width                    0x0800eb8d   Thumb Code   128  nrf24l01.o(.text.nrf_set_address_width)
    nrf_set_crc_width                        0x0800ec0d   Thumb Code   144  nrf24l01.o(.text.nrf_set_crc_width)
    nrf_set_data_rate                        0x0800ec9d   Thumb Code   182  nrf24l01.o(.text.nrf_set_data_rate)
    nrf_set_retransmittion_count             0x0800ed55   Thumb Code   140  nrf24l01.o(.text.nrf_set_retransmittion_count)
    nrf_set_retransmittion_delay             0x0800ede1   Thumb Code   142  nrf24l01.o(.text.nrf_set_retransmittion_delay)
    nrf_set_rf_channel                       0x0800ee71   Thumb Code   128  nrf24l01.o(.text.nrf_set_rf_channel)
    nrf_set_rx_address_p0                    0x0800eef1   Thumb Code    90  nrf24l01.o(.text.nrf_set_rx_address_p0)
    nrf_set_rx_address_p1                    0x0800ef4d   Thumb Code    90  nrf24l01.o(.text.nrf_set_rx_address_p1)
    nrf_set_rx_payload_width_p0              0x0800efa9   Thumb Code    88  nrf24l01.o(.text.nrf_set_rx_payload_width_p0)
    nrf_set_rx_payload_width_p1              0x0800f001   Thumb Code    88  nrf24l01.o(.text.nrf_set_rx_payload_width_p1)
    nrf_set_rx_pipes                         0x0800f059   Thumb Code    62  nrf24l01.o(.text.nrf_set_rx_pipes)
    nrf_set_tx_address                       0x0800f099   Thumb Code    90  nrf24l01.o(.text.nrf_set_tx_address)
    nrf_set_tx_power                         0x0800f0f5   Thumb Code   130  nrf24l01.o(.text.nrf_set_tx_power)
    nrf_startup                              0x0800f179   Thumb Code   152  nrf24l01.o(.text.nrf_startup)
    nrf_write_register                       0x0800f211   Thumb Code    92  nrf24l01.o(.text.nrf_write_register)
    nrf_write_tx_payload                     0x0800f26d   Thumb Code   150  nrf24l01.o(.text.nrf_write_tx_payload)
    __0printf                                0x0800f8f5   Thumb Code    22  printfa.o(i.__0printf)
    __1printf                                0x0800f8f5   Thumb Code     0  printfa.o(i.__0printf)
    __2printf                                0x0800f8f5   Thumb Code     0  printfa.o(i.__0printf)
    __c89printf                              0x0800f8f5   Thumb Code     0  printfa.o(i.__0printf)
    printf                                   0x0800f8f5   Thumb Code     0  printfa.o(i.__0printf)
    __0snprintf                              0x0800f915   Thumb Code    44  printfa.o(i.__0snprintf)
    __1snprintf                              0x0800f915   Thumb Code     0  printfa.o(i.__0snprintf)
    __2snprintf                              0x0800f915   Thumb Code     0  printfa.o(i.__0snprintf)
    __c89snprintf                            0x0800f915   Thumb Code     0  printfa.o(i.__0snprintf)
    snprintf                                 0x0800f915   Thumb Code     0  printfa.o(i.__0snprintf)
    __0sprintf                               0x0800f945   Thumb Code    34  printfa.o(i.__0sprintf)
    __1sprintf                               0x0800f945   Thumb Code     0  printfa.o(i.__0sprintf)
    __2sprintf                               0x0800f945   Thumb Code     0  printfa.o(i.__0sprintf)
    __c89sprintf                             0x0800f945   Thumb Code     0  printfa.o(i.__0sprintf)
    sprintf                                  0x0800f945   Thumb Code     0  printfa.o(i.__0sprintf)
    __ARM_fpclassify                         0x0800f96d   Thumb Code    48  fpclassify.o(i.__ARM_fpclassify)
    __aeabi_errno_addr                       0x0800f99d   Thumb Code     4  errno.o(i.__aeabi_errno_addr)
    __rt_errno_addr                          0x0800f99d   Thumb Code     0  errno.o(i.__aeabi_errno_addr)
    __hardfp_asin                            0x0800f9a9   Thumb Code   770  asin.o(i.__hardfp_asin)
    __hardfp_atan                            0x0800fd09   Thumb Code   622  atan.o(i.__hardfp_atan)
    __hardfp_atan2                           0x0800ffe1   Thumb Code   448  atan2.o(i.__hardfp_atan2)
    __hardfp_sqrt                            0x080101e1   Thumb Code   122  sqrt.o(i.__hardfp_sqrt)
    __kernel_poly                            0x0801025b   Thumb Code   248  poly.o(i.__kernel_poly)
    __mathlib_dbl_infnan                     0x08010353   Thumb Code    20  dunder.o(i.__mathlib_dbl_infnan)
    __mathlib_dbl_infnan2                    0x08010367   Thumb Code    20  dunder.o(i.__mathlib_dbl_infnan2)
    __mathlib_dbl_invalid                    0x08010381   Thumb Code    24  dunder.o(i.__mathlib_dbl_invalid)
    __mathlib_dbl_underflow                  0x080103a1   Thumb Code    24  dunder.o(i.__mathlib_dbl_underflow)
    __scatterload_copy                       0x080103c1   Thumb Code    14  handlers.o(i.__scatterload_copy)
    __scatterload_null                       0x080103cf   Thumb Code     2  handlers.o(i.__scatterload_null)
    __scatterload_zeroinit                   0x080103d1   Thumb Code    14  handlers.o(i.__scatterload_zeroinit)
    __set_errno                              0x080103e1   Thumb Code     6  errno.o(i.__set_errno)
    atan                                     0x08010cbf   Thumb Code    16  atan.o(i.atan)
    fabs                                     0x08010ccf   Thumb Code    24  fabs.o(i.fabs)
    sqrt                                     0x08010ce7   Thumb Code   110  sqrt.o(i.sqrt)
    __mathlib_zero                           0x08010e40   Data           8  qnan.o(.constdata)
    __ctype_table                            0x08010e48   Data         129  ctype_o.o(.constdata)
    AHBPrescTable                            0x08010ed0   Data          16  system_stm32f4xx.o(.rodata.AHBPrescTable)
    APBPrescTable                            0x08010ee0   Data           8  system_stm32f4xx.o(.rodata.APBPrescTable)
    GGA                                      0x08010ee8   Data          64  nmea_parser.o(.rodata.GGA)
    GSV                                      0x08010f28   Data          84  nmea_parser.o(.rodata.GSV)
    RMC                                      0x08010f7c   Data          56  nmea_parser.o(.rodata.RMC)
    VTG                                      0x08010fb4   Data          40  nmea_parser.o(.rodata.VTG)
    rx_address                               0x08010fdc   Data           5  nrf24l01.o(.rodata.rx_address)
    tx_address                               0x080117a5   Data           5  nrf24l01.o(.rodata.tx_address)
    Region$$Table$$Base                      0x080117ac   Number         0  anon$$obj.o(Region$$Table)
    Region$$Table$$Limit                     0x080117cc   Number         0  anon$$obj.o(Region$$Table)
    __stdout                                 0x20000000   Data           4  stdout.o(.data)
    Mmode                                    0x20000008   Data           1  mpu9250.o(.data.Mmode)
    Mscale                                   0x20000009   Data           1  mpu9250.o(.data.Mscale)
    PI                                       0x20000010   Data           4  mpu9250.o(.data.PI)
    SystemCoreClock                          0x20000018   Data           4  system_stm32f4xx.o(.data.SystemCoreClock)
    USER_Driver                              0x2000001c   Data          20  user_diskio.o(.data.USER_Driver)
    meas_dur                                 0x20000030   Data           1  main.o(.data.meas_dur)
    msg_wait_crc                             0x20000031   Data           1  gnss_utils.o(.data.msg_wait_crc)
    q                                        0x20000034   Data          16  mpu9250.o(.data.q)
    uwTickFreq                               0x20000044   Data           1  stm32f4xx_hal.o(.data.uwTickFreq)
    uwTickPrio                               0x20000048   Data           4  stm32f4xx_hal.o(.data.uwTickPrio)
    AltitudaMSL                              0x20000050   Data          12  nmea_parser.o(.bss.AltitudaMSL)
    Ascale                                   0x2000005c   Data           1  mpu9250.o(.bss.Ascale)
    COG                                      0x2000005d   Data           8  nmea_parser.o(.bss.COG)
    COGstat                                  0x20000065   Data           4  nmea_parser.o(.bss.COGstat)
    CourseTrue                               0x20000069   Data          10  nmea_parser.o(.bss.CourseTrue)
    Data                                     0x20000073   Data          12  nmea_parser.o(.bss.Data)
    DataDone                                 0x2000007f   Data           1  nmea_parser.o(.bss.DataDone)
    EW                                       0x20000080   Data           3  nmea_parser.o(.bss.EW)
    GLONAS_COUNT                             0x200000aa   Data           1  nmea_parser.o(.bss.GLONAS_COUNT)
    GPS_COUNT                                0x200000ab   Data           1  nmea_parser.o(.bss.GPS_COUNT)
    Gscale                                   0x200000ac   Data           1  mpu9250.o(.bss.Gscale)
    GyroMeasDrift                            0x200000b0   Data           4  mpu9250.o(.bss.GyroMeasDrift)
    GyroMeasError                            0x200000b4   Data           4  mpu9250.o(.bss.GyroMeasError)
    Knot                                     0x200000b8   Data           8  nmea_parser.o(.bss.Knot)
    NS                                       0x200000c8   Data           3  nmea_parser.o(.bss.NS)
    Now                                      0x200000cc   Data           4  mpu9250.o(.bss.Now)
    SLatitude                                0x200000d0   Data          16  nmea_parser.o(.bss.SLatitude)
    SLongitude                               0x200000e0   Data          12  nmea_parser.o(.bss.SLongitude)
    SLongitudePtr                            0x200000ec   Data          12  nmea_parser.o(.bss.SLongitudePtr)
    SatCount                                 0x200000f8   Data           4  nmea_parser.o(.bss.SatCount)
    Speed                                    0x200000fc   Data           8  nmea_parser.o(.bss.Speed)
    Status                                   0x20000104   Data           2  nmea_parser.o(.bss.Status)
    Time                                     0x20000106   Data          12  nmea_parser.o(.bss.Time)
    UNUSED                                   0x20000112   Data          32  nmea_parser.o(.bss.UNUSED)
    USERPath                                 0x20000132   Data           4  fatfs.o(.bss.USERPath)
    ViewSat                                  0x20000136   Data           4  nmea_parser.o(.bss.ViewSat)
    aRes                                     0x2000013c   Data           4  mpu9250.o(.bss.aRes)
    accelBias                                0x20000140   Data          12  mpu9250.o(.bss.accelBias)
    accelCount                               0x2000014c   Data           6  mpu9250.o(.bss.accelCount)
    ax                                       0x200003b4   Data           4  mpu9250.o(.bss.ax)
    ay                                       0x200003b8   Data           4  mpu9250.o(.bss.ay)
    az                                       0x200003bc   Data           4  mpu9250.o(.bss.az)
    beta                                     0x200003c0   Data           4  mpu9250.o(.bss.beta)
    bmp280                                   0x200003c4   Data          64  main.o(.bss.bmp280)
    count                                    0x20000404   Data           4  mpu9250.o(.bss.count)
    dataflash                                0x20000408   Data         608  main.o(.bss.dataflash)
    delt_t                                   0x20000668   Data           4  mpu9250.o(.bss.delt_t)
    deltat                                   0x2000066c   Data           4  mpu9250.o(.bss.deltat)
    disk                                     0x20000670   Data          12  ff_gen_drv.o(.bss.disk)
    gRes                                     0x2000067c   Data           4  mpu9250.o(.bss.gRes)
    gx                                       0x20000680   Data           4  mpu9250.o(.bss.gx)
    gy                                       0x20000684   Data           4  mpu9250.o(.bss.gy)
    gyroBias                                 0x20000688   Data          12  mpu9250.o(.bss.gyroBias)
    gyroCount                                0x20000694   Data           6  mpu9250.o(.bss.gyroCount)
    gz                                       0x2000069c   Data           4  mpu9250.o(.bss.gz)
    hcrc                                     0x200006a0   Data           8  crc.o(.bss.hcrc)
    hi2c3                                    0x200006a8   Data          84  i2c.o(.bss.hi2c3)
    hspi1                                    0x200006fc   Data          88  spi.o(.bss.hspi1)
    hspi2                                    0x20000754   Data          88  spi.o(.bss.hspi2)
    hspi3                                    0x200007ac   Data          88  spi.o(.bss.hspi3)
    htim14                                   0x20000804   Data          60  tim.o(.bss.htim14)
    huart1                                   0x20000840   Data          64  usart.o(.bss.huart1)
    huart3                                   0x20000880   Data          64  usart.o(.bss.huart3)
    lastUpdate                               0x200008c0   Data           4  mpu9250.o(.bss.lastUpdate)
    mRes                                     0x200008c4   Data           4  mpu9250.o(.bss.mRes)
    magCalibration                           0x200008c8   Data          12  mpu9250.o(.bss.magCalibration)
    magCount                                 0x200008d4   Data           6  mpu9250.o(.bss.magCount)
    magbias                                  0x200008dc   Data          12  mpu9250.o(.bss.magbias)
    msg_end                                  0x200008e8   Data           1  gnss_utils.o(.bss.msg_end)
    msg_ready                                0x200008e9   Data           1  gnss_utils.o(.bss.msg_ready)
    msg_start                                0x200008ea   Data           1  gnss_utils.o(.bss.msg_start)
    mx                                       0x200008ec   Data           4  mpu9250.o(.bss.mx)
    my                                       0x200008f0   Data           4  mpu9250.o(.bss.my)
    mz                                       0x200008f4   Data           4  mpu9250.o(.bss.mz)
    nmea_line                                0x200008f8   Data         255  gnss_utils.o(.bss.nmea_line)
    nmea_pos                                 0x200009f7   Data           1  gnss_utils.o(.bss.nmea_pos)
    nrf                                      0x200009f8   Data          56  main.o(.bss.nrf)
    nrf24_timeout                            0x20000a30   Data           1  nrf24l01.o(.bss.nrf24_timeout)
    pitch                                    0x20000a34   Data           4  mpu9250.o(.bss.pitch)
    pres                                     0x20000a38   Data           8  main.o(.bss.pres)
    pres32                                   0x20000a40   Data           4  main.o(.bss.pres32)
    pres64                                   0x20000a44   Data           4  main.o(.bss.pres64)
    retUSER                                  0x20000a48   Data           1  fatfs.o(.bss.retUSER)
    roll                                     0x20000a4c   Data           4  mpu9250.o(.bss.roll)
    rx_data                                  0x20000a50   Data          32  nrf24l01.o(.bss.rx_data)
    rxbuf                                    0x20000a70   Data           1  main.o(.bss.rxbuf)
    sum                                      0x20000a74   Data           4  main.o(.bss.sum)
    sumCount                                 0x20000a78   Data           4  main.o(.bss.sumCount)
    temp                                     0x20000a80   Data           8  main.o(.bss.temp)
    temp32                                   0x20000a88   Data           4  main.o(.bss.temp32)
    tempCount                                0x20000a8c   Data           2  mpu9250.o(.bss.tempCount)
    temperature                              0x20000a90   Data           4  mpu9250.o(.bss.temperature)
    uwTick                                   0x20000a94   Data           4  stm32f4xx_hal.o(.bss.uwTick)
    yaw                                      0x20000a98   Data           4  mpu9250.o(.bss.yaw)
    zeta                                     0x20000a9c   Data           4  mpu9250.o(.bss.zeta)
    __initial_sp                             0x20004aa0   Data           0  startup_stm32f407xx.o(STACK)



==============================================================================

Memory Map of the image

  Image Entry point : 0x08000189

  Load Region LR_IROM1 (Base: 0x08000000, Size: 0x00011820, Max: 0x00080000, ABSOLUTE)

    Execution Region ER_IROM1 (Exec base: 0x08000000, Load base: 0x08000000, Size: 0x000117cc, Max: 0x00080000, ABSOLUTE)

    Exec Addr    Load Addr    Size         Type   Attr      Idx    E Section Name        Object

    0x08000000   0x08000000   0x00000188   Data   RO            3    RESET               startup_stm32f407xx.o
    0x08000188   0x08000188   0x00000000   Code   RO         2074  * .ARM.Collect$$$$00000000  mc_w.l(entry.o)
    0x08000188   0x08000188   0x00000004   Code   RO         2178    .ARM.Collect$$$$00000001  mc_w.l(entry2.o)
    0x0800018c   0x0800018c   0x00000004   Code   RO         2181    .ARM.Collect$$$$00000004  mc_w.l(entry5.o)
    0x08000190   0x08000190   0x00000000   Code   RO         2183    .ARM.Collect$$$$00000008  mc_w.l(entry7b.o)
    0x08000190   0x08000190   0x00000000   Code   RO         2185    .ARM.Collect$$$$0000000A  mc_w.l(entry8b.o)
    0x08000190   0x08000190   0x00000008   Code   RO         2186    .ARM.Collect$$$$0000000B  mc_w.l(entry9a.o)
    0x08000198   0x08000198   0x00000000   Code   RO         2188    .ARM.Collect$$$$0000000D  mc_w.l(entry10a.o)
    0x08000198   0x08000198   0x00000000   Code   RO         2190    .ARM.Collect$$$$0000000F  mc_w.l(entry11a.o)
    0x08000198   0x08000198   0x00000004   Code   RO         2179    .ARM.Collect$$$$00002712  mc_w.l(entry2.o)
    0x0800019c   0x0800019c   0x00000024   Code   RO            4    .text               startup_stm32f407xx.o
    0x080001c0   0x080001c0   0x00000062   Code   RO         2077    .text               mc_w.l(uldiv.o)
    0x08000222   0x08000222   0x00000062   Code   RO         2079    .text               mc_w.l(ldiv.o)
    0x08000284   0x08000284   0x00000024   Code   RO         2081    .text               mc_w.l(memcpya.o)
    0x080002a8   0x080002a8   0x00000024   Code   RO         2083    .text               mc_w.l(memseta.o)
    0x080002cc   0x080002cc   0x0000000e   Code   RO         2085    .text               mc_w.l(strlen.o)
    0x080002da   0x080002da   0x00000014   Code   RO         2087    .text               mc_w.l(memchr.o)
    0x080002ee   0x080002ee   0x0000001a   Code   RO         2119    .text               mc_w.l(atoi.o)
    0x08000308   0x08000308   0x0000014e   Code   RO         2121    .text               mf_w.l(dadd.o)
    0x08000456   0x08000456   0x000000e4   Code   RO         2123    .text               mf_w.l(dmul.o)
    0x0800053a   0x0800053a   0x000000de   Code   RO         2125    .text               mf_w.l(ddiv.o)
    0x08000618   0x08000618   0x00000038   Code   RO         2127    .text               mf_w.l(dcmpeq.o)
    0x08000650   0x08000650   0x00000022   Code   RO         2129    .text               mf_w.l(dflti.o)
    0x08000672   0x08000672   0x0000001a   Code   RO         2131    .text               mf_w.l(dfltui.o)
    0x0800068c   0x0800068c   0x0000003e   Code   RO         2133    .text               mf_w.l(dfixi.o)
    0x080006ca   0x080006ca   0x00000026   Code   RO         2135    .text               mf_w.l(f2d.o)
    0x080006f0   0x080006f0   0x00000038   Code   RO         2137    .text               mf_w.l(d2f.o)
    0x08000728   0x08000728   0x0000002c   Code   RO         2193    .text               mc_w.l(uidiv.o)
    0x08000754   0x08000754   0x0000001e   Code   RO         2195    .text               mc_w.l(llshl.o)
    0x08000772   0x08000772   0x00000020   Code   RO         2197    .text               mc_w.l(llushr.o)
    0x08000792   0x08000792   0x00000024   Code   RO         2199    .text               mc_w.l(llsshr.o)
    0x080007b6   0x080007b6   0x00000070   Code   RO         2208    .text               mc_w.l(strtol.o)
    0x08000826   0x08000826   0x00000000   Code   RO         2210    .text               mc_w.l(iusefp.o)
    0x08000826   0x08000826   0x0000006e   Code   RO         2211    .text               mf_w.l(fepilogue.o)
    0x08000894   0x08000894   0x000000ba   Code   RO         2213    .text               mf_w.l(depilogue.o)
    0x0800094e   0x0800094e   0x000000a2   Code   RO         2219    .text               mf_w.l(dsqrt.o)
    0x080009f0   0x080009f0   0x00000030   Code   RO         2221    .text               mf_w.l(dfixul.o)
    0x08000a20   0x08000a20   0x00000030   Code   RO         2223    .text               mf_w.l(cdcmple.o)
    0x08000a50   0x08000a50   0x00000030   Code   RO         2225    .text               mf_w.l(cdrcmple.o)
    0x08000a80   0x08000a80   0x00000024   Code   RO         2227    .text               mc_w.l(init.o)
    0x08000aa4   0x08000aa4   0x00000008   Code   RO         2229    .text               mc_w.l(ctype_o.o)
    0x08000aac   0x08000aac   0x0000009e   Code   RO         2257    .text               mc_w.l(_strtoul.o)
    0x08000b4a   0x08000b4a   0x0000001c   Code   RO         2259    .text               mc_w.l(_chval.o)
    0x08000b66   0x08000b66   0x00000002   PAD
    0x08000b68   0x08000b68   0x000000e6   Code   RO          328    .text.BMP280_Config_and_run  bmp280_localfunc.o
    0x08000c4e   0x08000c4e   0x00000002   PAD
    0x08000c50   0x08000c50   0x00000014   Code   RO          326    .text.BMP280_SPI_Delay_ms  bmp280_localfunc.o
    0x08000c64   0x08000c64   0x000000da   Code   RO          318    .text.BMP280_SPI_Read  bmp280_localfunc.o
    0x08000d3e   0x08000d3e   0x00000002   PAD
    0x08000d40   0x08000d40   0x000000da   Code   RO          324    .text.BMP280_SPI_Write  bmp280_localfunc.o
    0x08000e1a   0x08000e1a   0x00000002   PAD
    0x08000e1c   0x08000e1c   0x00000004   Code   RO          171    .text.BusFault_Handler  stm32f4xx_it.o
    0x08000e20   0x08000e20   0x00000002   Code   RO          177    .text.DebugMon_Handler  stm32f4xx_it.o
    0x08000e22   0x08000e22   0x00000002   PAD
    0x08000e24   0x08000e24   0x0000000a   Code   RO          183    .text.EXTI0_IRQHandler  stm32f4xx_it.o
    0x08000e2e   0x08000e2e   0x00000002   PAD
    0x08000e30   0x08000e30   0x0000000c   Code   RO          187    .text.EXTI15_10_IRQHandler  stm32f4xx_it.o
    0x08000e3c   0x08000e3c   0x00000022   Code   RO         2004    .text.FATFS_LinkDriver  ff_gen_drv.o
    0x08000e5e   0x08000e5e   0x00000002   PAD
    0x08000e60   0x08000e60   0x0000008c   Code   RO         2002    .text.FATFS_LinkDriverEx  ff_gen_drv.o
    0x08000eec   0x08000eec   0x00000072   Code   RO          635    .text.HAL_CRC_Init  stm32f4xx_hal_crc.o
    0x08000f5e   0x08000f5e   0x00000002   PAD
    0x08000f60   0x08000f60   0x00000044   Code   RO           68    .text.HAL_CRC_MspInit  crc.o
    0x08000fa4   0x08000fa4   0x00000048   Code   RO         1582    .text.HAL_DMA_Abort_IT  stm32f4xx_hal_dma.o
    0x08000fec   0x08000fec   0x0000004e   Code   RO         1771    .text.HAL_Delay     stm32f4xx_hal.o
    0x0800103a   0x0800103a   0x00000002   PAD
    0x0800103c   0x0800103c   0x0000003e   Code   RO           23    .text.HAL_GPIO_EXTI_Callback  main.o
    0x0800107a   0x0800107a   0x00000002   PAD
    0x0800107c   0x0800107c   0x0000003c   Code   RO         1532    .text.HAL_GPIO_EXTI_IRQHandler  stm32f4xx_hal_gpio.o
    0x080010b8   0x080010b8   0x00000744   Code   RO         1520    .text.HAL_GPIO_Init  stm32f4xx_hal_gpio.o
    0x080017fc   0x080017fc   0x00000090   Code   RO         1526    .text.HAL_GPIO_WritePin  stm32f4xx_hal_gpio.o
    0x0800188c   0x0800188c   0x0000000c   Code   RO         1763    .text.HAL_GetTick   stm32f4xx_hal.o
    0x08001898   0x08001898   0x0000036a   Code   RO          660    .text.HAL_I2C_Init  stm32f4xx_hal_i2c.o
    0x08001c02   0x08001c02   0x00000002   PAD
    0x08001c04   0x08001c04   0x00000478   Code   RO          678    .text.HAL_I2C_Master_Receive  stm32f4xx_hal_i2c.o
    0x0800207c   0x0800207c   0x00000262   Code   RO          668    .text.HAL_I2C_Master_Transmit  stm32f4xx_hal_i2c.o
    0x080022de   0x080022de   0x00000002   PAD
    0x080022e0   0x080022e0   0x0000009e   Code   RO           86    .text.HAL_I2C_MspInit  i2c.o
    0x0800237e   0x0800237e   0x00000002   PAD
    0x08002380   0x08002380   0x0000001a   Code   RO         1761    .text.HAL_IncTick   stm32f4xx_hal.o
    0x0800239a   0x0800239a   0x00000002   PAD
    0x0800239c   0x0800239c   0x0000003e   Code   RO         1751    .text.HAL_Init      stm32f4xx_hal.o
    0x080023da   0x080023da   0x00000002   PAD
    0x080023dc   0x080023dc   0x00000076   Code   RO         1753    .text.HAL_InitTick  stm32f4xx_hal.o
    0x08002452   0x08002452   0x00000002   PAD
    0x08002454   0x08002454   0x000000b2   Code   RO          201    .text.HAL_MspInit   stm32f4xx_hal_msp.o
    0x08002506   0x08002506   0x00000002   PAD
    0x08002508   0x08002508   0x00000034   Code   RO         1692    .text.HAL_NVIC_DisableIRQ  stm32f4xx_hal_cortex.o
    0x0800253c   0x0800253c   0x00000034   Code   RO         1688    .text.HAL_NVIC_EnableIRQ  stm32f4xx_hal_cortex.o
    0x08002570   0x08002570   0x0000007c   Code   RO         1680    .text.HAL_NVIC_SetPriority  stm32f4xx_hal_cortex.o
    0x080025ec   0x080025ec   0x0000004e   Code   RO         1676    .text.HAL_NVIC_SetPriorityGrouping  stm32f4xx_hal_cortex.o
    0x0800263a   0x0800263a   0x00000002   PAD
    0x0800263c   0x0800263c   0x00000002   Code   RO         1394    .text.HAL_RCC_CSSCallback  stm32f4xx_hal_rcc.o
    0x0800263e   0x0800263e   0x00000002   PAD
    0x08002640   0x08002640   0x00000434   Code   RO         1372    .text.HAL_RCC_ClockConfig  stm32f4xx_hal_rcc.o
    0x08002a74   0x08002a74   0x0000000c   Code   RO         1378    .text.HAL_RCC_EnableCSS  stm32f4xx_hal_rcc.o
    0x08002a80   0x08002a80   0x0000000c   Code   RO         1382    .text.HAL_RCC_GetHCLKFreq  stm32f4xx_hal_rcc.o
    0x08002a8c   0x08002a8c   0x00000026   Code   RO         1384    .text.HAL_RCC_GetPCLK1Freq  stm32f4xx_hal_rcc.o
    0x08002ab2   0x08002ab2   0x00000002   PAD
    0x08002ab4   0x08002ab4   0x00000026   Code   RO         1386    .text.HAL_RCC_GetPCLK2Freq  stm32f4xx_hal_rcc.o
    0x08002ada   0x08002ada   0x00000002   PAD
    0x08002adc   0x08002adc   0x000000e8   Code   RO         1374    .text.HAL_RCC_GetSysClockFreq  stm32f4xx_hal_rcc.o
    0x08002bc4   0x08002bc4   0x0000002a   Code   RO         1392    .text.HAL_RCC_NMI_IRQHandler  stm32f4xx_hal_rcc.o
    0x08002bee   0x08002bee   0x00000002   PAD
    0x08002bf0   0x08002bf0   0x0000086e   Code   RO         1370    .text.HAL_RCC_OscConfig  stm32f4xx_hal_rcc.o
    0x0800345e   0x0800345e   0x00000002   PAD
    0x08003460   0x08003460   0x000002d2   Code   RO          820    .text.HAL_SPI_Init  stm32f4xx_hal_spi.o
    0x08003732   0x08003732   0x00000002   PAD
    0x08003734   0x08003734   0x00000122   Code   RO          108    .text.HAL_SPI_MspInit  spi.o
    0x08003856   0x08003856   0x00000002   PAD
    0x08003858   0x08003858   0x00000276   Code   RO          834    .text.HAL_SPI_Receive  stm32f4xx_hal_spi.o
    0x08003ace   0x08003ace   0x00000002   PAD
    0x08003ad0   0x08003ad0   0x000002f6   Code   RO          828    .text.HAL_SPI_Transmit  stm32f4xx_hal_spi.o
    0x08003dc6   0x08003dc6   0x00000002   PAD
    0x08003dc8   0x08003dc8   0x000003ca   Code   RO          836    .text.HAL_SPI_TransmitReceive  stm32f4xx_hal_spi.o
    0x08004192   0x08004192   0x00000002   PAD
    0x08004194   0x08004194   0x0000005e   Code   RO         1734    .text.HAL_SYSTICK_CLKSourceConfig  stm32f4xx_hal_cortex.o
    0x080041f2   0x080041f2   0x00000002   PAD
    0x080041f4   0x080041f4   0x00000002   Code   RO         1738    .text.HAL_SYSTICK_Callback  stm32f4xx_hal_cortex.o
    0x080041f6   0x080041f6   0x00000002   PAD
    0x080041f8   0x080041f8   0x00000014   Code   RO         1700    .text.HAL_SYSTICK_Config  stm32f4xx_hal_cortex.o
    0x0800420c   0x0800420c   0x00000008   Code   RO         1736    .text.HAL_SYSTICK_IRQHandler  stm32f4xx_hal_cortex.o
    0x08004214   0x08004214   0x0000000c   Code   RO         1232    .text.HAL_TIMEx_BreakCallback  stm32f4xx_hal_tim_ex.o
    0x08004220   0x08004220   0x0000000c   Code   RO         1230    .text.HAL_TIMEx_CommutationCallback  stm32f4xx_hal_tim_ex.o
    0x0800422c   0x0800422c   0x000001e4   Code   RO          939    .text.HAL_TIM_Base_Init  stm32f4xx_hal_tim.o
    0x08004410   0x08004410   0x00000038   Code   RO          130    .text.HAL_TIM_Base_MspDeInit  tim.o
    0x08004448   0x08004448   0x00000058   Code   RO          128    .text.HAL_TIM_Base_MspInit  tim.o
    0x080044a0   0x080044a0   0x00000130   Code   RO          953    .text.HAL_TIM_Base_Start_IT  stm32f4xx_hal_tim.o
    0x080045d0   0x080045d0   0x0000000c   Code   RO         1069    .text.HAL_TIM_IC_CaptureCallback  stm32f4xx_hal_tim.o
    0x080045dc   0x080045dc   0x0000028a   Code   RO         1067    .text.HAL_TIM_IRQHandler  stm32f4xx_hal_tim.o
    0x08004866   0x08004866   0x00000002   PAD
    0x08004868   0x08004868   0x0000000c   Code   RO         1071    .text.HAL_TIM_OC_DelayElapsedCallback  stm32f4xx_hal_tim.o
    0x08004874   0x08004874   0x0000000c   Code   RO         1073    .text.HAL_TIM_PWM_PulseFinishedCallback  stm32f4xx_hal_tim.o
    0x08004880   0x08004880   0x00000026   Code   RO           27    .text.HAL_TIM_PeriodElapsedCallback  main.o
    0x080048a6   0x080048a6   0x00000002   PAD
    0x080048a8   0x080048a8   0x0000000c   Code   RO         1077    .text.HAL_TIM_TriggerCallback  stm32f4xx_hal_tim.o
    0x080048b4   0x080048b4   0x0000000c   Code   RO         1329    .text.HAL_UART_ErrorCallback  stm32f4xx_hal_uart.o
    0x080048c0   0x080048c0   0x00000220   Code   RO         1323    .text.HAL_UART_IRQHandler  stm32f4xx_hal_uart.o
    0x08004ae0   0x08004ae0   0x00000218   Code   RO         1247    .text.HAL_UART_Init  stm32f4xx_hal_uart.o
    0x08004cf8   0x08004cf8   0x000000d8   Code   RO          148    .text.HAL_UART_MspInit  usart.o
    0x08004dd0   0x08004dd0   0x000000c4   Code   RO         1271    .text.HAL_UART_Receive_IT  stm32f4xx_hal_uart.o
    0x08004e94   0x08004e94   0x00000040   Code   RO           25    .text.HAL_UART_RxCpltCallback  main.o
    0x08004ed4   0x08004ed4   0x0000000c   Code   RO         1335    .text.HAL_UART_TxCpltCallback  stm32f4xx_hal_uart.o
    0x08004ee0   0x08004ee0   0x00000004   Code   RO          167    .text.HardFault_Handler  stm32f4xx_it.o
    0x08004ee4   0x08004ee4   0x0000005e   Code   RO          806    .text.I2C_IsAcknowledgeFailed  stm32f4xx_hal_i2c.o
    0x08004f42   0x08004f42   0x00000002   PAD
    0x08004f44   0x08004f44   0x000001d2   Code   RO          680    .text.I2C_MasterRequestRead  stm32f4xx_hal_i2c.o
    0x08005116   0x08005116   0x00000002   PAD
    0x08005118   0x08005118   0x00000138   Code   RO          672    .text.I2C_MasterRequestWrite  stm32f4xx_hal_i2c.o
    0x08005250   0x08005250   0x000000ac   Code   RO          676    .text.I2C_WaitOnBTFFlagUntilTimeout  stm32f4xx_hal_i2c.o
    0x080052fc   0x080052fc   0x000000da   Code   RO          670    .text.I2C_WaitOnFlagUntilTimeout  stm32f4xx_hal_i2c.o
    0x080053d6   0x080053d6   0x00000002   PAD
    0x080053d8   0x080053d8   0x00000114   Code   RO          804    .text.I2C_WaitOnMasterAddressFlagUntilTimeout  stm32f4xx_hal_i2c.o
    0x080054ec   0x080054ec   0x000000ca   Code   RO          682    .text.I2C_WaitOnRXNEFlagUntilTimeout  stm32f4xx_hal_i2c.o
    0x080055b6   0x080055b6   0x00000002   PAD
    0x080055b8   0x080055b8   0x000000ac   Code   RO          674    .text.I2C_WaitOnTXEFlagUntilTimeout  stm32f4xx_hal_i2c.o
    0x08005664   0x08005664   0x0000004e   Code   RO           13    .text.ITM_SendChar  main.o
    0x080056b2   0x080056b2   0x00000002   PAD
    0x080056b4   0x080056b4   0x00000030   Code   RO           66    .text.MX_CRC_Init   crc.o
    0x080056e4   0x080056e4   0x00000022   Code   RO          617    .text.MX_FATFS_Init  fatfs.o
    0x08005706   0x08005706   0x00000002   PAD
    0x08005708   0x08005708   0x00000242   Code   RO           54    .text.MX_GPIO_Init  gpio.o
    0x0800594a   0x0800594a   0x00000002   PAD
    0x0800594c   0x0800594c   0x0000004e   Code   RO           84    .text.MX_I2C3_Init  i2c.o
    0x0800599a   0x0800599a   0x00000002   PAD
    0x0800599c   0x0800599c   0x00000054   Code   RO          102    .text.MX_SPI1_Init  spi.o
    0x080059f0   0x080059f0   0x00000056   Code   RO          104    .text.MX_SPI2_Init  spi.o
    0x08005a46   0x08005a46   0x00000002   PAD
    0x08005a48   0x08005a48   0x00000054   Code   RO          106    .text.MX_SPI3_Init  spi.o
    0x08005a9c   0x08005a9c   0x00000042   Code   RO          126    .text.MX_TIM14_Init  tim.o
    0x08005ade   0x08005ade   0x00000002   PAD
    0x08005ae0   0x08005ae0   0x00000046   Code   RO          144    .text.MX_USART1_UART_Init  usart.o
    0x08005b26   0x08005b26   0x00000002   PAD
    0x08005b28   0x08005b28   0x00000046   Code   RO          146    .text.MX_USART3_UART_Init  usart.o
    0x08005b6e   0x08005b6e   0x00000002   PAD
    0x08005b70   0x08005b70   0x00000004   Code   RO          169    .text.MemManage_Handler  stm32f4xx_it.o
    0x08005b74   0x08005b74   0x0000053a   Code   RO          532    .text.NMEA_Parser   nmea_parser.o
    0x080060ae   0x080060ae   0x00000002   PAD
    0x080060b0   0x080060b0   0x00000008   Code   RO          165    .text.NMI_Handler   stm32f4xx_it.o
    0x080060b8   0x080060b8   0x0000002a   Code   RO         1694    .text.NVIC_DisableIRQ  stm32f4xx_hal_cortex.o
    0x080060e2   0x080060e2   0x00000002   PAD
    0x080060e4   0x080060e4   0x0000002a   Code   RO         1690    .text.NVIC_EnableIRQ  stm32f4xx_hal_cortex.o
    0x0800610e   0x0800610e   0x00000002   PAD
    0x08006110   0x08006110   0x00000080   Code   RO         1686    .text.NVIC_EncodePriority  stm32f4xx_hal_cortex.o
    0x08006190   0x08006190   0x00000010   Code   RO         1682    .text.NVIC_GetPriorityGrouping  stm32f4xx_hal_cortex.o
    0x080061a0   0x080061a0   0x0000004c   Code   RO         1684    .text.NVIC_SetPriority  stm32f4xx_hal_cortex.o
    0x080061ec   0x080061ec   0x00000040   Code   RO         1678    .text.NVIC_SetPriorityGrouping  stm32f4xx_hal_cortex.o
    0x0800622c   0x0800622c   0x00000002   Code   RO          179    .text.PendSV_Handler  stm32f4xx_it.o
    0x0800622e   0x0800622e   0x00000002   PAD
    0x08006230   0x08006230   0x0000005e   Code   RO          832    .text.SPI_CheckFlag_BSY  stm32f4xx_hal_spi.o
    0x0800628e   0x0800628e   0x00000002   PAD
    0x08006290   0x08006290   0x00000104   Code   RO          830    .text.SPI_WaitFlagStateUntilTimeout  stm32f4xx_hal_spi.o
    0x08006394   0x08006394   0x00000002   Code   RO          175    .text.SVC_Handler   stm32f4xx_it.o
    0x08006396   0x08006396   0x00000002   PAD
    0x08006398   0x08006398   0x0000005a   Code   RO         1702    .text.SysTick_Config  stm32f4xx_hal_cortex.o
    0x080063f2   0x080063f2   0x00000002   PAD
    0x080063f4   0x080063f4   0x0000000c   Code   RO          181    .text.SysTick_Handler  stm32f4xx_it.o
    0x08006400   0x08006400   0x00000104   Code   RO           17    .text.SystemClock_Config  main.o
    0x08006504   0x08006504   0x0000006e   Code   RO         1815    .text.SystemInit    system_stm32f4xx.o
    0x08006572   0x08006572   0x00000002   PAD
    0x08006574   0x08006574   0x00000010   Code   RO          189    .text.TIM8_TRG_COM_TIM14_IRQHandler  stm32f4xx_it.o
    0x08006584   0x08006584   0x0000020e   Code   RO          943    .text.TIM_Base_SetConfig  stm32f4xx_hal_tim.o
    0x08006792   0x08006792   0x00000002   PAD
    0x08006794   0x08006794   0x00000024   Code   RO         1327    .text.UART_DMAAbortOnError  stm32f4xx_hal_uart.o
    0x080067b8   0x080067b8   0x0000002c   Code   RO         1295    .text.UART_EndRxTransfer  stm32f4xx_hal_uart.o
    0x080067e4   0x080067e4   0x0000002a   Code   RO         1333    .text.UART_EndTransmit_IT  stm32f4xx_hal_uart.o
    0x0800680e   0x0800680e   0x00000002   PAD
    0x08006810   0x08006810   0x000000ee   Code   RO         1325    .text.UART_Receive_IT  stm32f4xx_hal_uart.o
    0x080068fe   0x080068fe   0x00000002   PAD
    0x08006900   0x08006900   0x0000054e   Code   RO         1251    .text.UART_SetConfig  stm32f4xx_hal_uart.o
    0x08006e4e   0x08006e4e   0x00000002   PAD
    0x08006e50   0x08006e50   0x000000aa   Code   RO         1331    .text.UART_Transmit_IT  stm32f4xx_hal_uart.o
    0x08006efa   0x08006efa   0x00000002   PAD
    0x08006efc   0x08006efc   0x00000010   Code   RO          185    .text.USART3_IRQHandler  stm32f4xx_it.o
    0x08006f0c   0x08006f0c   0x0000004a   Code   RO          594    .text.USER_initialize  user_diskio.o
    0x08006f56   0x08006f56   0x00000002   PAD
    0x08006f58   0x08006f58   0x000000fc   Code   RO          602    .text.USER_ioctl    user_diskio.o
    0x08007054   0x08007054   0x00000086   Code   RO          598    .text.USER_read     user_diskio.o
    0x080070da   0x080070da   0x00000002   PAD
    0x080070dc   0x080070dc   0x00000078   Code   RO          596    .text.USER_status   user_diskio.o
    0x08007154   0x08007154   0x000000ac   Code   RO          600    .text.USER_write    user_diskio.o
    0x08007200   0x08007200   0x00000004   Code   RO          173    .text.UsageFault_Handler  stm32f4xx_it.o
    0x08007204   0x08007204   0x00000012   Code   RO           19    .text._Error_Handler  main.o
    0x08007216   0x08007216   0x00000002   PAD
    0x08007218   0x08007218   0x00000012   Code   RO           29    .text.assert_failed  main.o
    0x0800722a   0x0800722a   0x00000002   PAD
    0x0800722c   0x0800722c   0x00000024   Code   RO          231    .text.at45db_csn_reset  at45db.o
    0x08007250   0x08007250   0x00000024   Code   RO          223    .text.at45db_csn_set  at45db.o
    0x08007274   0x08007274   0x00000038   Code   RO          225    .text.at45db_getid  at45db.o
    0x080072ac   0x080072ac   0x000000a8   Code   RO          227    .text.at45db_getstatus  at45db.o
    0x08007354   0x08007354   0x000000fa   Code   RO          217    .text.at45db_init   at45db.o
    0x0800744e   0x0800744e   0x00000002   PAD
    0x08007450   0x08007450   0x00000074   Code   RO          215    .text.at45db_isrdy  at45db.o
    0x080074c4   0x080074c4   0x00000070   Code   RO          233    .text.at45db_read_page  at45db.o
    0x08007534   0x08007534   0x00000024   Code   RO          219    .text.at45db_rstn_set  at45db.o
    0x08007558   0x08007558   0x00000282   Code   RO          229    .text.at45db_send_cmd  at45db.o
    0x080077da   0x080077da   0x00000002   PAD
    0x080077dc   0x080077dc   0x00000074   Code   RO          235    .text.at45db_w_pagethroughbuf1  at45db.o
    0x08007850   0x08007850   0x0000004c   Code   RO          213    .text.at45db_wait_cplt  at45db.o
    0x0800789c   0x0800789c   0x00000024   Code   RO          221    .text.at45db_wpn_set  at45db.o
    0x080078c0   0x080078c0   0x00000126   Code   RO          297    .text.bmp280_comp_pres_32bit  bmp280.o
    0x080079e6   0x080079e6   0x00000002   PAD
    0x080079e8   0x080079e8   0x00000232   Code   RO          299    .text.bmp280_comp_pres_64bit  bmp280.o
    0x08007c1a   0x08007c1a   0x00000006   PAD
    0x08007c20   0x08007c20   0x000004a8   Code   RO          303    .text.bmp280_comp_pres_double  bmp280.o
    0x080080c8   0x080080c8   0x00000076   Code   RO          295    .text.bmp280_comp_temp_32bit  bmp280.o
    0x0800813e   0x0800813e   0x00000002   PAD
    0x08008140   0x08008140   0x000001e0   Code   RO          301    .text.bmp280_comp_temp_double  bmp280.o
    0x08008320   0x08008320   0x0000009a   Code   RO          305    .text.bmp280_compute_meas_time  bmp280.o
    0x080083ba   0x080083ba   0x00000002   PAD
    0x080083bc   0x080083bc   0x000000a6   Code   RO          281    .text.bmp280_get_config  bmp280.o
    0x08008462   0x08008462   0x00000002   PAD
    0x08008464   0x08008464   0x0000009a   Code   RO          267    .text.bmp280_get_regs  bmp280.o
    0x080084fe   0x080084fe   0x00000002   PAD
    0x08008500   0x08008500   0x00000068   Code   RO          287    .text.bmp280_get_status  bmp280.o
    0x08008568   0x08008568   0x0000008a   Code   RO          293    .text.bmp280_get_uncomp_data  bmp280.o
    0x080085f2   0x080085f2   0x00000002   PAD
    0x080085f4   0x080085f4   0x000000f2   Code   RO          277    .text.bmp280_init   bmp280.o
    0x080086e6   0x080086e6   0x00000002   PAD
    0x080086e8   0x080086e8   0x0000002a   Code   RO          283    .text.bmp280_set_config  bmp280.o
    0x08008712   0x08008712   0x00000002   PAD
    0x08008714   0x08008714   0x00000048   Code   RO          291    .text.bmp280_set_power_mode  bmp280.o
    0x0800875c   0x0800875c   0x00000122   Code   RO          271    .text.bmp280_set_regs  bmp280.o
    0x0800887e   0x0800887e   0x00000002   PAD
    0x08008880   0x08008880   0x00000056   Code   RO          275    .text.bmp280_soft_reset  bmp280.o
    0x080088d6   0x080088d6   0x00000002   PAD
    0x080088d8   0x080088d8   0x00000012   Code   RO          320    .text.bmp280_spi_run  bmp280_localfunc.o
    0x080088ea   0x080088ea   0x00000002   PAD
    0x080088ec   0x080088ec   0x00000012   Code   RO          322    .text.bmp280_spi_stop  bmp280_localfunc.o
    0x080088fe   0x080088fe   0x00000002   PAD
    0x08008900   0x08008900   0x00000024   Code   RO          434    .text.ce_reset      nrf24l01.o
    0x08008924   0x08008924   0x00000024   Code   RO          486    .text.ce_set        nrf24l01.o
    0x08008948   0x08008948   0x000000c6   Code   RO         1977    .text.check_fs      ff.o
    0x08008a0e   0x08008a0e   0x00000002   PAD
    0x08008a10   0x08008a10   0x0000004a   Code   RO         1953    .text.chk_chr       ff.o
    0x08008a5a   0x08008a5a   0x00000002   PAD
    0x08008a5c   0x08008a5c   0x0000010a   Code   RO         1867    .text.chk_lock      ff.o
    0x08008b66   0x08008b66   0x00000002   PAD
    0x08008b68   0x08008b68   0x0000004c   Code   RO         1859    .text.clear_lock    ff.o
    0x08008bb4   0x08008bb4   0x00000072   Code   RO         1897    .text.clmt_clust    ff.o
    0x08008c26   0x08008c26   0x00000002   PAD
    0x08008c28   0x08008c28   0x0000003e   Code   RO         1891    .text.clust2sect    ff.o
    0x08008c66   0x08008c66   0x00000002   PAD
    0x08008c68   0x08008c68   0x0000015c   Code   RO          285    .text.conf_sensor   bmp280.o
    0x08008dc4   0x08008dc4   0x00000170   Code   RO         1903    .text.create_chain  ff.o
    0x08008f34   0x08008f34   0x00000184   Code   RO         1979    .text.create_name   ff.o
    0x080090b8   0x080090b8   0x00000024   Code   RO          490    .text.csn_reset     nrf24l01.o
    0x080090dc   0x080090dc   0x00000024   Code   RO          436    .text.csn_set       nrf24l01.o
    0x08009100   0x08009100   0x0000009a   Code   RO         1913    .text.dec_lock      ff.o
    0x0800919a   0x0800919a   0x00000002   PAD
    0x0800919c   0x0800919c   0x000000b0   Code   RO         1955    .text.dir_alloc     ff.o
    0x0800924c   0x0800924c   0x000000c8   Code   RO         1981    .text.dir_find      ff.o
    0x08009314   0x08009314   0x000001cc   Code   RO         1929    .text.dir_next      ff.o
    0x080094e0   0x080094e0   0x000000dc   Code   RO         1925    .text.dir_read      ff.o
    0x080095bc   0x080095bc   0x00000070   Code   RO         1871    .text.dir_register  ff.o
    0x0800962c   0x0800962c   0x0000012c   Code   RO         1919    .text.dir_sdi       ff.o
    0x08009758   0x08009758   0x00000056   Code   RO         1835    .text.disk_initialize  diskio.o
    0x080097ae   0x080097ae   0x00000002   PAD
    0x080097b0   0x080097b0   0x00000056   Code   RO         1841    .text.disk_ioctl    diskio.o
    0x08009806   0x08009806   0x00000002   PAD
    0x08009808   0x08009808   0x00000056   Code   RO         1837    .text.disk_read     diskio.o
    0x0800985e   0x0800985e   0x00000002   PAD
    0x08009860   0x08009860   0x00000032   Code   RO         1833    .text.disk_status   diskio.o
    0x08009892   0x08009892   0x00000002   PAD
    0x08009894   0x08009894   0x00000056   Code   RO         1839    .text.disk_write    diskio.o
    0x080098ea   0x080098ea   0x00000002   PAD
    0x080098ec   0x080098ec   0x00000050   Code   RO         1869    .text.enq_lock      ff.o
    0x0800993c   0x0800993c   0x0000005e   Code   RO         1911    .text.f_close       ff.o
    0x0800999a   0x0800999a   0x00000002   PAD
    0x0800999c   0x0800999c   0x00000056   Code   RO         1921    .text.f_closedir    ff.o
    0x080099f2   0x080099f2   0x00000002   PAD
    0x080099f4   0x080099f4   0x00000186   Code   RO         1933    .text.f_getfree     ff.o
    0x08009b7a   0x08009b7a   0x00000002   PAD
    0x08009b7c   0x08009b7c   0x000000be   Code   RO         1855    .text.f_mount       ff.o
    0x08009c3a   0x08009c3a   0x00000002   PAD
    0x08009c3c   0x08009c3c   0x000003fa   Code   RO         1863    .text.f_open        ff.o
    0x0800a036   0x0800a036   0x00000002   PAD
    0x0800a038   0x0800a038   0x00000124   Code   RO         1917    .text.f_opendir     ff.o
    0x0800a15c   0x0800a15c   0x000002b4   Code   RO         1893    .text.f_read        ff.o
    0x0800a410   0x0800a410   0x00000098   Code   RO         1923    .text.f_readdir     ff.o
    0x0800a4a8   0x0800a4a8   0x00000100   Code   RO         1905    .text.f_sync        ff.o
    0x0800a5a8   0x0800a5a8   0x00000328   Code   RO         1901    .text.f_write       ff.o
    0x0800a8d0   0x0800a8d0   0x0000051c   Code   RO         1861    .text.find_volume   ff.o
    0x0800adec   0x0800adec   0x00000110   Code   RO         1865    .text.follow_path   ff.o
    0x0800aefc   0x0800aefc   0x0000001a   Code   RO           11    .text.fputc         main.o
    0x0800af16   0x0800af16   0x00000002   PAD
    0x0800af18   0x0800af18   0x00000112   Code   RO          279    .text.get_calib_param  bmp280.o
    0x0800b02a   0x0800b02a   0x00000002   PAD
    0x0800b02c   0x0800b02c   0x00000144   Code   RO         1889    .text.get_fat       ff.o
    0x0800b170   0x0800b170   0x000000cc   Code   RO         1927    .text.get_fileinfo  ff.o
    0x0800b23c   0x0800b23c   0x000000b4   Code   RO         1857    .text.get_ldnumber  ff.o
    0x0800b2f0   0x0800b2f0   0x00000168   Code   RO         1883    .text.inc_lock      ff.o
    0x0800b458   0x0800b458   0x0000006a   Code   RO          273    .text.interleave_data  bmp280.o
    0x0800b4c2   0x0800b4c2   0x00000002   PAD
    0x0800b4c4   0x0800b4c4   0x0000003e   Code   RO         1875    .text.ld_clust      ff.o
    0x0800b502   0x0800b502   0x00000002   PAD
    0x0800b504   0x0800b504   0x00000038   Code   RO         1885    .text.ld_dword      ff.o
    0x0800b53c   0x0800b53c   0x00000028   Code   RO         1935    .text.ld_word       ff.o
    0x0800b564   0x0800b564   0x00000994   Code   RO           15    .text.main          main.o
    0x0800bef8   0x0800bef8   0x0000006a   Code   RO         1983    .text.mem_cmp       ff.o
    0x0800bf62   0x0800bf62   0x00000002   PAD
    0x0800bf64   0x0800bf64   0x00000050   Code   RO         1899    .text.mem_cpy       ff.o
    0x0800bfb4   0x0800bfb4   0x0000003c   Code   RO         1887    .text.mem_set       ff.o
    0x0800bff0   0x0800bff0   0x0000006c   Code   RO         1881    .text.move_window   ff.o
    0x0800c05c   0x0800c05c   0x00000a90   Code   RO          373    .text.mpu9250_MadgwickQuaternionUpdate  mpu9250.o
    0x0800caec   0x0800caec   0x000004d4   Code   RO          369    .text.mpu9250_calibrate  mpu9250.o
    0x0800cfc0   0x0800cfc0   0x00000062   Code   RO          353    .text.mpu9250_getAres  mpu9250.o
    0x0800d022   0x0800d022   0x00000002   PAD
    0x0800d024   0x0800d024   0x0000006a   Code   RO          351    .text.mpu9250_getGres  mpu9250.o
    0x0800d08e   0x0800d08e   0x00000002   PAD
    0x0800d090   0x0800d090   0x0000004a   Code   RO          349    .text.mpu9250_getMres  mpu9250.o
    0x0800d0da   0x0800d0da   0x00000002   PAD
    0x0800d0dc   0x0800d0dc   0x00000116   Code   RO          367    .text.mpu9250_init  mpu9250.o
    0x0800d1f2   0x0800d1f2   0x00000002   PAD
    0x0800d1f4   0x0800d1f4   0x000000e0   Code   RO          365    .text.mpu9250_initAK8963  mpu9250.o
    0x0800d2d4   0x0800d2d4   0x00000004   PAD
    0x0800d2d8   0x0800d2d8   0x000000f0   Code   RO          341    .text.mpu9250_initconst  mpu9250.o
    0x0800d3c8   0x0800d3c8   0x000007ec   Code   RO           21    .text.mpu9250_irq_handler  main.o
    0x0800dbb4   0x0800dbb4   0x00000052   Code   RO          355    .text.mpu9250_readAccelData  mpu9250.o
    0x0800dc06   0x0800dc06   0x00000002   PAD
    0x0800dc08   0x0800dc08   0x00000070   Code   RO          345    .text.mpu9250_readByte  mpu9250.o
    0x0800dc78   0x0800dc78   0x000000a2   Code   RO          347    .text.mpu9250_readBytes  mpu9250.o
    0x0800dd1a   0x0800dd1a   0x00000002   PAD
    0x0800dd1c   0x0800dd1c   0x00000052   Code   RO          357    .text.mpu9250_readGyroData  mpu9250.o
    0x0800dd6e   0x0800dd6e   0x00000002   PAD
    0x0800dd70   0x0800dd70   0x00000076   Code   RO          359    .text.mpu9250_readMagData  mpu9250.o
    0x0800dde6   0x0800dde6   0x00000002   PAD
    0x0800dde8   0x0800dde8   0x00000024   Code   RO          361    .text.mpu9250_readTempData  mpu9250.o
    0x0800de0c   0x0800de0c   0x00000014   Code   RO          363    .text.mpu9250_reset  mpu9250.o
    0x0800de20   0x0800de20   0x0000005a   Code   RO          343    .text.mpu9250_writeByte  mpu9250.o
    0x0800de7a   0x0800de7a   0x00000002   PAD
    0x0800de7c   0x0800de7c   0x000001b8   Code   RO          576    .text.nmea_getmessage  gnss_utils.o
    0x0800e034   0x0800e034   0x00000064   Code   RO          456    .text.nrf_clear_interrupts  nrf24l01.o
    0x0800e098   0x0800e098   0x00000070   Code   RO          446    .text.nrf_enable_auto_ack  nrf24l01.o
    0x0800e108   0x0800e108   0x0000008a   Code   RO          442    .text.nrf_enable_crc  nrf24l01.o
    0x0800e192   0x0800e192   0x00000002   PAD
    0x0800e194   0x0800e194   0x0000008a   Code   RO          478    .text.nrf_enable_max_retransmit_irq  nrf24l01.o
    0x0800e21e   0x0800e21e   0x00000002   PAD
    0x0800e220   0x0800e220   0x0000008a   Code   RO          474    .text.nrf_enable_rx_data_ready_irq  nrf24l01.o
    0x0800e2aa   0x0800e2aa   0x00000002   PAD
    0x0800e2ac   0x0800e2ac   0x0000008a   Code   RO          476    .text.nrf_enable_tx_data_sent_irq  nrf24l01.o
    0x0800e336   0x0800e336   0x00000002   PAD
    0x0800e338   0x0800e338   0x00000052   Code   RO          480    .text.nrf_flush_rx  nrf24l01.o
    0x0800e38a   0x0800e38a   0x00000002   PAD
    0x0800e38c   0x0800e38c   0x00000052   Code   RO          482    .text.nrf_flush_tx  nrf24l01.o
    0x0800e3de   0x0800e3de   0x00000002   PAD
    0x0800e3e0   0x0800e3e0   0x00000218   Code   RO          432    .text.nrf_init      nrf24l01.o
    0x0800e5f8   0x0800e5f8   0x00000198   Code   RO          492    .text.nrf_irq_handler  nrf24l01.o
    0x0800e790   0x0800e790   0x0000001a   Code   RO          498    .text.nrf_packet_received_callback  nrf24l01.o
    0x0800e7aa   0x0800e7aa   0x00000002   PAD
    0x0800e7ac   0x0800e7ac   0x0000008a   Code   RO          438    .text.nrf_power_up  nrf24l01.o
    0x0800e836   0x0800e836   0x00000002   PAD
    0x0800e838   0x0800e838   0x0000005e   Code   RO          440    .text.nrf_read_register  nrf24l01.o
    0x0800e896   0x0800e896   0x00000002   PAD
    0x0800e898   0x0800e898   0x00000096   Code   RO          496    .text.nrf_read_rx_payload  nrf24l01.o
    0x0800e92e   0x0800e92e   0x00000002   PAD
    0x0800e930   0x0800e930   0x00000098   Code   RO          484    .text.nrf_rx_tx_control  nrf24l01.o
    0x0800e9c8   0x0800e9c8   0x00000160   Code   RO          488    .text.nrf_send_command  nrf24l01.o
    0x0800eb28   0x0800eb28   0x00000064   Code   RO          508    .text.nrf_send_packet  nrf24l01.o
    0x0800eb8c   0x0800eb8c   0x00000080   Code   RO          450    .text.nrf_set_address_width  nrf24l01.o
    0x0800ec0c   0x0800ec0c   0x00000090   Code   RO          444    .text.nrf_set_crc_width  nrf24l01.o
    0x0800ec9c   0x0800ec9c   0x000000b6   Code   RO          460    .text.nrf_set_data_rate  nrf24l01.o
    0x0800ed52   0x0800ed52   0x00000002   PAD
    0x0800ed54   0x0800ed54   0x0000008c   Code   RO          452    .text.nrf_set_retransmittion_count  nrf24l01.o
    0x0800ede0   0x0800ede0   0x0000008e   Code   RO          454    .text.nrf_set_retransmittion_delay  nrf24l01.o
    0x0800ee6e   0x0800ee6e   0x00000002   PAD
    0x0800ee70   0x0800ee70   0x00000080   Code   RO          458    .text.nrf_set_rf_channel  nrf24l01.o
    0x0800eef0   0x0800eef0   0x0000005a   Code   RO          466    .text.nrf_set_rx_address_p0  nrf24l01.o
    0x0800ef4a   0x0800ef4a   0x00000002   PAD
    0x0800ef4c   0x0800ef4c   0x0000005a   Code   RO          468    .text.nrf_set_rx_address_p1  nrf24l01.o
    0x0800efa6   0x0800efa6   0x00000002   PAD
    0x0800efa8   0x0800efa8   0x00000058   Code   RO          470    .text.nrf_set_rx_payload_width_p0  nrf24l01.o
    0x0800f000   0x0800f000   0x00000058   Code   RO          472    .text.nrf_set_rx_payload_width_p1  nrf24l01.o
    0x0800f058   0x0800f058   0x0000003e   Code   RO          448    .text.nrf_set_rx_pipes  nrf24l01.o
    0x0800f096   0x0800f096   0x00000002   PAD
    0x0800f098   0x0800f098   0x0000005a   Code   RO          464    .text.nrf_set_tx_address  nrf24l01.o
    0x0800f0f2   0x0800f0f2   0x00000002   PAD
    0x0800f0f4   0x0800f0f4   0x00000082   Code   RO          462    .text.nrf_set_tx_power  nrf24l01.o
    0x0800f176   0x0800f176   0x00000002   PAD
    0x0800f178   0x0800f178   0x00000098   Code   RO          430    .text.nrf_startup   nrf24l01.o
    0x0800f210   0x0800f210   0x0000005c   Code   RO          494    .text.nrf_write_register  nrf24l01.o
    0x0800f26c   0x0800f26c   0x00000096   Code   RO          500    .text.nrf_write_tx_payload  nrf24l01.o
    0x0800f302   0x0800f302   0x00000002   PAD
    0x0800f304   0x0800f304   0x00000046   Code   RO          269    .text.null_ptr_check  bmp280.o
    0x0800f34a   0x0800f34a   0x00000002   PAD
    0x0800f34c   0x0800f34c   0x000001ce   Code   RO         1959    .text.put_fat       ff.o
    0x0800f51a   0x0800f51a   0x00000002   PAD
    0x0800f51c   0x0800f51c   0x0000010e   Code   RO         1879    .text.remove_chain  ff.o
    0x0800f62a   0x0800f62a   0x00000002   PAD
    0x0800f62c   0x0800f62c   0x00000042   Code   RO         1877    .text.st_clust      ff.o
    0x0800f66e   0x0800f66e   0x00000002   PAD
    0x0800f670   0x0800f670   0x0000005c   Code   RO         1873    .text.st_dword      ff.o
    0x0800f6cc   0x0800f6cc   0x0000003c   Code   RO         1907    .text.st_word       ff.o
    0x0800f708   0x0800f708   0x000000de   Code   RO         1909    .text.sync_fs       ff.o
    0x0800f7e6   0x0800f7e6   0x00000002   PAD
    0x0800f7e8   0x0800f7e8   0x00000098   Code   RO         1945    .text.sync_window   ff.o
    0x0800f880   0x0800f880   0x00000074   Code   RO         1895    .text.validate      ff.o
    0x0800f8f4   0x0800f8f4   0x00000020   Code   RO         2092    i.__0printf         mc_w.l(printfa.o)
    0x0800f914   0x0800f914   0x00000030   Code   RO         2093    i.__0snprintf       mc_w.l(printfa.o)
    0x0800f944   0x0800f944   0x00000028   Code   RO         2094    i.__0sprintf        mc_w.l(printfa.o)
    0x0800f96c   0x0800f96c   0x00000030   Code   RO         2173    i.__ARM_fpclassify  m_wm.l(fpclassify.o)
    0x0800f99c   0x0800f99c   0x00000008   Code   RO         2201    i.__aeabi_errno_addr  mc_w.l(errno.o)
    0x0800f9a4   0x0800f9a4   0x00000004   PAD
    0x0800f9a8   0x0800f9a8   0x00000360   Code   RO         2022    i.__hardfp_asin     m_wm.l(asin.o)
    0x0800fd08   0x0800fd08   0x000002d8   Code   RO         2139    i.__hardfp_atan     m_wm.l(atan.o)
    0x0800ffe0   0x0800ffe0   0x00000200   Code   RO         2036    i.__hardfp_atan2    m_wm.l(atan2.o)
    0x080101e0   0x080101e0   0x0000007a   Code   RO         2062    i.__hardfp_sqrt     m_wm.l(sqrt.o)
    0x0801025a   0x0801025a   0x000000f8   Code   RO         2175    i.__kernel_poly     m_wm.l(poly.o)
    0x08010352   0x08010352   0x00000014   Code   RO         2154    i.__mathlib_dbl_infnan  m_wm.l(dunder.o)
    0x08010366   0x08010366   0x00000014   Code   RO         2155    i.__mathlib_dbl_infnan2  m_wm.l(dunder.o)
    0x0801037a   0x0801037a   0x00000006   PAD
    0x08010380   0x08010380   0x00000020   Code   RO         2156    i.__mathlib_dbl_invalid  m_wm.l(dunder.o)
    0x080103a0   0x080103a0   0x00000020   Code   RO         2159    i.__mathlib_dbl_underflow  m_wm.l(dunder.o)
    0x080103c0   0x080103c0   0x0000000e   Code   RO         2263    i.__scatterload_copy  mc_w.l(handlers.o)
    0x080103ce   0x080103ce   0x00000002   Code   RO         2264    i.__scatterload_null  mc_w.l(handlers.o)
    0x080103d0   0x080103d0   0x0000000e   Code   RO         2265    i.__scatterload_zeroinit  mc_w.l(handlers.o)
    0x080103de   0x080103de   0x00000002   PAD
    0x080103e0   0x080103e0   0x0000000c   Code   RO         2203    i.__set_errno       mc_w.l(errno.o)
    0x080103ec   0x080103ec   0x00000184   Code   RO         2099    i._fp_digits        mc_w.l(printfa.o)
    0x08010570   0x08010570   0x000006dc   Code   RO         2100    i._printf_core      mc_w.l(printfa.o)
    0x08010c4c   0x08010c4c   0x00000024   Code   RO         2101    i._printf_post_padding  mc_w.l(printfa.o)
    0x08010c70   0x08010c70   0x0000002e   Code   RO         2102    i._printf_pre_padding  mc_w.l(printfa.o)
    0x08010c9e   0x08010c9e   0x00000016   Code   RO         2103    i._snputc           mc_w.l(printfa.o)
    0x08010cb4   0x08010cb4   0x0000000a   Code   RO         2104    i._sputc            mc_w.l(printfa.o)
    0x08010cbe   0x08010cbe   0x00000010   Code   RO         2141    i.atan              m_wm.l(atan.o)
    0x08010cce   0x08010cce   0x00000018   Code   RO         2169    i.fabs              m_wm.l(fabs.o)
    0x08010ce6   0x08010ce6   0x0000006e   Code   RO         2064    i.sqrt              m_wm.l(sqrt.o)
    0x08010d54   0x08010d54   0x00000004   PAD
    0x08010d58   0x08010d58   0x00000050   Data   RO         2025    .constdata          m_wm.l(asin.o)
    0x08010da8   0x08010da8   0x00000098   Data   RO         2142    .constdata          m_wm.l(atan.o)
    0x08010e40   0x08010e40   0x00000008   Data   RO         2177    .constdata          m_wm.l(qnan.o)
    0x08010e48   0x08010e48   0x00000081   Data   RO         2230    .constdata          mc_w.l(ctype_o.o)
    0x08010ec9   0x08010ec9   0x00000003   PAD
    0x08010ecc   0x08010ecc   0x00000004   Data   RO         2231    .constdata          mc_w.l(ctype_o.o)
    0x08010ed0   0x08010ed0   0x00000010   Data   RO         1820    .rodata.AHBPrescTable  system_stm32f4xx.o
    0x08010ee0   0x08010ee0   0x00000008   Data   RO         1821    .rodata.APBPrescTable  system_stm32f4xx.o
    0x08010ee8   0x08010ee8   0x00000040   Data   RO          552    .rodata.GGA         nmea_parser.o
    0x08010f28   0x08010f28   0x00000054   Data   RO          554    .rodata.GSV         nmea_parser.o
    0x08010f7c   0x08010f7c   0x00000038   Data   RO          551    .rodata.RMC         nmea_parser.o
    0x08010fb4   0x08010fb4   0x00000028   Data   RO          555    .rodata.VTG         nmea_parser.o
    0x08010fdc   0x08010fdc   0x00000005   Data   RO          516    .rodata.rx_address  nrf24l01.o
    0x08010fe1   0x08010fe1   0x00000594   Data   RO           41    .rodata.str1.1      main.o
    0x08011575   0x08011575   0x00000012   Data   RO           73    .rodata.str1.1      crc.o
    0x08011587   0x08011587   0x00000012   Data   RO           91    .rodata.str1.1      i2c.o
    0x08011599   0x08011599   0x00000012   Data   RO          113    .rodata.str1.1      spi.o
    0x080115ab   0x080115ab   0x00000012   Data   RO          133    .rodata.str1.1      tim.o
    0x080115bd   0x080115bd   0x00000014   Data   RO          153    .rodata.str1.1      usart.o
    0x080115d1   0x080115d1   0x00000038   Data   RO          649    .rodata.str1.1      stm32f4xx_hal_crc.o
    0x08011609   0x08011609   0x00000038   Data   RO          808    .rodata.str1.1      stm32f4xx_hal_i2c.o
    0x08011641   0x08011641   0x00000038   Data   RO          928    .rodata.str1.1      stm32f4xx_hal_spi.o
    0x08011679   0x08011679   0x00000038   Data   RO         1151    .rodata.str1.1      stm32f4xx_hal_tim.o
    0x080116b1   0x080116b1   0x00000039   Data   RO         1357    .rodata.str1.1      stm32f4xx_hal_uart.o
    0x080116ea   0x080116ea   0x00000038   Data   RO         1396    .rodata.str1.1      stm32f4xx_hal_rcc.o
    0x08011722   0x08011722   0x00000039   Data   RO         1536    .rodata.str1.1      stm32f4xx_hal_gpio.o
    0x0801175b   0x0801175b   0x0000003b   Data   RO         1740    .rodata.str1.1      stm32f4xx_hal_cortex.o
    0x08011796   0x08011796   0x0000000f   Data   RO         1989    .rodata.str1.1      ff.o
    0x080117a5   0x080117a5   0x00000005   Data   RO          517    .rodata.tx_address  nrf24l01.o
    0x080117aa   0x080117aa   0x00000002   PAD
    0x080117ac   0x080117ac   0x00000020   Data   RO         2261    Region$$Table       anon$$obj.o


    Execution Region RW_IRAM1 (Exec base: 0x20000000, Load base: 0x080117d0, Size: 0x00004aa0, Max: 0x00020000, ABSOLUTE)

    Exec Addr    Load Addr    Size         Type   Attr      Idx    E Section Name        Object

    0x20000000   0x080117d0   0x00000004   Data   RW         2192    .data               mc_w.l(stdout.o)
    0x20000004   0x080117d4   0x00000004   Data   RW         2204    .data               mc_w.l(errno.o)
    0x20000008   0x080117d8   0x00000001   Data   RW          380    .data.Mmode         mpu9250.o
    0x20000009   0x080117d9   0x00000001   Data   RW          379    .data.Mscale        mpu9250.o
    0x2000000a   0x080117da   0x00000001   Data   RW          561    .data.NMEA_Parser.ByteCount  nmea_parser.o
    0x2000000b   0x080117db   0x00000001   Data   RW          564    .data.NMEA_Parser.ComaPoint  nmea_parser.o
    0x2000000c   0x080117dc   0x00000004   Data   RW          563    .data.NMEA_Parser.MsgTxt  nmea_parser.o
    0x20000010   0x080117e0   0x00000004   Data   RW          388    .data.PI            mpu9250.o
    0x20000014   0x080117e4   0x00000001   Data   RW          605    .data.Stat          user_diskio.o
    0x20000015   0x080117e5   0x00000003   PAD
    0x20000018   0x080117e8   0x00000004   Data   RW         1819    .data.SystemCoreClock  system_stm32f4xx.o
    0x2000001c   0x080117ec   0x00000014   Data   RW          604    .data.USER_Driver   user_diskio.o
    0x20000030   0x08011800   0x00000001   Data   RW           37    .data.meas_dur      main.o
    0x20000031   0x08011801   0x00000001   Data   RW          582    .data.msg_wait_crc  gnss_utils.o
    0x20000032   0x08011802   0x00000002   PAD
    0x20000034   0x08011804   0x00000010   Data   RW          393    .data.q             mpu9250.o
    0x20000044   0x08011814   0x00000001   Data   RW         1802    .data.uwTickFreq    stm32f4xx_hal.o
    0x20000045   0x08011815   0x00000003   PAD
    0x20000048   0x08011818   0x00000004   Data   RW         1801    .data.uwTickPrio    stm32f4xx_hal.o
    0x2000004c   0x0801181c   0x00000004   PAD
    0x20000050        -       0x0000000c   Zero   RW          544    .bss.AltitudaMSL    nmea_parser.o
    0x2000005c        -       0x00000001   Zero   RW          377    .bss.Ascale         mpu9250.o
    0x2000005d        -       0x00000008   Zero   RW          545    .bss.COG            nmea_parser.o
    0x20000065        -       0x00000004   Zero   RW          546    .bss.COGstat        nmea_parser.o
    0x20000069        -       0x0000000a   Zero   RW          541    .bss.CourseTrue     nmea_parser.o
    0x20000073        -       0x0000000c   Zero   RW          542    .bss.Data           nmea_parser.o
    0x2000007f        -       0x00000001   Zero   RW          558    .bss.DataDone       nmea_parser.o
    0x20000080        -       0x00000003   Zero   RW          540    .bss.EW             nmea_parser.o
    0x20000083   0x0801181c   0x00000001   PAD
    0x20000084        -       0x00000004   Zero   RW         1985    .bss.FatFs          ff.o
    0x20000088        -       0x00000020   Zero   RW         1990    .bss.Files          ff.o
    0x200000a8        -       0x00000002   Zero   RW         1991    .bss.Fsid           ff.o
    0x200000aa        -       0x00000001   Zero   RW          556    .bss.GLONAS_COUNT   nmea_parser.o
    0x200000ab        -       0x00000001   Zero   RW          557    .bss.GPS_COUNT      nmea_parser.o
    0x200000ac        -       0x00000001   Zero   RW          378    .bss.Gscale         mpu9250.o
    0x200000ad   0x0801181c   0x00000003   PAD
    0x200000b0        -       0x00000004   Zero   RW          397    .bss.GyroMeasDrift  mpu9250.o
    0x200000b4        -       0x00000004   Zero   RW          395    .bss.GyroMeasError  mpu9250.o
    0x200000b8        -       0x00000008   Zero   RW          550    .bss.Knot           nmea_parser.o
    0x200000c0        -       0x00000001   Zero   RW          565    .bss.NMEA_Parser.CharPoint  nmea_parser.o
    0x200000c1   0x0801181c   0x00000003   PAD
    0x200000c4        -       0x00000004   Zero   RW          562    .bss.NMEA_Parser.MsgType  nmea_parser.o
    0x200000c8        -       0x00000003   Zero   RW          538    .bss.NS             nmea_parser.o
    0x200000cb   0x0801181c   0x00000001   PAD
    0x200000cc        -       0x00000004   Zero   RW          392    .bss.Now            mpu9250.o
    0x200000d0        -       0x00000010   Zero   RW          537    .bss.SLatitude      nmea_parser.o
    0x200000e0        -       0x0000000c   Zero   RW          539    .bss.SLongitude     nmea_parser.o
    0x200000ec        -       0x0000000c   Zero   RW          534    .bss.SLongitudePtr  nmea_parser.o
    0x200000f8        -       0x00000004   Zero   RW          543    .bss.SatCount       nmea_parser.o
    0x200000fc        -       0x00000008   Zero   RW          547    .bss.Speed          nmea_parser.o
    0x20000104        -       0x00000002   Zero   RW          536    .bss.Status         nmea_parser.o
    0x20000106        -       0x0000000c   Zero   RW          535    .bss.Time           nmea_parser.o
    0x20000112        -       0x00000020   Zero   RW          549    .bss.UNUSED         nmea_parser.o
    0x20000132        -       0x00000004   Zero   RW          621    .bss.USERPath       fatfs.o
    0x20000136        -       0x00000004   Zero   RW          553    .bss.ViewSat        nmea_parser.o
    0x2000013a   0x0801181c   0x00000002   PAD
    0x2000013c        -       0x00000004   Zero   RW          401    .bss.aRes           mpu9250.o
    0x20000140        -       0x0000000c   Zero   RW          385    .bss.accelBias      mpu9250.o
    0x2000014c        -       0x00000006   Zero   RW          402    .bss.accelCount     mpu9250.o
    0x20000152   0x0801181c   0x00000002   PAD
    0x20000154        -       0x00000260   Zero   RW          606    .bss.at45db_dataflash  user_diskio.o
    0x200003b4        -       0x00000004   Zero   RW          405    .bss.ax             mpu9250.o
    0x200003b8        -       0x00000004   Zero   RW          406    .bss.ay             mpu9250.o
    0x200003bc        -       0x00000004   Zero   RW          407    .bss.az             mpu9250.o
    0x200003c0        -       0x00000004   Zero   RW          396    .bss.beta           mpu9250.o
    0x200003c4        -       0x00000040   Zero   RW           42    .bss.bmp280         main.o
    0x20000404        -       0x00000004   Zero   RW          387    .bss.count          mpu9250.o
    0x20000408        -       0x00000260   Zero   RW           40    .bss.dataflash      main.o
    0x20000668        -       0x00000004   Zero   RW          386    .bss.delt_t         mpu9250.o
    0x2000066c        -       0x00000004   Zero   RW          389    .bss.deltat         mpu9250.o
    0x20000670        -       0x0000000c   Zero   RW         2012    .bss.disk           ff_gen_drv.o
    0x2000067c        -       0x00000004   Zero   RW          400    .bss.gRes           mpu9250.o
    0x20000680        -       0x00000004   Zero   RW          408    .bss.gx             mpu9250.o
    0x20000684        -       0x00000004   Zero   RW          409    .bss.gy             mpu9250.o
    0x20000688        -       0x0000000c   Zero   RW          384    .bss.gyroBias       mpu9250.o
    0x20000694        -       0x00000006   Zero   RW          403    .bss.gyroCount      mpu9250.o
    0x2000069a   0x0801181c   0x00000002   PAD
    0x2000069c        -       0x00000004   Zero   RW          410    .bss.gz             mpu9250.o
    0x200006a0        -       0x00000008   Zero   RW           72    .bss.hcrc           crc.o
    0x200006a8        -       0x00000054   Zero   RW           90    .bss.hi2c3          i2c.o
    0x200006fc        -       0x00000058   Zero   RW          112    .bss.hspi1          spi.o
    0x20000754        -       0x00000058   Zero   RW          114    .bss.hspi2          spi.o
    0x200007ac        -       0x00000058   Zero   RW          115    .bss.hspi3          spi.o
    0x20000804        -       0x0000003c   Zero   RW          132    .bss.htim14         tim.o
    0x20000840        -       0x00000040   Zero   RW          152    .bss.huart1         usart.o
    0x20000880        -       0x00000040   Zero   RW          154    .bss.huart3         usart.o
    0x200008c0        -       0x00000004   Zero   RW          390    .bss.lastUpdate     mpu9250.o
    0x200008c4        -       0x00000004   Zero   RW          399    .bss.mRes           mpu9250.o
    0x200008c8        -       0x0000000c   Zero   RW          382    .bss.magCalibration  mpu9250.o
    0x200008d4        -       0x00000006   Zero   RW          404    .bss.magCount       mpu9250.o
    0x200008da   0x0801181c   0x00000002   PAD
    0x200008dc        -       0x0000000c   Zero   RW          383    .bss.magbias        mpu9250.o
    0x200008e8        -       0x00000001   Zero   RW          580    .bss.msg_end        gnss_utils.o
    0x200008e9        -       0x00000001   Zero   RW          583    .bss.msg_ready      gnss_utils.o
    0x200008ea        -       0x00000001   Zero   RW          581    .bss.msg_start      gnss_utils.o
    0x200008eb   0x0801181c   0x00000001   PAD
    0x200008ec        -       0x00000004   Zero   RW          411    .bss.mx             mpu9250.o
    0x200008f0        -       0x00000004   Zero   RW          412    .bss.my             mpu9250.o
    0x200008f4        -       0x00000004   Zero   RW          413    .bss.mz             mpu9250.o
    0x200008f8        -       0x000000ff   Zero   RW          578    .bss.nmea_line      gnss_utils.o
    0x200009f7        -       0x00000001   Zero   RW          579    .bss.nmea_pos       gnss_utils.o
    0x200009f8        -       0x00000038   Zero   RW           43    .bss.nrf            main.o
    0x20000a30        -       0x00000001   Zero   RW          519    .bss.nrf24_timeout  nrf24l01.o
    0x20000a31   0x0801181c   0x00000003   PAD
    0x20000a34        -       0x00000004   Zero   RW          417    .bss.pitch          mpu9250.o
    0x20000a38        -       0x00000008   Zero   RW           36    .bss.pres           main.o
    0x20000a40        -       0x00000004   Zero   RW           33    .bss.pres32         main.o
    0x20000a44        -       0x00000004   Zero   RW           34    .bss.pres64         main.o
    0x20000a48        -       0x00000001   Zero   RW          622    .bss.retUSER        fatfs.o
    0x20000a49   0x0801181c   0x00000003   PAD
    0x20000a4c        -       0x00000004   Zero   RW          419    .bss.roll           mpu9250.o
    0x20000a50        -       0x00000020   Zero   RW          518    .bss.rx_data        nrf24l01.o
    0x20000a70        -       0x00000001   Zero   RW           31    .bss.rxbuf          main.o
    0x20000a71   0x0801181c   0x00000003   PAD
    0x20000a74        -       0x00000004   Zero   RW           38    .bss.sum            main.o
    0x20000a78        -       0x00000004   Zero   RW           39    .bss.sumCount       main.o
    0x20000a7c   0x0801181c   0x00000004   PAD
    0x20000a80        -       0x00000008   Zero   RW           35    .bss.temp           main.o
    0x20000a88        -       0x00000004   Zero   RW           32    .bss.temp32         main.o
    0x20000a8c        -       0x00000002   Zero   RW          414    .bss.tempCount      mpu9250.o
    0x20000a8e   0x0801181c   0x00000002   PAD
    0x20000a90        -       0x00000004   Zero   RW          415    .bss.temperature    mpu9250.o
    0x20000a94        -       0x00000004   Zero   RW         1803    .bss.uwTick         stm32f4xx_hal.o
    0x20000a98        -       0x00000004   Zero   RW          418    .bss.yaw            mpu9250.o
    0x20000a9c        -       0x00000004   Zero   RW          398    .bss.zeta           mpu9250.o
    0x20000aa0        -       0x00004000   Zero   RW            1    STACK               startup_stm32f407xx.o


==============================================================================

Image component sizes


      Code (inc. data)   RO Data    RW Data    ZI Data      Debug   Object Name

      1680          0          0          0          0      11504   at45db.o
      4892        144          0          0          0      12252   bmp280.o
       722          0          0          0          0       6631   bmp280_localfunc.o
       116          0         18          0          8       2791   crc.o
       394          0          0          0          0       1987   diskio.o
        34          0          0          0          5       2104   fatfs.o
     11826          0         15          0         38      33064   ff.o
       174          0          0          0         12       2604   ff_gen_drv.o
       440          0          0          1        259       1263   gnss_utils.o
       578          0          0          0          0       4318   gpio.o
       236          0         18          0         84       5504   i2c.o
      5044         36       1428          1        765      19783   main.o
      5662         28          0         22        170      13215   mpu9250.o
      1338          0        244          6        170       2651   nmea_parser.o
      4924          0         10          0         33      16230   nrf24l01.o
       544          0         18          0        264       5829   spi.o
        36          8        392          0      16384        844   startup_stm32f407xx.o
       296          0          0          5          4       7781   stm32f4xx_hal.o
       888          0         59          0          0      10530   stm32f4xx_hal_cortex.o
       114          0         56          0          0       3075   stm32f4xx_hal_crc.o
        72          0          0          0          0       9051   stm32f4xx_hal_dma.o
      2064          0         57          0          0       5584   stm32f4xx_hal_gpio.o
      4540          0         56          0          0      33736   stm32f4xx_hal_i2c.o
       178          0          0          0          0       3450   stm32f4xx_hal_msp.o
      3610          0         56          0          0       7584   stm32f4xx_hal_rcc.o
      3434          0         56          0          0      19685   stm32f4xx_hal_spi.o
      2012          0         56          0          0      32739   stm32f4xx_hal_tim.o
        24          0          0          0          0      13507   stm32f4xx_hal_tim_ex.o
      3188          0         57          0          0      16969   stm32f4xx_hal_uart.o
        96          0          0          0          0       1930   stm32f4xx_it.o
       110          0         24          4          0       2736   system_stm32f4xx.o
       210          0         18          0         60       6643   tim.o
       356          0         20          0        128       7284   usart.o
       752         28          0         21        608       6518   user_diskio.o

    ----------------------------------------------------------------------
     60848        248       2692         68      19028     331376   Object Totals
         0          0         32          0          0          0   (incl. Generated)
       264          4          2          8         36          0   (incl. Padding)

    ----------------------------------------------------------------------

      Code (inc. data)   RO Data    RW Data    ZI Data      Debug   Library Member Name

       864         94         80          0          0        280   asin.o
       744        106        152          0          0        352   atan.o
       512         64          0          0          0        208   atan2.o
       104         16          0          0          0        496   dunder.o
        24          0          0          0          0        124   fabs.o
        48          0          0          0          0        124   fpclassify.o
       248          0          0          0          0        152   poly.o
         0          0          8          0          0          0   qnan.o
       232          0          0          0          0        296   sqrt.o
        28          0          0          0          0         68   _chval.o
       158          0          0          0          0         92   _strtoul.o
        26          0          0          0          0         80   atoi.o
         8          4        133          0          0         68   ctype_o.o
         0          0          0          0          0          0   entry.o
         0          0          0          0          0          0   entry10a.o
         0          0          0          0          0          0   entry11a.o
         8          4          0          0          0          0   entry2.o
         4          0          0          0          0          0   entry5.o
         0          0          0          0          0          0   entry7b.o
         0          0          0          0          0          0   entry8b.o
         8          4          0          0          0          0   entry9a.o
        20         10          0          4          0        136   errno.o
        30          0          0          0          0          0   handlers.o
        36          8          0          0          0         68   init.o
         0          0          0          0          0          0   iusefp.o
        98          0          0          0          0         84   ldiv.o
        30          0          0          0          0         68   llshl.o
        36          0          0          0          0         68   llsshr.o
        32          0          0          0          0         68   llushr.o
        20          0          0          0          0         68   memchr.o
        36          0          0          0          0         68   memcpya.o
        36          0          0          0          0        108   memseta.o
      2378        100          0          0          0        756   printfa.o
         0          0          0          4          0          0   stdout.o
        14          0          0          0          0         68   strlen.o
       112          0          0          0          0         88   strtol.o
        44          0          0          0          0         80   uidiv.o
        98          0          0          0          0         92   uldiv.o
        48          0          0          0          0         68   cdcmple.o
        48          0          0          0          0         68   cdrcmple.o
        56          0          0          0          0         88   d2f.o
       334          0          0          0          0        148   dadd.o
        56          0          0          0          0         80   dcmpeq.o
       222          0          0          0          0        100   ddiv.o
       186          0          0          0          0        176   depilogue.o
        62          0          0          0          0         80   dfixi.o
        48          0          0          0          0         68   dfixul.o
        34          0          0          0          0         76   dflti.o
        26          0          0          0          0         76   dfltui.o
       228          0          0          0          0         96   dmul.o
       162          0          0          0          0        100   dsqrt.o
        38          0          0          0          0         68   f2d.o
       110          0          0          0          0        168   fepilogue.o

    ----------------------------------------------------------------------
      7712        414        376          8          0       5620   Library Totals
        18          4          3          0          0          0   (incl. Padding)

    ----------------------------------------------------------------------

      Code (inc. data)   RO Data    RW Data    ZI Data      Debug   Library Name

      2776        280        240          0          0       2032   m_wm.l
      3260        130        133          8          0       2128   mc_w.l
      1658          0          0          0          0       1460   mf_w.l

    ----------------------------------------------------------------------
      7712        414        376          8          0       5620   Library Totals

    ----------------------------------------------------------------------

==============================================================================


      Code (inc. data)   RO Data    RW Data    ZI Data      Debug   

     68560        662       3068         76      19028     333512   Grand Totals
     68560        662       3068         76      19028     333512   ELF Image Totals
     68560        662       3068         76          0          0   ROM Totals

==============================================================================

    Total RO  Size (Code + RO Data)                71628 (  69.95kB)
    Total RW  Size (RW Data + ZI Data)             19104 (  18.66kB)
    Total ROM Size (Code + RO Data + RW Data)      71704 (  70.02kB)

==============================================================================

