<html>
<body>
<pre>
<h1>µVision Build Log</h1>
<h2>Tool Versions:</h2>
IDE-Version: µVision V5.24.2.0
Copyright (C) 2017 ARM Ltd and ARM Germany GmbH. All rights reserved.
License Information: Jvbx  , Hekata, LIC=MGX2Z-JKA1V-GNZA5-GQA67-5FI8M-CHI9U
 
Tool Versions:
Toolchain:       MDK-ARM Professional  Version: 5.24.1
Toolchain Path:  D:\Keil_v5\ARM\ARMCC6.10\Bin
C Compiler:      Armcc.exe
Assembler:       Armasm.exe V6.10.1
Linker/Locator:  ArmLink.exe
Library Manager: ArmAr.exe V6.10.1
Hex Converter:   FromElf.exe
CPU DLL:         SARMCM3.DLL V5.24.1
Dialog DLL:      DCM.DLL V1.16.0.0
Target DLL:      STLink\ST-LINKIII-KEIL_SWO.dll V3.0.1.0
Dialog DLL:      TCM.DLL V1.32.0.0
 
<h2>Project:</h2>
D:\users\user\desktop\festral_unicore\v2.0\Radio\FSTRL_FATFS\MDK-ARM\FSTRL_FATFS.uvprojx
Project File Date:  08/24/2018

<h2>Output:</h2>
*** Using Compiler 'V6.10.1', folder: 'D:\Keil_v5\ARM\ARMCC6.10\Bin'
Build target 'FSTRL_FATFS'
compiling nrf24l01.c...
linking...
Program Size: Code=66440 RO-data=1956 RW-data=332 ZI-data=37524  
FromELF: creating hex file...
".\FSTRL_FATFS.axf" - 0 Error(s), 0 Warning(s).

<h2>Software Packages used:</h2>

Package Vendor: ARM
                http://www.keil.com/pack/ARM.CMSIS.5.4.0.pack
                ARM.CMSIS.5.4.0
                CMSIS (Cortex Microcontroller Software Interface Standard)
   * Component: CORE Version: 5.1.2

Package Vendor: Keil
                http://www.keil.com/pack/Keil.ARM_Compiler.1.5.0.pack
                Keil.ARM_Compiler.1.5.0
                Keil ARM Compiler extensions for ARM Compiler 5 and ARM Compiler 6
   * Component: STDOUT Variant: ITM Version: 1.2.0
   * Component: STDIN Variant: ITM Version: 1.2.0
   * Component: STDERR Variant: ITM Version: 1.2.0

Package Vendor: Keil
                http://www.keil.com/pack/Keil.STM32F4xx_DFP.2.13.0.pack
                Keil.STM32F4xx_DFP.2.13.0
                STMicroelectronics STM32F4 Series Device Support, Drivers and Examples

<h2>Collection of Component include folders:</h2>
  .\RTE\_FSTRL_FATFS
  D:\Keil_v5\ARM\PACK\ARM\CMSIS\5.4.0\CMSIS\Core\Include
  D:\Keil_v5\ARM\PACK\Keil\STM32F4xx_DFP\2.13.0\Drivers\CMSIS\Device\ST\STM32F4xx\Include

<h2>Collection of Component Files used:</h2>

   * Component: Keil.ARM Compiler::Compiler:I/O:STDOUT:ITM:1.2.0
      Source file:   Source\retarget_io.c

   * Component: Keil.ARM Compiler::Compiler:I/O:STDIN:ITM:1.2.0
      Source file:   Source\retarget_io.c

   * Component: Keil.ARM Compiler::Compiler:I/O:STDERR:ITM:1.2.0
      Source file:   Source\retarget_io.c

   * Component: ARM::CMSIS:CORE:5.1.2
Build Time Elapsed:  00:00:02
</pre>
</body>
</html>
